EN dcm_50m NULL /home/nick/git-repos/Physics301-Fall2018-NL-RC/goodies/DCM_50M.vhd sub00/vhpl00 1540333240
AR seven_seg behavioral /home/nick/git-repos/Physics301-Fall2018-NL-RC/Lab8/Exp4/seven_seg.vhf sub00/vhpl17 1540333251
EN exp4 NULL /home/nick/git-repos/Physics301-Fall2018-NL-RC/Lab8/Exp4/Exp4.vhf sub00/vhpl06 1540333256
EN ssd_1dig NULL /home/nick/git-repos/Physics301-Fall2018-NL-RC/goodies/SSD_1dig.vhd sub00/vhpl08 1540333242
EN sel_strobeb NULL /home/nick/git-repos/Physics301-Fall2018-NL-RC/goodies/sel_strobeB.vhd sub00/vhpl10 1540333244
EN seven_seg NULL /home/nick/git-repos/Physics301-Fall2018-NL-RC/Lab8/Exp4/seven_seg.vhf sub00/vhpl16 1540333250
AR exp4 behavioral /home/nick/git-repos/Physics301-Fall2018-NL-RC/Lab8/Exp4/Exp4.vhf sub00/vhpl07 1540333257
AR mux4ssd behavioral /home/nick/git-repos/Physics301-Fall2018-NL-RC/goodies/mux4SSD.vhd sub00/vhpl15 1540333249
AR fjkpe_mxilinx_exp4 behavioral /home/nick/git-repos/Physics301-Fall2018-NL-RC/Lab8/Exp4/Exp4.vhf sub00/vhpl03 1540333253
EN bin2bcd3en NULL /home/nick/git-repos/Physics301-Fall2018-NL-RC/goodies/bin2BCD3en.vhd sub00/vhpl12 1540333246
AR ssd_1dig behavioral /home/nick/git-repos/Physics301-Fall2018-NL-RC/goodies/SSD_1dig.vhd sub00/vhpl09 1540333243
AR sel_strobeb behavioral /home/nick/git-repos/Physics301-Fall2018-NL-RC/goodies/sel_strobeB.vhd sub00/vhpl11 1540333245
EN mux4ssd NULL /home/nick/git-repos/Physics301-Fall2018-NL-RC/goodies/mux4SSD.vhd sub00/vhpl14 1540333248
EN fjkpe_mxilinx_exp4 NULL /home/nick/git-repos/Physics301-Fall2018-NL-RC/Lab8/Exp4/Exp4.vhf sub00/vhpl02 1540333252
EN fjkce_mxilinx_exp4 NULL /home/nick/git-repos/Physics301-Fall2018-NL-RC/Lab8/Exp4/Exp4.vhf sub00/vhpl04 1540333254
AR bin2bcd3en behavioral /home/nick/git-repos/Physics301-Fall2018-NL-RC/goodies/bin2BCD3en.vhd sub00/vhpl13 1540333247
AR fjkce_mxilinx_exp4 behavioral /home/nick/git-repos/Physics301-Fall2018-NL-RC/Lab8/Exp4/Exp4.vhf sub00/vhpl05 1540333255
AR dcm_50m behavioral /home/nick/git-repos/Physics301-Fall2018-NL-RC/goodies/DCM_50M.vhd sub00/vhpl01 1540333241
