EN muxlife_muser_exp10 NULL /home/nick/git-repos/Physics301-Fall2018-NL-RC/Lab7/Exp10/Exp10.vhf sub00/vhpl18 1539808857
AR muxlife behavioral /home/nick/git-repos/Physics301-Fall2018-NL-RC/Lab7/Exp10/MUXLIFE.vhf sub00/vhpl25 1539808876
EN m2_1e_mxilinx_exp10 NULL /home/nick/git-repos/Physics301-Fall2018-NL-RC/Lab7/Exp10/Exp10.vhf sub00/vhpl14 1539808853
EN ssd_1dig NULL /home/nick/git-repos/Physics301-Fall2018-NL-RC/goodies/SSD_1dig.vhd sub00/vhpl00 1539808851
EN sel_strobeb NULL /home/nick/git-repos/Physics301-Fall2018-NL-RC/goodies/sel_strobeB.vhd sub00/vhpl26 1539744365
EN m2_1e_mxilinx_muxlife NULL /home/nick/git-repos/Physics301-Fall2018-NL-RC/Lab7/Exp10/MUXLIFE.vhf sub00/vhpl20 1539808871
EN muxlife NULL /home/nick/git-repos/Physics301-Fall2018-NL-RC/Lab7/Exp10/MUXLIFE.vhf sub00/vhpl24 1539808875
EN fd4ce_mxilinx_memory NULL /home/nick/git-repos/Physics301-Fall2018-NL-RC/Lab7/Exp10/Memory.vhf sub00/vhpl10 1539808867
AR exp10 behavioral /home/nick/git-repos/Physics301-Fall2018-NL-RC/Lab7/Exp10/Exp10.vhf sub00/vhpl09 1539808866
AR mux4ssd behavioral /home/nick/git-repos/Physics301-Fall2018-NL-RC/goodies/mux4SSD.vhd sub00/vhpl29 1539808850
EN d3_8e_mxilinx_exp10 NULL /home/nick/git-repos/Physics301-Fall2018-NL-RC/Lab7/Exp10/Exp10.vhf sub00/vhpl06 1539808863
AR m8_1e_mxilinx_exp10 behavioral /home/nick/git-repos/Physics301-Fall2018-NL-RC/Lab7/Exp10/Exp10.vhf sub00/vhpl17 1539808856
AR m8_1e_mxilinx_muxlife behavioral /home/nick/git-repos/Physics301-Fall2018-NL-RC/Lab7/Exp10/MUXLIFE.vhf sub00/vhpl23 1539808874
AR memory_muser_exp10 behavioral /home/nick/git-repos/Physics301-Fall2018-NL-RC/Lab7/Exp10/Exp10.vhf sub00/vhpl05 1539808862
EN memory NULL /home/nick/git-repos/Physics301-Fall2018-NL-RC/Lab7/Exp10/Memory.vhf sub00/vhpl12 1539808869
AR ssd_1dig behavioral /home/nick/git-repos/Physics301-Fall2018-NL-RC/goodies/SSD_1dig.vhd sub00/vhpl01 1539808852
AR sel_strobeb behavioral /home/nick/git-repos/Physics301-Fall2018-NL-RC/goodies/sel_strobeB.vhd sub00/vhpl27 1539744366
AR m2_1e_mxilinx_exp10 behavioral /home/nick/git-repos/Physics301-Fall2018-NL-RC/Lab7/Exp10/Exp10.vhf sub00/vhpl15 1539808854
EN mux4ssd NULL /home/nick/git-repos/Physics301-Fall2018-NL-RC/goodies/mux4SSD.vhd sub00/vhpl28 1539808849
EN m8_1e_mxilinx_muxlife NULL /home/nick/git-repos/Physics301-Fall2018-NL-RC/Lab7/Exp10/MUXLIFE.vhf sub00/vhpl22 1539808873
AR memory behavioral /home/nick/git-repos/Physics301-Fall2018-NL-RC/Lab7/Exp10/Memory.vhf sub00/vhpl13 1539808870
EN m8_1e_mxilinx_exp10 NULL /home/nick/git-repos/Physics301-Fall2018-NL-RC/Lab7/Exp10/Exp10.vhf sub00/vhpl16 1539808855
AR muxlife_muser_exp10 behavioral /home/nick/git-repos/Physics301-Fall2018-NL-RC/Lab7/Exp10/Exp10.vhf sub00/vhpl19 1539808858
EN fd4ce_mxilinx_exp10 NULL /home/nick/git-repos/Physics301-Fall2018-NL-RC/Lab7/Exp10/Exp10.vhf sub00/vhpl02 1539808859
EN exp10 NULL /home/nick/git-repos/Physics301-Fall2018-NL-RC/Lab7/Exp10/Exp10.vhf sub00/vhpl08 1539808865
AR fd4ce_mxilinx_exp10 behavioral /home/nick/git-repos/Physics301-Fall2018-NL-RC/Lab7/Exp10/Exp10.vhf sub00/vhpl03 1539808860
AR d3_8e_mxilinx_exp10 behavioral /home/nick/git-repos/Physics301-Fall2018-NL-RC/Lab7/Exp10/Exp10.vhf sub00/vhpl07 1539808864
EN memory_muser_exp10 NULL /home/nick/git-repos/Physics301-Fall2018-NL-RC/Lab7/Exp10/Exp10.vhf sub00/vhpl04 1539808861
AR fd4ce_mxilinx_memory behavioral /home/nick/git-repos/Physics301-Fall2018-NL-RC/Lab7/Exp10/Memory.vhf sub00/vhpl11 1539808868
AR m2_1e_mxilinx_muxlife behavioral /home/nick/git-repos/Physics301-Fall2018-NL-RC/Lab7/Exp10/MUXLIFE.vhf sub00/vhpl21 1539808872
