EN muxlife_muser_exp10 NULL /home/nick/git-repos/Physics301-Fall2018-NL-RC/Lab7/Exp10/Exp10.vhf sub00/vhpl18 1539744552
AR muxlife behavioral /home/nick/git-repos/Physics301-Fall2018-NL-RC/Lab7/Exp10/MUXLIFE.vhf sub00/vhpl25 1539744571
EN m2_1e_mxilinx_exp10 NULL /home/nick/git-repos/Physics301-Fall2018-NL-RC/Lab7/Exp10/Exp10.vhf sub00/vhpl14 1539744548
EN ssd_1dig NULL /home/nick/git-repos/Physics301-Fall2018-NL-RC/goodies/SSD_1dig.vhd sub00/vhpl00 1539744363
EN sel_strobeb NULL /home/nick/git-repos/Physics301-Fall2018-NL-RC/goodies/sel_strobeB.vhd sub00/vhpl26 1539744365
EN m2_1e_mxilinx_muxlife NULL /home/nick/git-repos/Physics301-Fall2018-NL-RC/Lab7/Exp10/MUXLIFE.vhf sub00/vhpl20 1539744566
EN muxlife NULL /home/nick/git-repos/Physics301-Fall2018-NL-RC/Lab7/Exp10/MUXLIFE.vhf sub00/vhpl24 1539744570
EN fd4ce_mxilinx_memory NULL /home/nick/git-repos/Physics301-Fall2018-NL-RC/Lab7/Exp10/Memory.vhf sub00/vhpl10 1539744562
AR exp10 behavioral /home/nick/git-repos/Physics301-Fall2018-NL-RC/Lab7/Exp10/Exp10.vhf sub00/vhpl09 1539744561
AR mux4ssd behavioral /home/nick/git-repos/Physics301-Fall2018-NL-RC/goodies/mux4SSD.vhd sub00/vhpl29 1539744547
EN d3_8e_mxilinx_exp10 NULL /home/nick/git-repos/Physics301-Fall2018-NL-RC/Lab7/Exp10/Exp10.vhf sub00/vhpl06 1539744558
AR m8_1e_mxilinx_exp10 behavioral /home/nick/git-repos/Physics301-Fall2018-NL-RC/Lab7/Exp10/Exp10.vhf sub00/vhpl17 1539744551
AR m8_1e_mxilinx_muxlife behavioral /home/nick/git-repos/Physics301-Fall2018-NL-RC/Lab7/Exp10/MUXLIFE.vhf sub00/vhpl23 1539744569
AR memory_muser_exp10 behavioral /home/nick/git-repos/Physics301-Fall2018-NL-RC/Lab7/Exp10/Exp10.vhf sub00/vhpl05 1539744557
EN memory NULL /home/nick/git-repos/Physics301-Fall2018-NL-RC/Lab7/Exp10/Memory.vhf sub00/vhpl12 1539744564
AR ssd_1dig behavioral /home/nick/git-repos/Physics301-Fall2018-NL-RC/goodies/SSD_1dig.vhd sub00/vhpl01 1539744364
AR sel_strobeb behavioral /home/nick/git-repos/Physics301-Fall2018-NL-RC/goodies/sel_strobeB.vhd sub00/vhpl27 1539744366
AR m2_1e_mxilinx_exp10 behavioral /home/nick/git-repos/Physics301-Fall2018-NL-RC/Lab7/Exp10/Exp10.vhf sub00/vhpl15 1539744549
EN mux4ssd NULL /home/nick/git-repos/Physics301-Fall2018-NL-RC/goodies/mux4SSD.vhd sub00/vhpl28 1539744546
EN m8_1e_mxilinx_muxlife NULL /home/nick/git-repos/Physics301-Fall2018-NL-RC/Lab7/Exp10/MUXLIFE.vhf sub00/vhpl22 1539744568
AR memory behavioral /home/nick/git-repos/Physics301-Fall2018-NL-RC/Lab7/Exp10/Memory.vhf sub00/vhpl13 1539744565
EN m8_1e_mxilinx_exp10 NULL /home/nick/git-repos/Physics301-Fall2018-NL-RC/Lab7/Exp10/Exp10.vhf sub00/vhpl16 1539744550
AR muxlife_muser_exp10 behavioral /home/nick/git-repos/Physics301-Fall2018-NL-RC/Lab7/Exp10/Exp10.vhf sub00/vhpl19 1539744553
EN fd4ce_mxilinx_exp10 NULL /home/nick/git-repos/Physics301-Fall2018-NL-RC/Lab7/Exp10/Exp10.vhf sub00/vhpl02 1539744554
EN exp10 NULL /home/nick/git-repos/Physics301-Fall2018-NL-RC/Lab7/Exp10/Exp10.vhf sub00/vhpl08 1539744560
AR fd4ce_mxilinx_exp10 behavioral /home/nick/git-repos/Physics301-Fall2018-NL-RC/Lab7/Exp10/Exp10.vhf sub00/vhpl03 1539744555
AR d3_8e_mxilinx_exp10 behavioral /home/nick/git-repos/Physics301-Fall2018-NL-RC/Lab7/Exp10/Exp10.vhf sub00/vhpl07 1539744559
EN memory_muser_exp10 NULL /home/nick/git-repos/Physics301-Fall2018-NL-RC/Lab7/Exp10/Exp10.vhf sub00/vhpl04 1539744556
AR fd4ce_mxilinx_memory behavioral /home/nick/git-repos/Physics301-Fall2018-NL-RC/Lab7/Exp10/Memory.vhf sub00/vhpl11 1539744563
AR m2_1e_mxilinx_muxlife behavioral /home/nick/git-repos/Physics301-Fall2018-NL-RC/Lab7/Exp10/MUXLIFE.vhf sub00/vhpl21 1539744567
