V3 73
FL /home/nick/git-repos/Physics301-Fall2018-NL-RC/goodies/bin2BCD3en.vhd 2018/10/06.21:00:18 P.68d
EN work/bin2BCD3en 1539889505 \
      FL /home/nick/git-repos/Physics301-Fall2018-NL-RC/goodies/bin2BCD3en.vhd \
      PB ieee/std_logic_1164 1370735607 PB ieee/std_logic_arith 1370735608 \
      PB ieee/STD_LOGIC_UNSIGNED 1370735609 LB UNISIM PH unisim/VCOMPONENTS 1370735613
AR work/bin2BCD3en/Behavioral 1539889506 \
      FL /home/nick/git-repos/Physics301-Fall2018-NL-RC/goodies/bin2BCD3en.vhd \
      EN work/bin2BCD3en 1539889505
FL /home/nick/git-repos/Physics301-Fall2018-NL-RC/goodies/DCM_50M.vhd 2018/10/06.21:00:18 P.68d
EN work/DCM_50M 1539889507 \
      FL /home/nick/git-repos/Physics301-Fall2018-NL-RC/goodies/DCM_50M.vhd \
      PB ieee/std_logic_1164 1370735607
AR work/DCM_50M/Behavioral 1539889508 \
      FL /home/nick/git-repos/Physics301-Fall2018-NL-RC/goodies/DCM_50M.vhd \
      EN work/DCM_50M 1539889507
FL /home/nick/git-repos/Physics301-Fall2018-NL-RC/goodies/mux4SSD.vhd 2018/10/06.21:00:18 P.68d
EN work/mux4SSD 1539889501 \
      FL /home/nick/git-repos/Physics301-Fall2018-NL-RC/goodies/mux4SSD.vhd \
      PB ieee/std_logic_1164 1370735607 PB ieee/std_logic_arith 1370735608 \
      PB ieee/STD_LOGIC_UNSIGNED 1370735609
AR work/mux4SSD/Behavioral 1539889502 \
      FL /home/nick/git-repos/Physics301-Fall2018-NL-RC/goodies/mux4SSD.vhd \
      EN work/mux4SSD 1539889501
FL /home/nick/git-repos/Physics301-Fall2018-NL-RC/goodies/sel_strobeB.vhd 2018/10/06.21:00:18 P.68d
EN work/sel_strobeB 1539889509 \
      FL /home/nick/git-repos/Physics301-Fall2018-NL-RC/goodies/sel_strobeB.vhd \
      PB ieee/std_logic_1164 1370735607 PB ieee/std_logic_arith 1370735608 \
      PB ieee/STD_LOGIC_UNSIGNED 1370735609
AR work/sel_strobeB/Behavioral 1539889510 \
      FL /home/nick/git-repos/Physics301-Fall2018-NL-RC/goodies/sel_strobeB.vhd \
      EN work/sel_strobeB 1539889509
FL /home/nick/git-repos/Physics301-Fall2018-NL-RC/goodies/SSD_1dig.vhd 2018/10/06.21:00:18 P.68d
EN work/SSD_1dig 1539889503 \
      FL /home/nick/git-repos/Physics301-Fall2018-NL-RC/goodies/SSD_1dig.vhd \
      PB ieee/std_logic_1164 1370735607 PB ieee/std_logic_arith 1370735608 \
      PB ieee/STD_LOGIC_UNSIGNED 1370735609
AR work/SSD_1dig/Behavioral 1539889504 \
      FL /home/nick/git-repos/Physics301-Fall2018-NL-RC/goodies/SSD_1dig.vhd \
      EN work/SSD_1dig 1539889503
FL /home/nick/git-repos/Physics301-Fall2018-NL-RC/Lab7/Exp10/ADDisplay.vhf 2018/10/18.12:04:25 P.68d
EN work/ADDisplay 1539889537 \
      FL /home/nick/git-repos/Physics301-Fall2018-NL-RC/Lab7/Exp10/ADDisplay.vhf \
      PB ieee/std_logic_1164 1370735607 PB ieee/NUMERIC_STD 1370735611 LB UNISIM \
      PH unisim/VCOMPONENTS 1370735613
AR work/ADDisplay/BEHAVIORAL 1539889538 \
      FL /home/nick/git-repos/Physics301-Fall2018-NL-RC/Lab7/Exp10/ADDisplay.vhf \
      EN work/ADDisplay 1539889537 CP mux4SSD CP SSD_1dig CP bin2BCD3en CP DCM_50M \
      CP sel_strobeB
FL /home/nick/git-repos/Physics301-Fall2018-NL-RC/Lab7/Exp10/Exp10.vhf 2018/10/18.12:04:58 P.68d
EN work/ADDisplay_MUSER_Exp10 1539889511 \
      FL /home/nick/git-repos/Physics301-Fall2018-NL-RC/Lab7/Exp10/Exp10.vhf \
      PB ieee/std_logic_1164 1370735607 PB ieee/NUMERIC_STD 1370735611 LB UNISIM \
      PH unisim/VCOMPONENTS 1370735613
AR work/ADDisplay_MUSER_Exp10/BEHAVIORAL 1539889512 \
      FL /home/nick/git-repos/Physics301-Fall2018-NL-RC/Lab7/Exp10/Exp10.vhf \
      EN work/ADDisplay_MUSER_Exp10 1539889511 CP mux4SSD CP bin2BCD3en CP DCM_50M \
      CP SSD_1dig
EN work/M2_1E_MXILINX_Exp10 1539889513 \
      FL /home/nick/git-repos/Physics301-Fall2018-NL-RC/Lab7/Exp10/Exp10.vhf \
      PB ieee/std_logic_1164 1370735607 PB ieee/NUMERIC_STD 1370735611 LB UNISIM \
      PH unisim/VCOMPONENTS 1370735613
AR work/M2_1E_MXILINX_Exp10/BEHAVIORAL 1539889514 \
      FL /home/nick/git-repos/Physics301-Fall2018-NL-RC/Lab7/Exp10/Exp10.vhf \
      EN work/M2_1E_MXILINX_Exp10 1539889513 CP AND3 CP AND3B1 CP OR2
EN work/M8_1E_MXILINX_Exp10 1539889515 \
      FL /home/nick/git-repos/Physics301-Fall2018-NL-RC/Lab7/Exp10/Exp10.vhf \
      PB ieee/std_logic_1164 1370735607 PB ieee/NUMERIC_STD 1370735611 LB UNISIM \
      PH unisim/VCOMPONENTS 1370735613
AR work/M8_1E_MXILINX_Exp10/BEHAVIORAL 1539889516 \
      FL /home/nick/git-repos/Physics301-Fall2018-NL-RC/Lab7/Exp10/Exp10.vhf \
      EN work/M8_1E_MXILINX_Exp10 1539889515 CP M2_1E_MXILINX_Exp10 CP MUXF5_L \
      CP MUXF6
EN work/MUXLIFE_MUSER_Exp10 1539889517 \
      FL /home/nick/git-repos/Physics301-Fall2018-NL-RC/Lab7/Exp10/Exp10.vhf \
      PB ieee/std_logic_1164 1370735607 PB ieee/NUMERIC_STD 1370735611 LB UNISIM \
      PH unisim/VCOMPONENTS 1370735613
AR work/MUXLIFE_MUSER_Exp10/BEHAVIORAL 1539889518 \
      FL /home/nick/git-repos/Physics301-Fall2018-NL-RC/Lab7/Exp10/Exp10.vhf \
      EN work/MUXLIFE_MUSER_Exp10 1539889517 CP M8_1E_MXILINX_Exp10
EN work/FD4CE_MXILINX_Exp10 1539889519 \
      FL /home/nick/git-repos/Physics301-Fall2018-NL-RC/Lab7/Exp10/Exp10.vhf \
      PB ieee/std_logic_1164 1370735607 PB ieee/NUMERIC_STD 1370735611 LB UNISIM \
      PH unisim/VCOMPONENTS 1370735613
AR work/FD4CE_MXILINX_Exp10/BEHAVIORAL 1539889520 \
      FL /home/nick/git-repos/Physics301-Fall2018-NL-RC/Lab7/Exp10/Exp10.vhf \
      EN work/FD4CE_MXILINX_Exp10 1539889519 CP FDCE
EN work/Memory_MUSER_Exp10 1539889521 \
      FL /home/nick/git-repos/Physics301-Fall2018-NL-RC/Lab7/Exp10/Exp10.vhf \
      PB ieee/std_logic_1164 1370735607 PB ieee/NUMERIC_STD 1370735611 LB UNISIM \
      PH unisim/VCOMPONENTS 1370735613
AR work/Memory_MUSER_Exp10/BEHAVIORAL 1539889522 \
      FL /home/nick/git-repos/Physics301-Fall2018-NL-RC/Lab7/Exp10/Exp10.vhf \
      EN work/Memory_MUSER_Exp10 1539889521 CP FD4CE_MXILINX_Exp10
EN work/D3_8E_MXILINX_Exp10 1539889523 \
      FL /home/nick/git-repos/Physics301-Fall2018-NL-RC/Lab7/Exp10/Exp10.vhf \
      PB ieee/std_logic_1164 1370735607 PB ieee/NUMERIC_STD 1370735611 LB UNISIM \
      PH unisim/VCOMPONENTS 1370735613
AR work/D3_8E_MXILINX_Exp10/BEHAVIORAL 1539889524 \
      FL /home/nick/git-repos/Physics301-Fall2018-NL-RC/Lab7/Exp10/Exp10.vhf \
      EN work/D3_8E_MXILINX_Exp10 1539889523 CP AND4 CP AND4B1 CP AND4B2 CP AND4B3
EN work/Exp10 1539889525 \
      FL /home/nick/git-repos/Physics301-Fall2018-NL-RC/Lab7/Exp10/Exp10.vhf \
      PB ieee/std_logic_1164 1370735607 PB ieee/NUMERIC_STD 1370735611 LB UNISIM \
      PH unisim/VCOMPONENTS 1370735613
AR work/Exp10/BEHAVIORAL 1539889526 \
      FL /home/nick/git-repos/Physics301-Fall2018-NL-RC/Lab7/Exp10/Exp10.vhf \
      EN work/Exp10 1539889525 CP D3_8E_MXILINX_Exp10 CP Memory_MUSER_Exp10 \
      CP MUXLIFE_MUSER_Exp10 CP ADDisplay_MUSER_Exp10
FL /home/nick/git-repos/Physics301-Fall2018-NL-RC/Lab7/Exp10/Memory.vhf 2018/10/16.18:11:16 P.68d
EN work/FD4CE_MXILINX_Memory 1539889527 \
      FL /home/nick/git-repos/Physics301-Fall2018-NL-RC/Lab7/Exp10/Memory.vhf \
      PB ieee/std_logic_1164 1370735607 PB ieee/NUMERIC_STD 1370735611 LB UNISIM \
      PH unisim/VCOMPONENTS 1370735613
AR work/FD4CE_MXILINX_Memory/BEHAVIORAL 1539889528 \
      FL /home/nick/git-repos/Physics301-Fall2018-NL-RC/Lab7/Exp10/Memory.vhf \
      EN work/FD4CE_MXILINX_Memory 1539889527 CP FDCE
EN work/Memory 1539889529 \
      FL /home/nick/git-repos/Physics301-Fall2018-NL-RC/Lab7/Exp10/Memory.vhf \
      PB ieee/std_logic_1164 1370735607 PB ieee/NUMERIC_STD 1370735611 LB UNISIM \
      PH unisim/VCOMPONENTS 1370735613
AR work/Memory/BEHAVIORAL 1539889530 \
      FL /home/nick/git-repos/Physics301-Fall2018-NL-RC/Lab7/Exp10/Memory.vhf \
      EN work/Memory 1539889529 CP FD4CE_MXILINX_Memory
FL /home/nick/git-repos/Physics301-Fall2018-NL-RC/Lab7/Exp10/MUXLIFE.vhf 2018/10/16.18:52:32 P.68d
EN work/M2_1E_MXILINX_MUXLIFE 1539889531 \
      FL /home/nick/git-repos/Physics301-Fall2018-NL-RC/Lab7/Exp10/MUXLIFE.vhf \
      PB ieee/std_logic_1164 1370735607 PB ieee/NUMERIC_STD 1370735611 LB UNISIM \
      PH unisim/VCOMPONENTS 1370735613
AR work/M2_1E_MXILINX_MUXLIFE/BEHAVIORAL 1539889532 \
      FL /home/nick/git-repos/Physics301-Fall2018-NL-RC/Lab7/Exp10/MUXLIFE.vhf \
      EN work/M2_1E_MXILINX_MUXLIFE 1539889531 CP AND3 CP AND3B1 CP OR2
EN work/M8_1E_MXILINX_MUXLIFE 1539889533 \
      FL /home/nick/git-repos/Physics301-Fall2018-NL-RC/Lab7/Exp10/MUXLIFE.vhf \
      PB ieee/std_logic_1164 1370735607 PB ieee/NUMERIC_STD 1370735611 LB UNISIM \
      PH unisim/VCOMPONENTS 1370735613
AR work/M8_1E_MXILINX_MUXLIFE/BEHAVIORAL 1539889534 \
      FL /home/nick/git-repos/Physics301-Fall2018-NL-RC/Lab7/Exp10/MUXLIFE.vhf \
      EN work/M8_1E_MXILINX_MUXLIFE 1539889533 CP M2_1E_MXILINX_MUXLIFE CP MUXF5_L \
      CP MUXF6
EN work/MUXLIFE 1539889535 \
      FL /home/nick/git-repos/Physics301-Fall2018-NL-RC/Lab7/Exp10/MUXLIFE.vhf \
      PB ieee/std_logic_1164 1370735607 PB ieee/NUMERIC_STD 1370735611 LB UNISIM \
      PH unisim/VCOMPONENTS 1370735613
AR work/MUXLIFE/BEHAVIORAL 1539889536 \
      FL /home/nick/git-repos/Physics301-Fall2018-NL-RC/Lab7/Exp10/MUXLIFE.vhf \
      EN work/MUXLIFE 1539889535 CP M8_1E_MXILINX_MUXLIFE
