AR muxb_muser_exp5 behavioral /home/nick/git-repos/Physics301-Fall2018-NL-RC/Lab9/Lab9/Exp5/Exp5.vhf sub00/vhpl17 1542151899
EN dcm_50m NULL /home/nick/git-repos/Physics301-Fall2018-NL-RC/goodies/DCM_50M.vhd sub00/vhpl06 1542151884
AR muxa_muser_exp5 behavioral /home/nick/git-repos/Physics301-Fall2018-NL-RC/Lab9/Lab9/Exp5/Exp5.vhf sub00/vhpl21 1542151903
EN d2_4e_mxilinx_exp5 NULL /home/nick/git-repos/Physics301-Fall2018-NL-RC/Lab9/Lab9/Exp5/Exp5.vhf sub00/vhpl32 1542148949
EN m2_1_mxilinx_exp5 NULL /home/nick/git-repos/Physics301-Fall2018-NL-RC/Lab9/Lab9/Exp5/Exp5.vhf sub00/vhpl18 1542151900
AR m4_1e_mxilinx_muxb behavioral /home/nick/git-repos/Physics301-Fall2018-NL-RC/Lab9/Lab9/Exp5/muxB.vhf sub00/vhpl45 1542151921
AR m4_1e_mxilinx_exp5 behavioral /home/nick/git-repos/Physics301-Fall2018-NL-RC/Lab9/Lab9/Exp5/Exp5.vhf sub00/vhpl15 1542151897
AR cb4cled_mxilinx_exp5 behavioral /home/nick/git-repos/Physics301-Fall2018-NL-RC/Lab9/Lab9/Exp5/Exp5.vhf sub00/vhpl29 1542151909
EN d4_16e_mxilinx_exp5 NULL /home/nick/git-repos/Physics301-Fall2018-NL-RC/Lab9/Lab9/Exp5/Exp5.vhf sub00/vhpl30 1542151910
EN displaymodule NULL /home/nick/git-repos/Physics301-Fall2018-NL-RC/Lab9/Lab9/Exp5/DisplayModule.vhf sub00/vhpl10 1542151888
EN m4_1e_mxilinx_exp5 NULL /home/nick/git-repos/Physics301-Fall2018-NL-RC/Lab9/Lab9/Exp5/Exp5.vhf sub00/vhpl14 1542151896
EN muxa_muser_exp5 NULL /home/nick/git-repos/Physics301-Fall2018-NL-RC/Lab9/Lab9/Exp5/Exp5.vhf sub00/vhpl20 1542151902
EN exp5 NULL /home/nick/git-repos/Physics301-Fall2018-NL-RC/Lab9/Lab9/Exp5/Exp5.vhf sub00/vhpl36 1542151912
EN ssd_1dig NULL /home/nick/git-repos/Physics301-Fall2018-NL-RC/goodies/SSD_1dig.vhd sub00/vhpl04 1542151882
EN sel_strobeb NULL /home/nick/git-repos/Physics301-Fall2018-NL-RC/goodies/sel_strobeB.vhd sub00/vhpl08 1542151886
EN adsu8_mxilinx_exp5 NULL /home/nick/git-repos/Physics301-Fall2018-NL-RC/Lab9/Lab9/Exp5/Exp5.vhf sub00/vhpl22 1542151890
AR ftclex_mxilinx_exp5 behavioral /home/nick/git-repos/Physics301-Fall2018-NL-RC/Lab9/Lab9/Exp5/Exp5.vhf sub00/vhpl27 1542151907
AR muxa behavioral /home/nick/git-repos/Physics301-Fall2018-NL-RC/Lab9/Lab9/Exp5/muxA.vhf sub00/vhpl41 1542151917
EN m2_1b1_mxilinx_exp5 NULL /home/nick/git-repos/Physics301-Fall2018-NL-RC/Lab9/Lab9/Exp5/Exp5.vhf sub00/vhpl24 1542151904
AR mux4ssd behavioral /home/nick/git-repos/Physics301-Fall2018-NL-RC/goodies/mux4SSD.vhd sub00/vhpl03 1542151881
EN m2_1_mxilinx_muxa NULL /home/nick/git-repos/Physics301-Fall2018-NL-RC/Lab9/Lab9/Exp5/muxA.vhf sub00/vhpl38 1542151914
AR fd8ce_mxilinx_exp5 behavioral /home/nick/git-repos/Physics301-Fall2018-NL-RC/Lab9/Lab9/Exp5/Exp5.vhf sub00/vhpl49 1542151893
EN cb2cled_mxilinx_exp5 NULL /home/nick/git-repos/Physics301-Fall2018-NL-RC/Lab9/Lab9/Exp5/Exp5.vhf sub00/vhpl34 1542148951
AR d2_4e_mxilinx_exp5 behavioral /home/nick/git-repos/Physics301-Fall2018-NL-RC/Lab9/Lab9/Exp5/Exp5.vhf sub00/vhpl33 1542148950
AR cb2cled_mxilinx_exp5 behavioral /home/nick/git-repos/Physics301-Fall2018-NL-RC/Lab9/Lab9/Exp5/Exp5.vhf sub00/vhpl35 1542148952
EN fd8ce_mxilinx_exp5 NULL /home/nick/git-repos/Physics301-Fall2018-NL-RC/Lab9/Lab9/Exp5/Exp5.vhf sub00/vhpl48 1542151892
EN m4_1e_mxilinx_muxb NULL /home/nick/git-repos/Physics301-Fall2018-NL-RC/Lab9/Lab9/Exp5/muxB.vhf sub00/vhpl44 1542151920
AR m2_1e_mxilinx_muxb behavioral /home/nick/git-repos/Physics301-Fall2018-NL-RC/Lab9/Lab9/Exp5/muxB.vhf sub00/vhpl43 1542151919
AR m2_1e_mxilinx_exp5 behavioral /home/nick/git-repos/Physics301-Fall2018-NL-RC/Lab9/Lab9/Exp5/Exp5.vhf sub00/vhpl13 1542151895
EN muxa NULL /home/nick/git-repos/Physics301-Fall2018-NL-RC/Lab9/Lab9/Exp5/muxA.vhf sub00/vhpl40 1542151916
EN muxb NULL /home/nick/git-repos/Physics301-Fall2018-NL-RC/Lab9/Lab9/Exp5/muxB.vhf sub00/vhpl46 1542151922
AR displaymodule behavioral /home/nick/git-repos/Physics301-Fall2018-NL-RC/Lab9/Lab9/Exp5/DisplayModule.vhf sub00/vhpl11 1542151889
AR m2_1_mxilinx_exp5 behavioral /home/nick/git-repos/Physics301-Fall2018-NL-RC/Lab9/Lab9/Exp5/Exp5.vhf sub00/vhpl19 1542151901
EN bin2bcd3en NULL /home/nick/git-repos/Physics301-Fall2018-NL-RC/goodies/bin2BCD3en.vhd sub00/vhpl00 1542151878
AR d4_16e_mxilinx_exp5 behavioral /home/nick/git-repos/Physics301-Fall2018-NL-RC/Lab9/Lab9/Exp5/Exp5.vhf sub00/vhpl31 1542151911
AR ssd_1dig behavioral /home/nick/git-repos/Physics301-Fall2018-NL-RC/goodies/SSD_1dig.vhd sub00/vhpl05 1542151883
AR sel_strobeb behavioral /home/nick/git-repos/Physics301-Fall2018-NL-RC/goodies/sel_strobeB.vhd sub00/vhpl09 1542151887
EN muxb_muser_exp5 NULL /home/nick/git-repos/Physics301-Fall2018-NL-RC/Lab9/Lab9/Exp5/Exp5.vhf sub00/vhpl16 1542151898
EN mux4ssd NULL /home/nick/git-repos/Physics301-Fall2018-NL-RC/goodies/mux4SSD.vhd sub00/vhpl02 1542151880
EN m2_1e_mxilinx_exp5 NULL /home/nick/git-repos/Physics301-Fall2018-NL-RC/Lab9/Lab9/Exp5/Exp5.vhf sub00/vhpl12 1542151894
AR muxb behavioral /home/nick/git-repos/Physics301-Fall2018-NL-RC/Lab9/Lab9/Exp5/muxB.vhf sub00/vhpl47 1542151923
AR exp5 behavioral /home/nick/git-repos/Physics301-Fall2018-NL-RC/Lab9/Lab9/Exp5/Exp5.vhf sub00/vhpl37 1542151913
AR m2_1b1_mxilinx_exp5 behavioral /home/nick/git-repos/Physics301-Fall2018-NL-RC/Lab9/Lab9/Exp5/Exp5.vhf sub00/vhpl25 1542151905
EN ftclex_mxilinx_exp5 NULL /home/nick/git-repos/Physics301-Fall2018-NL-RC/Lab9/Lab9/Exp5/Exp5.vhf sub00/vhpl26 1542151906
EN cb4cled_mxilinx_exp5 NULL /home/nick/git-repos/Physics301-Fall2018-NL-RC/Lab9/Lab9/Exp5/Exp5.vhf sub00/vhpl28 1542151908
EN m2_1e_mxilinx_muxb NULL /home/nick/git-repos/Physics301-Fall2018-NL-RC/Lab9/Lab9/Exp5/muxB.vhf sub00/vhpl42 1542151918
AR adsu8_mxilinx_exp5 behavioral /home/nick/git-repos/Physics301-Fall2018-NL-RC/Lab9/Lab9/Exp5/Exp5.vhf sub00/vhpl23 1542151891
AR bin2bcd3en behavioral /home/nick/git-repos/Physics301-Fall2018-NL-RC/goodies/bin2BCD3en.vhd sub00/vhpl01 1542151879
AR m2_1_mxilinx_muxa behavioral /home/nick/git-repos/Physics301-Fall2018-NL-RC/Lab9/Lab9/Exp5/muxA.vhf sub00/vhpl39 1542151915
AR dcm_50m behavioral /home/nick/git-repos/Physics301-Fall2018-NL-RC/goodies/DCM_50M.vhd sub00/vhpl07 1542151885
