V3 61
FL /home/nick/git-repos/Physics301-Fall2018-NL-RC/goodies/bin2BCD3en.vhd 2018/10/06.21:00:18 P.68d
EN work/bin2BCD3en 1540504577 \
      FL /home/nick/git-repos/Physics301-Fall2018-NL-RC/goodies/bin2BCD3en.vhd \
      PB ieee/std_logic_1164 1370735607 PB ieee/std_logic_arith 1370735608 \
      PB ieee/STD_LOGIC_UNSIGNED 1370735609 LB UNISIM PH unisim/VCOMPONENTS 1370735613
AR work/bin2BCD3en/Behavioral 1540504578 \
      FL /home/nick/git-repos/Physics301-Fall2018-NL-RC/goodies/bin2BCD3en.vhd \
      EN work/bin2BCD3en 1540504577
FL /home/nick/git-repos/Physics301-Fall2018-NL-RC/goodies/DCM_50M.vhd 2018/10/06.21:00:18 P.68d
EN work/DCM_50M 1540504571 \
      FL /home/nick/git-repos/Physics301-Fall2018-NL-RC/goodies/DCM_50M.vhd \
      PB ieee/std_logic_1164 1370735607
AR work/DCM_50M/Behavioral 1540504572 \
      FL /home/nick/git-repos/Physics301-Fall2018-NL-RC/goodies/DCM_50M.vhd \
      EN work/DCM_50M 1540504571
FL /home/nick/git-repos/Physics301-Fall2018-NL-RC/goodies/mux4SSD.vhd 2018/10/06.21:00:18 P.68d
EN work/mux4SSD 1540504579 \
      FL /home/nick/git-repos/Physics301-Fall2018-NL-RC/goodies/mux4SSD.vhd \
      PB ieee/std_logic_1164 1370735607 PB ieee/std_logic_arith 1370735608 \
      PB ieee/STD_LOGIC_UNSIGNED 1370735609
AR work/mux4SSD/Behavioral 1540504580 \
      FL /home/nick/git-repos/Physics301-Fall2018-NL-RC/goodies/mux4SSD.vhd \
      EN work/mux4SSD 1540504579
FL /home/nick/git-repos/Physics301-Fall2018-NL-RC/goodies/sel_strobeB.vhd 2018/10/06.21:00:18 P.68d
EN work/sel_strobeB 1540504575 \
      FL /home/nick/git-repos/Physics301-Fall2018-NL-RC/goodies/sel_strobeB.vhd \
      PB ieee/std_logic_1164 1370735607 PB ieee/std_logic_arith 1370735608 \
      PB ieee/STD_LOGIC_UNSIGNED 1370735609
AR work/sel_strobeB/Behavioral 1540504576 \
      FL /home/nick/git-repos/Physics301-Fall2018-NL-RC/goodies/sel_strobeB.vhd \
      EN work/sel_strobeB 1540504575
FL /home/nick/git-repos/Physics301-Fall2018-NL-RC/goodies/SSD_1dig.vhd 2018/10/06.21:00:18 P.68d
EN work/SSD_1dig 1540504573 \
      FL /home/nick/git-repos/Physics301-Fall2018-NL-RC/goodies/SSD_1dig.vhd \
      PB ieee/std_logic_1164 1370735607 PB ieee/std_logic_arith 1370735608 \
      PB ieee/STD_LOGIC_UNSIGNED 1370735609
AR work/SSD_1dig/Behavioral 1540504574 \
      FL /home/nick/git-repos/Physics301-Fall2018-NL-RC/goodies/SSD_1dig.vhd \
      EN work/SSD_1dig 1540504573
FL /home/nick/git-repos/Physics301-Fall2018-NL-RC/Lab8/Exp7/Exp7.vhf 2018/10/25.14:56:08 P.68d
EN work/FJKC_MXILINX_Exp7 1540504583 \
      FL /home/nick/git-repos/Physics301-Fall2018-NL-RC/Lab8/Exp7/Exp7.vhf \
      PB ieee/std_logic_1164 1370735607 PB ieee/NUMERIC_STD 1370735611 LB UNISIM \
      PH unisim/VCOMPONENTS 1370735613
AR work/FJKC_MXILINX_Exp7/BEHAVIORAL 1540504584 \
      FL /home/nick/git-repos/Physics301-Fall2018-NL-RC/Lab8/Exp7/Exp7.vhf \
      EN work/FJKC_MXILINX_Exp7 1540504583 CP FDC CP AND3B2 CP AND3B1 CP OR3 \
      CP AND2B1
EN work/M2_1B1_MXILINX_Exp7 1540504585 \
      FL /home/nick/git-repos/Physics301-Fall2018-NL-RC/Lab8/Exp7/Exp7.vhf \
      PB ieee/std_logic_1164 1370735607 PB ieee/NUMERIC_STD 1370735611 LB UNISIM \
      PH unisim/VCOMPONENTS 1370735613
AR work/M2_1B1_MXILINX_Exp7/BEHAVIORAL 1540504586 \
      FL /home/nick/git-repos/Physics301-Fall2018-NL-RC/Lab8/Exp7/Exp7.vhf \
      EN work/M2_1B1_MXILINX_Exp7 1540504585 CP AND2B2 CP OR2 CP AND2
EN work/M2_1_MXILINX_Exp7 1540504587 \
      FL /home/nick/git-repos/Physics301-Fall2018-NL-RC/Lab8/Exp7/Exp7.vhf \
      PB ieee/std_logic_1164 1370735607 PB ieee/NUMERIC_STD 1370735611 LB UNISIM \
      PH unisim/VCOMPONENTS 1370735613
AR work/M2_1_MXILINX_Exp7/BEHAVIORAL 1540504588 \
      FL /home/nick/git-repos/Physics301-Fall2018-NL-RC/Lab8/Exp7/Exp7.vhf \
      EN work/M2_1_MXILINX_Exp7 1540504587 CP AND2B1 CP OR2 CP AND2
EN work/FTCLEX_MXILINX_Exp7 1540504589 \
      FL /home/nick/git-repos/Physics301-Fall2018-NL-RC/Lab8/Exp7/Exp7.vhf \
      PB ieee/std_logic_1164 1370735607 PB ieee/NUMERIC_STD 1370735611 LB UNISIM \
      PH unisim/VCOMPONENTS 1370735613
AR work/FTCLEX_MXILINX_Exp7/BEHAVIORAL 1540504590 \
      FL /home/nick/git-repos/Physics301-Fall2018-NL-RC/Lab8/Exp7/Exp7.vhf \
      EN work/FTCLEX_MXILINX_Exp7 1540504589 CP M2_1_MXILINX_Exp7 CP XOR2 CP FDCE
EN work/CB4CLED_MXILINX_Exp7 1540504591 \
      FL /home/nick/git-repos/Physics301-Fall2018-NL-RC/Lab8/Exp7/Exp7.vhf \
      PB ieee/std_logic_1164 1370735607 PB ieee/NUMERIC_STD 1370735611 LB UNISIM \
      PH unisim/VCOMPONENTS 1370735613
AR work/CB4CLED_MXILINX_Exp7/BEHAVIORAL 1540504592 \
      FL /home/nick/git-repos/Physics301-Fall2018-NL-RC/Lab8/Exp7/Exp7.vhf \
      EN work/CB4CLED_MXILINX_Exp7 1540504591 CP FTCLEX_MXILINX_Exp7 \
      CP M2_1_MXILINX_Exp7 CP M2_1B1_MXILINX_Exp7 CP VCC CP AND2B2 CP AND4 CP AND4B4 \
      CP AND3 CP AND3B3 CP AND2 CP OR2
EN work/Exp7 1540504593 \
      FL /home/nick/git-repos/Physics301-Fall2018-NL-RC/Lab8/Exp7/Exp7.vhf \
      PB ieee/std_logic_1164 1370735607 PB ieee/NUMERIC_STD 1370735611 LB UNISIM \
      PH unisim/VCOMPONENTS 1370735613
AR work/Exp7/BEHAVIORAL 1540504594 \
      FL /home/nick/git-repos/Physics301-Fall2018-NL-RC/Lab8/Exp7/Exp7.vhf \
      EN work/Exp7 1540504593 CP CB4CLED_MXILINX_Exp7 CP PULLUP CP PULLDOWN CP AND4 \
      CP seven_seg CP FJKC_MXILINX_Exp7 CP INV
FL /home/nick/git-repos/Physics301-Fall2018-NL-RC/Lab8/Exp7/seven_seg.vhf 2018/10/25.14:21:25 P.68d
EN work/seven_seg 1540504581 \
      FL /home/nick/git-repos/Physics301-Fall2018-NL-RC/Lab8/Exp7/seven_seg.vhf \
      PB ieee/std_logic_1164 1370735607 PB ieee/NUMERIC_STD 1370735611 LB UNISIM \
      PH unisim/VCOMPONENTS 1370735613
AR work/seven_seg/BEHAVIORAL 1540504582 \
      FL /home/nick/git-repos/Physics301-Fall2018-NL-RC/Lab8/Exp7/seven_seg.vhf \
      EN work/seven_seg 1540504581 CP DCM_50M CP SSD_1dig CP sel_strobeB \
      CP bin2BCD3en CP mux4SSD CP PULLUP
