#-----------------------------------------------------------
# PlanAhead v14.7 (64-bit)
# Build 321239 by xbuild on Fri Sep 27 19:29:51 MDT 2013
# Start of session at: Thu Oct 11 10:37:15 2018
# Process ID: 4488
# Log file: C:/Users/Robert/Desktop/phys301/ISE projects/Ryan/Physics301-Fall2018-NL-RC-master_10_7/Physics301-Fall2018-NL-RC-master/Lab7/Lab7_Ex3/planAhead_run_1/planAhead.log
# Journal file: C:/Users/Robert/Desktop/phys301/ISE projects/Ryan/Physics301-Fall2018-NL-RC-master_10_7/Physics301-Fall2018-NL-RC-master/Lab7/Lab7_Ex3/planAhead_run_1/planAhead.jou
#-----------------------------------------------------------
start_gui
source {C:/Users/Robert/Desktop/phys301/ISE projects/Ryan/Physics301-Fall2018-NL-RC-master_10_7/Physics301-Fall2018-NL-RC-master/Lab7/Lab7_Ex3/pa.fromNetlist.tcl}
startgroup
set_property package_pin M5 [get_ports Q1]
endgroup
startgroup
set_property package_pin M11 [get_ports Q2]
endgroup
startgroup
set_property package_pin P11 [get_ports R]
endgroup
startgroup
set_property package_pin L3 [get_ports S]
endgroup
save_constraints
