AR lab5_ex2 behavioral "C:/Users/Robert/Desktop/phys301/ISE projects/Ryan/Physics301-Fall2018-NL-RC-master/Physics301-Fall2018-NL-RC-master/Lab5/Lab5_Ex2/Lab5_Ex2/Lab5_Ex2.vhf" sub00/vhpl03 1537913846
EN fa NULL "C:/Users/Robert/Desktop/phys301/ISE projects/Ryan/Physics301-Fall2018-NL-RC-master/Physics301-Fall2018-NL-RC-master/Lab5/Lab5_Ex2/Lab5_Ex2/FA.vhf" sub00/vhpl04 1537913847
AR fa_muser_lab5_ex2 behavioral "C:/Users/Robert/Desktop/phys301/ISE projects/Ryan/Physics301-Fall2018-NL-RC-master/Physics301-Fall2018-NL-RC-master/Lab5/Lab5_Ex2/Lab5_Ex2/Lab5_Ex2.vhf" sub00/vhpl01 1537913844
EN fa_muser_lab5_ex2 NULL "C:/Users/Robert/Desktop/phys301/ISE projects/Ryan/Physics301-Fall2018-NL-RC-master/Physics301-Fall2018-NL-RC-master/Lab5/Lab5_Ex2/Lab5_Ex2/Lab5_Ex2.vhf" sub00/vhpl00 1537913843
AR fa behavioral "C:/Users/Robert/Desktop/phys301/ISE projects/Ryan/Physics301-Fall2018-NL-RC-master/Physics301-Fall2018-NL-RC-master/Lab5/Lab5_Ex2/Lab5_Ex2/FA.vhf" sub00/vhpl05 1537913848
EN lab5_ex2 NULL "C:/Users/Robert/Desktop/phys301/ISE projects/Ryan/Physics301-Fall2018-NL-RC-master/Physics301-Fall2018-NL-RC-master/Lab5/Lab5_Ex2/Lab5_Ex2/Lab5_Ex2.vhf" sub00/vhpl02 1537913845
