V3 12
FL "C:/Users/Robert/Desktop/phys301/ISE projects/Ryan/Physics301-Fall2018-NL-RC-master/Physics301-Fall2018-NL-RC-master/Lab5/Lab5_Ex2/Lab5_Ex2/FA.vhf" 2018/09/25.14:32:35 P.20131013
EN work/FA 1537913847 \
      FL "C:/Users/Robert/Desktop/phys301/ISE projects/Ryan/Physics301-Fall2018-NL-RC-master/Physics301-Fall2018-NL-RC-master/Lab5/Lab5_Ex2/Lab5_Ex2/FA.vhf" \
      PB ieee/std_logic_1164 1381692176 PB ieee/NUMERIC_STD 1381692181 LB UNISIM \
      PH unisim/VCOMPONENTS 1381692182
AR work/FA/BEHAVIORAL 1537913848 \
      FL "C:/Users/Robert/Desktop/phys301/ISE projects/Ryan/Physics301-Fall2018-NL-RC-master/Physics301-Fall2018-NL-RC-master/Lab5/Lab5_Ex2/Lab5_Ex2/FA.vhf" \
      EN work/FA 1537913847 CP XOR2 CP NAND2
FL "C:/Users/Robert/Desktop/phys301/ISE projects/Ryan/Physics301-Fall2018-NL-RC-master/Physics301-Fall2018-NL-RC-master/Lab5/Lab5_Ex2/Lab5_Ex2/Lab5_Ex2.vhf" 2018/09/25.15:17:19 P.20131013
EN work/FA_MUSER_Lab5_Ex2 1537913843 \
      FL "C:/Users/Robert/Desktop/phys301/ISE projects/Ryan/Physics301-Fall2018-NL-RC-master/Physics301-Fall2018-NL-RC-master/Lab5/Lab5_Ex2/Lab5_Ex2/Lab5_Ex2.vhf" \
      PB ieee/std_logic_1164 1381692176 PB ieee/NUMERIC_STD 1381692181 LB UNISIM \
      PH unisim/VCOMPONENTS 1381692182
AR work/FA_MUSER_Lab5_Ex2/BEHAVIORAL 1537913844 \
      FL "C:/Users/Robert/Desktop/phys301/ISE projects/Ryan/Physics301-Fall2018-NL-RC-master/Physics301-Fall2018-NL-RC-master/Lab5/Lab5_Ex2/Lab5_Ex2/Lab5_Ex2.vhf" \
      EN work/FA_MUSER_Lab5_Ex2 1537913843 CP XOR2 CP NAND2
EN work/Lab5_Ex2 1537913845 \
      FL "C:/Users/Robert/Desktop/phys301/ISE projects/Ryan/Physics301-Fall2018-NL-RC-master/Physics301-Fall2018-NL-RC-master/Lab5/Lab5_Ex2/Lab5_Ex2/Lab5_Ex2.vhf" \
      PB ieee/std_logic_1164 1381692176 PB ieee/NUMERIC_STD 1381692181 LB UNISIM \
      PH unisim/VCOMPONENTS 1381692182
AR work/Lab5_Ex2/BEHAVIORAL 1537913846 \
      FL "C:/Users/Robert/Desktop/phys301/ISE projects/Ryan/Physics301-Fall2018-NL-RC-master/Physics301-Fall2018-NL-RC-master/Lab5/Lab5_Ex2/Lab5_Ex2/Lab5_Ex2.vhf" \
      EN work/Lab5_Ex2 1537913845 CP FA_MUSER_Lab5_Ex2 CP XOR2
