EN dcm_50m NULL "C:/Users/Robert/Desktop/phys301/ISE projects/_Ryan/RC_NL_Final/_FinalSubmission_RC_NL/Parts/DCM_50M.vhd" sub00/vhpl12 1543540551
AR sram32x8_generic behavioral "C:/Users/Robert/Desktop/phys301/ISE projects/_Ryan/RC_NL_Final/_FinalSubmission_RC_NL/Parts/sRAM32x8_generic.vhd" sub00/vhpl15 1543540554
AR computermain behavioral "C:/Users/Robert/Desktop/phys301/ISE projects/_Ryan/RC_NL_Final/_FinalSubmission_RC_NL/_Computer_RC_NL/ComputerMain.vhf" sub00/vhpl29 1543540568
AR key_detect behavioral "C:/Users/Robert/Desktop/phys301/ISE projects/_Ryan/RC_NL_Final/_FinalSubmission_RC_NL/Parts/key_detect.vhd" sub00/vhpl07 1543540546
EN fd4ce_mxilinx_keypadinput NULL "C:/Users/Robert/Desktop/phys301/ISE projects/_Ryan/RC_NL_Final/_FinalSubmission_RC_NL/_Computer_RC_NL/KeypadInput.vhf" sub00/vhpl18 1543540557
AR sseg_mux4d behavioral "C:/Users/Robert/Desktop/phys301/ISE projects/_Ryan/RC_NL_Final/_FinalSubmission_RC_NL/Parts/sseg_mux4D.vhd" sub00/vhpl25 1543540564
AR key4_dbnc behavioral "C:/Users/Robert/Desktop/phys301/ISE projects/_Ryan/RC_NL_Final/_FinalSubmission_RC_NL/Parts/key4_dbnc.vhd" sub00/vhpl05 1543540544
AR d2_4e_mxilinx_keypadinput behavioral "C:/Users/Robert/Desktop/phys301/ISE projects/_Ryan/RC_NL_Final/_FinalSubmission_RC_NL/_Computer_RC_NL/KeypadInput.vhf" sub00/vhpl21 1543540560
EN sseg_mux4d NULL "C:/Users/Robert/Desktop/phys301/ISE projects/_Ryan/RC_NL_Final/_FinalSubmission_RC_NL/Parts/sseg_mux4D.vhd" sub00/vhpl24 1543540563
EN sel_strobeb NULL "C:/Users/Robert/Desktop/phys301/ISE projects/_Ryan/RC_NL_Final/_FinalSubmission_RC_NL/Parts/sel_strobeB.vhd" sub00/vhpl26 1543540565
EN decoder16keyen NULL "C:/Users/Robert/Desktop/phys301/ISE projects/_Ryan/RC_NL_Final/_FinalSubmission_RC_NL/Parts/decoder16keyEn.vhd" sub00/vhpl10 1543540549
AR keypadinput behavioral "C:/Users/Robert/Desktop/phys301/ISE projects/_Ryan/RC_NL_Final/_FinalSubmission_RC_NL/_Computer_RC_NL/KeypadInput.vhf" sub00/vhpl23 1543540562
EN key_detect NULL "C:/Users/Robert/Desktop/phys301/ISE projects/_Ryan/RC_NL_Final/_FinalSubmission_RC_NL/Parts/key_detect.vhd" sub00/vhpl06 1543540545
EN d2_4e_mxilinx_keypadinput NULL "C:/Users/Robert/Desktop/phys301/ISE projects/_Ryan/RC_NL_Final/_FinalSubmission_RC_NL/_Computer_RC_NL/KeypadInput.vhf" sub00/vhpl20 1543540559
AR sel_strobeb behavioral "C:/Users/Robert/Desktop/phys301/ISE projects/_Ryan/RC_NL_Final/_FinalSubmission_RC_NL/Parts/sel_strobeB.vhd" sub00/vhpl27 1543540566
EN sram32x8_generic NULL "C:/Users/Robert/Desktop/phys301/ISE projects/_Ryan/RC_NL_Final/_FinalSubmission_RC_NL/Parts/sRAM32x8_generic.vhd" sub00/vhpl14 1543540553
EN key4_dbnc NULL "C:/Users/Robert/Desktop/phys301/ISE projects/_Ryan/RC_NL_Final/_FinalSubmission_RC_NL/Parts/key4_dbnc.vhd" sub00/vhpl04 1543540543
EN computermain NULL "C:/Users/Robert/Desktop/phys301/ISE projects/_Ryan/RC_NL_Final/_FinalSubmission_RC_NL/_Computer_RC_NL/ComputerMain.vhf" sub00/vhpl28 1543540567
EN keypadinput NULL "C:/Users/Robert/Desktop/phys301/ISE projects/_Ryan/RC_NL_Final/_FinalSubmission_RC_NL/_Computer_RC_NL/KeypadInput.vhf" sub00/vhpl22 1543540561
AR oneshot behavioral "C:/Users/Robert/Desktop/phys301/ISE projects/_Ryan/RC_NL_Final/_FinalSubmission_RC_NL/Parts/oneshot.vhd" sub00/vhpl09 1543540548
EN mainmem NULL "C:/Users/Robert/Desktop/phys301/ISE projects/_Ryan/RC_NL_Final/_FinalSubmission_RC_NL/_Computer_RC_NL/MainMem.vhf" sub00/vhpl16 1543540555
AR fd4ce_mxilinx_keypadinput behavioral "C:/Users/Robert/Desktop/phys301/ISE projects/_Ryan/RC_NL_Final/_FinalSubmission_RC_NL/_Computer_RC_NL/KeypadInput.vhf" sub00/vhpl19 1543540558
EN col_strobe NULL "C:/Users/Robert/Desktop/phys301/ISE projects/_Ryan/RC_NL_Final/_FinalSubmission_RC_NL/Parts/col_strobe.vhd" sub00/vhpl02 1543540541
AR decoder16keyen doric "C:/Users/Robert/Desktop/phys301/ISE projects/_Ryan/RC_NL_Final/_FinalSubmission_RC_NL/Parts/decoder16keyEn.vhd" sub00/vhpl11 1543540550
AR col_strobe behavioral "C:/Users/Robert/Desktop/phys301/ISE projects/_Ryan/RC_NL_Final/_FinalSubmission_RC_NL/Parts/col_strobe.vhd" sub00/vhpl03 1543540542
AR mainmem behavioral "C:/Users/Robert/Desktop/phys301/ISE projects/_Ryan/RC_NL_Final/_FinalSubmission_RC_NL/_Computer_RC_NL/MainMem.vhf" sub00/vhpl17 1543540556
EN switch_debounce NULL "C:/Users/Robert/Desktop/phys301/ISE projects/_Ryan/RC_NL_Final/_FinalSubmission_RC_NL/Parts/debounce.vhd" sub00/vhpl00 1543540539
AR switch_debounce behavioral "C:/Users/Robert/Desktop/phys301/ISE projects/_Ryan/RC_NL_Final/_FinalSubmission_RC_NL/Parts/debounce.vhd" sub00/vhpl01 1543540540
AR dcm_50m behavioral "C:/Users/Robert/Desktop/phys301/ISE projects/_Ryan/RC_NL_Final/_FinalSubmission_RC_NL/Parts/DCM_50M.vhd" sub00/vhpl13 1543540552
EN oneshot NULL "C:/Users/Robert/Desktop/phys301/ISE projects/_Ryan/RC_NL_Final/_FinalSubmission_RC_NL/Parts/oneshot.vhd" sub00/vhpl08 1543540547
