EN dcm_50m NULL /home/nick/git-repos/Physics301-Fall2018-NL-RC/goodies/DCM_50M.vhd sub00/vhpl00 1540327766
EN exp2 NULL /home/nick/git-repos/Physics301-Fall2018-NL-RC/Lab8/Exp2/Exp2.vhf sub00/vhpl04 1540327770
AR exp2 behavioral /home/nick/git-repos/Physics301-Fall2018-NL-RC/Lab8/Exp2/Exp2.vhf sub00/vhpl05 1540327771
AR fjkc_mxilinx_exp2 behavioral /home/nick/git-repos/Physics301-Fall2018-NL-RC/Lab8/Exp2/Exp2.vhf sub00/vhpl03 1540327769
EN fjkc_mxilinx_exp2 NULL /home/nick/git-repos/Physics301-Fall2018-NL-RC/Lab8/Exp2/Exp2.vhf sub00/vhpl02 1540327768
AR dcm_50m behavioral /home/nick/git-repos/Physics301-Fall2018-NL-RC/goodies/DCM_50M.vhd sub00/vhpl01 1540327767
