#-----------------------------------------------------------
# PlanAhead v14.6 (64-bit)
# Build 269223 by xbuild on Wed Jun  5 11:07:37 MDT 2013
# Start of session at: Thu Oct 25 14:22:11 2018
# Process ID: 32748
# Log file: /home/nick/git-repos/Physics301-Fall2018-NL-RC/Lab8/Exp7/planAhead_run_1/planAhead.log
# Journal file: /home/nick/git-repos/Physics301-Fall2018-NL-RC/Lab8/Exp7/planAhead_run_1/planAhead.jou
#-----------------------------------------------------------
start_gui
source /home/nick/git-repos/Physics301-Fall2018-NL-RC/Lab8/Exp7/pa.fromNetlist.tcl
startgroup
set_property package_pin N13 [get_ports {sseg[7]}]
endgroup
startgroup
set_property package_pin L14 [get_ports {sseg[6]}]
endgroup
startgroup
set_property package_pin H12 [get_ports {sseg[5]}]
endgroup
startgroup
set_property package_pin N14 [get_ports {sseg[4]}]
endgroup
startgroup
set_property package_pin N11 [get_ports {sseg[3]}]
endgroup
startgroup
set_property package_pin P12 [get_ports {sseg[2]}]
endgroup
startgroup
set_property package_pin L13 [get_ports {sseg[1]}]
endgroup
startgroup
set_property package_pin M12 [get_ports {sseg[0]}]
endgroup
startgroup
set_property package_pin F12 [get_ports {anO[0]}]
endgroup
startgroup
set_property package_pin K14 [get_ports {anO[3]}]
endgroup
startgroup
set_property package_pin M13 [get_ports {anO[2]}]
endgroup
startgroup
set_property package_pin J12 [get_ports {anO[1]}]
endgroup
startgroup
set_property package_pin B8 [get_ports CLK]
endgroup
startgroup
set_property package_pin C8 [get_ports SYS_CLK]
endgroup
startgroup
set_property package_pin P11 [get_ports En]
endgroup
set_property package_pin "" [get_ports [list  CLK]]
startgroup
set_property package_pin B8 [get_ports SYS_CLK]
endgroup
startgroup
set_property package_pin C8 [get_ports CLK]
endgroup
save_constraints
