V3 16
FL C:/Users/Vason/Documents/GitHub/Physics301-Fall2018-NL-RC/goodies/bin2BCD3en.vhd 2018/10/06.18:00:12 P.20131013
EN work/bin2BCD3en 1538967341 \
      FL C:/Users/Vason/Documents/GitHub/Physics301-Fall2018-NL-RC/goodies/bin2BCD3en.vhd \
      PB ieee/std_logic_1164 1381692176 PB ieee/std_logic_arith 1381692177 \
      PB ieee/STD_LOGIC_UNSIGNED 1381692179 LB UNISIM PH unisim/VCOMPONENTS 1381692182
AR work/bin2BCD3en/Behavioral 1538967342 \
      FL C:/Users/Vason/Documents/GitHub/Physics301-Fall2018-NL-RC/goodies/bin2BCD3en.vhd \
      EN work/bin2BCD3en 1538967341
FL C:/Users/Vason/Documents/GitHub/Physics301-Fall2018-NL-RC/goodies/DCM_50M.vhd 2018/10/06.18:00:34 P.20131013
EN work/DCM_50M 1538967343 \
      FL C:/Users/Vason/Documents/GitHub/Physics301-Fall2018-NL-RC/goodies/DCM_50M.vhd \
      PB ieee/std_logic_1164 1381692176
AR work/DCM_50M/Behavioral 1538967344 \
      FL C:/Users/Vason/Documents/GitHub/Physics301-Fall2018-NL-RC/goodies/DCM_50M.vhd \
      EN work/DCM_50M 1538967343
FL C:/Users/Vason/Documents/GitHub/Physics301-Fall2018-NL-RC/goodies/mux4SSD.vhd 2018/10/06.18:00:50 P.20131013
EN work/mux4SSD 1538967345 \
      FL C:/Users/Vason/Documents/GitHub/Physics301-Fall2018-NL-RC/goodies/mux4SSD.vhd \
      PB ieee/std_logic_1164 1381692176 PB ieee/std_logic_arith 1381692177 \
      PB ieee/STD_LOGIC_UNSIGNED 1381692179
AR work/mux4SSD/Behavioral 1538967346 \
      FL C:/Users/Vason/Documents/GitHub/Physics301-Fall2018-NL-RC/goodies/mux4SSD.vhd \
      EN work/mux4SSD 1538967345
FL C:/Users/Vason/Documents/GitHub/Physics301-Fall2018-NL-RC/goodies/sel_strobeB.vhd 2018/10/06.18:01:01 P.20131013
EN work/sel_strobeB 1538967347 \
      FL C:/Users/Vason/Documents/GitHub/Physics301-Fall2018-NL-RC/goodies/sel_strobeB.vhd \
      PB ieee/std_logic_1164 1381692176 PB ieee/std_logic_arith 1381692177 \
      PB ieee/STD_LOGIC_UNSIGNED 1381692179
AR work/sel_strobeB/Behavioral 1538967348 \
      FL C:/Users/Vason/Documents/GitHub/Physics301-Fall2018-NL-RC/goodies/sel_strobeB.vhd \
      EN work/sel_strobeB 1538967347
FL C:/Users/Vason/Documents/GitHub/Physics301-Fall2018-NL-RC/goodies/SSD_1dig.vhd 2018/10/06.18:01:03 P.20131013
EN work/SSD_1dig 1538967349 \
      FL C:/Users/Vason/Documents/GitHub/Physics301-Fall2018-NL-RC/goodies/SSD_1dig.vhd \
      PB ieee/std_logic_1164 1381692176 PB ieee/std_logic_arith 1381692177 \
      PB ieee/STD_LOGIC_UNSIGNED 1381692179
AR work/SSD_1dig/Behavioral 1538967350 \
      FL C:/Users/Vason/Documents/GitHub/Physics301-Fall2018-NL-RC/goodies/SSD_1dig.vhd \
      EN work/SSD_1dig 1538967349
