MO M2_1_MXILINX_Lab9_Ex3 NULL Lab9_Ex3.vf vlg09/_m2__1___m_x_i_l_i_n_x___lab9___ex3.bin 1541655872
MO D2_4E_MXILINX_Lab9_Ex3 NULL Lab9_Ex3.vf vlg1C/_d2__4_e___m_x_i_l_i_n_x___lab9___ex3.bin 1541655872
MO Lab9_Ex3 NULL Lab9_Ex3.vf vlg63/_lab9___ex3.bin 1541655872
MO CB4CLED_MXILINX_Lab9_Ex3 NULL Lab9_Ex3.vf vlg03/_c_b4_c_l_e_d___m_x_i_l_i_n_x___lab9___ex3.bin 1541655872
MO FJKCE_MXILINX_Lab9_Ex3 NULL Lab9_Ex3.vf vlg11/_f_j_k_c_e___m_x_i_l_i_n_x___lab9___ex3.bin 1541655872
MO CB2CLED_MXILINX_Lab9_Ex3 NULL Lab9_Ex3.vf vlg19/_c_b2_c_l_e_d___m_x_i_l_i_n_x___lab9___ex3.bin 1541655872
MO M2_1B1_MXILINX_Lab9_Ex3 NULL Lab9_Ex3.vf vlg78/_m2__1_b1___m_x_i_l_i_n_x___lab9___ex3.bin 1541655872
MO FTCLEX_MXILINX_Lab9_Ex3 NULL Lab9_Ex3.vf vlg24/_f_t_c_l_e_x___m_x_i_l_i_n_x___lab9___ex3.bin 1541655872
