V3 7
FL /home/nick/git-repos/Physics301-Fall2018-NL-RC/Lab7/Exp4/Ex4.vhf 2018/10/11.13:11:04 P.68d
EN work/Ex4 1539292251 \
      FL /home/nick/git-repos/Physics301-Fall2018-NL-RC/Lab7/Exp4/Ex4.vhf \
      PB ieee/std_logic_1164 1370735607 PB ieee/NUMERIC_STD 1370735611 LB UNISIM \
      PH unisim/VCOMPONENTS 1370735613
AR work/Ex4/BEHAVIORAL 1539292252 \
      FL /home/nick/git-repos/Physics301-Fall2018-NL-RC/Lab7/Exp4/Ex4.vhf \
      EN work/Ex4 1539292251 CP AND2 CP NOR2 CP INV
