#-----------------------------------------------------------
# PlanAhead v14.6 (64-bit)
# Build 269223 by xbuild on Wed Jun  5 11:07:37 MDT 2013
# Start of session at: Thu Oct 11 14:24:45 2018
# Process ID: 18824
# Log file: /home/nick/git-repos/Physics301-Fall2018-NL-RC/Lab7/Exp7/planAhead_run_1/planAhead.log
# Journal file: /home/nick/git-repos/Physics301-Fall2018-NL-RC/Lab7/Exp7/planAhead_run_1/planAhead.jou
#-----------------------------------------------------------
start_gui
source /home/nick/git-repos/Physics301-Fall2018-NL-RC/Lab7/Exp7/pa.fromNetlist.tcl
startgroup
set_property package_pin G12 [get_ports CLR]
endgroup
startgroup
set_property package_pin P11 [get_ports Din]
endgroup
startgroup
set_property package_pin N3 [get_ports CLK]
endgroup
startgroup
set_property package_pin P6 [get_ports {Q[3]}]
endgroup
startgroup
set_property package_pin P7 [get_ports {Q[2]}]
endgroup
startgroup
set_property package_pin M11 [get_ports {Q[1]}]
endgroup
startgroup
set_property package_pin M5 [get_ports {Q[0]}]
endgroup
save_constraints
