EN d4_16e_mxilinx_lab6_ex1 NULL "/home/nick/Documents/Physics/Lab 6/Lab6_Ex5/Lab6_Ex1.vhf" sub00/vhpl00 1538681320
AR lab6_ex1 behavioral "/home/nick/Documents/Physics/Lab 6/Lab6_Ex5/Lab6_Ex1.vhf" sub00/vhpl03 1538681323
AR d4_16e_mxilinx_lab6_ex1 behavioral "/home/nick/Documents/Physics/Lab 6/Lab6_Ex5/Lab6_Ex1.vhf" sub00/vhpl01 1538681321
EN lab6_ex1 NULL "/home/nick/Documents/Physics/Lab 6/Lab6_Ex5/Lab6_Ex1.vhf" sub00/vhpl02 1538681322
