EN exp9 NULL /home/nick/git-repos/Physics301-Fall2018-NL-RC/Lab7/Exp9/Exp9.vhf sub00/vhpl02 1539295533
AR fjkce_mxilinx_exp9 behavioral /home/nick/git-repos/Physics301-Fall2018-NL-RC/Lab7/Exp9/Exp9.vhf sub00/vhpl01 1539295532
AR exp9 behavioral /home/nick/git-repos/Physics301-Fall2018-NL-RC/Lab7/Exp9/Exp9.vhf sub00/vhpl03 1539295534
EN fjkce_mxilinx_exp9 NULL /home/nick/git-repos/Physics301-Fall2018-NL-RC/Lab7/Exp9/Exp9.vhf sub00/vhpl00 1539295531
