V3 13
FL /home/nick/git-repos/Physics301-Fall2018-NL-RC/Lab7/Exp9/Exp9.vhf 2018/10/11.15:05:28 P.68d
EN work/FJKCE_MXILINX_Exp9 1539295531 \
      FL /home/nick/git-repos/Physics301-Fall2018-NL-RC/Lab7/Exp9/Exp9.vhf \
      PB ieee/std_logic_1164 1370735607 PB ieee/NUMERIC_STD 1370735611 LB UNISIM \
      PH unisim/VCOMPONENTS 1370735613
AR work/FJKCE_MXILINX_Exp9/BEHAVIORAL 1539295532 \
      FL /home/nick/git-repos/Physics301-Fall2018-NL-RC/Lab7/Exp9/Exp9.vhf \
      EN work/FJKCE_MXILINX_Exp9 1539295531 CP FDCE CP AND3B2 CP AND3B1 CP OR3 \
      CP AND2B1
EN work/Exp9 1539295533 \
      FL /home/nick/git-repos/Physics301-Fall2018-NL-RC/Lab7/Exp9/Exp9.vhf \
      PB ieee/std_logic_1164 1370735607 PB ieee/NUMERIC_STD 1370735611 LB UNISIM \
      PH unisim/VCOMPONENTS 1370735613
AR work/Exp9/BEHAVIORAL 1539295534 \
      FL /home/nick/git-repos/Physics301-Fall2018-NL-RC/Lab7/Exp9/Exp9.vhf \
      EN work/Exp9 1539295533 CP FJKCE_MXILINX_Exp9 CP AND2
