Release 14.6 - xst P.68d (lin64)
Copyright (c) 1995-2013 Xilinx, Inc.  All rights reserved.
--> 
Parameter TMPDIR set to xst/projnav.tmp


Total REAL time to Xst completion: 0.00 secs
Total CPU time to Xst completion: 0.04 secs
 
--> 
Parameter xsthdpdir set to xst


Total REAL time to Xst completion: 0.00 secs
Total CPU time to Xst completion: 0.04 secs
 
--> 
Reading design: Ex4.prj

TABLE OF CONTENTS
  1) Synthesis Options Summary
  2) HDL Compilation
  3) Design Hierarchy Analysis
  4) HDL Analysis
  5) HDL Synthesis
     5.1) HDL Synthesis Report
  6) Advanced HDL Synthesis
     6.1) Advanced HDL Synthesis Report
  7) Low Level Synthesis
  8) Partition Report
  9) Final Report
	9.1) Device utilization summary
	9.2) Partition Resource Summary
	9.3) TIMING REPORT


=========================================================================
*                      Synthesis Options Summary                        *
=========================================================================
---- Source Parameters
Input File Name                    : "Ex4.prj"
Input Format                       : mixed
Ignore Synthesis Constraint File   : NO

---- Target Parameters
Output File Name                   : "Ex4"
Output Format                      : NGC
Target Device                      : xc3s100e-4-cp132

---- Source Options
Top Module Name                    : Ex4
Automatic FSM Extraction           : YES
FSM Encoding Algorithm             : Auto
Safe Implementation                : No
FSM Style                          : LUT
RAM Extraction                     : Yes
RAM Style                          : Auto
ROM Extraction                     : Yes
Mux Style                          : Auto
Decoder Extraction                 : YES
Priority Encoder Extraction        : Yes
Shift Register Extraction          : YES
Logical Shifter Extraction         : YES
XOR Collapsing                     : YES
ROM Style                          : Auto
Mux Extraction                     : Yes
Resource Sharing                   : YES
Asynchronous To Synchronous        : NO
Multiplier Style                   : Auto
Automatic Register Balancing       : No

---- Target Options
Add IO Buffers                     : YES
Global Maximum Fanout              : 100000
Add Generic Clock Buffer(BUFG)     : 24
Register Duplication               : YES
Slice Packing                      : YES
Optimize Instantiated Primitives   : NO
Use Clock Enable                   : Yes
Use Synchronous Set                : Yes
Use Synchronous Reset              : Yes
Pack IO Registers into IOBs        : Auto
Equivalent register Removal        : YES

---- General Options
Optimization Goal                  : Speed
Optimization Effort                : 1
Keep Hierarchy                     : No
Netlist Hierarchy                  : As_Optimized
RTL Output                         : Yes
Global Optimization                : AllClockNets
Read Cores                         : YES
Write Timing Constraints           : NO
Cross Clock Analysis               : NO
Hierarchy Separator                : /
Bus Delimiter                      : <>
Case Specifier                     : Maintain
Slice Utilization Ratio            : 100
BRAM Utilization Ratio             : 100
Verilog 2001                       : YES
Auto BRAM Packing                  : NO
Slice Utilization Ratio Delta      : 5

=========================================================================


=========================================================================
*                          HDL Compilation                              *
=========================================================================
Compiling vhdl file "/home/nick/Downloads/col_strobe.vhd" in Library work.
Architecture behavioral of Entity col_strobe is up to date.
Compiling vhdl file "/home/nick/Downloads/bin2BCD3en.vhd" in Library work.
Architecture behavioral of Entity bin2bcd3en is up to date.
Compiling vhdl file "/home/nick/Downloads/DCM_50M.vhd" in Library work.
Architecture behavioral of Entity dcm_50m is up to date.
Compiling vhdl file "/home/nick/Downloads/SSD_1dig.vhd" in Library work.
Architecture behavioral of Entity ssd_1dig is up to date.
Compiling vhdl file "/home/nick/Downloads/CRenc4bin.vhd" in Library work.
Architecture behavioral of Entity crenc4bin is up to date.
Compiling vhdl file "/home/nick/Downloads/mux4SSD.vhd" in Library work.
Architecture behavioral of Entity mux4ssd is up to date.
Compiling vhdl file "/home/nick/Documents/Physics/Lab 6/Exp4/Ex4.vhf" in Library work.
Entity <ex4> compiled.
Entity <ex4> (Architecture <behavioral>) compiled.

=========================================================================
*                     Design Hierarchy Analysis                         *
=========================================================================
Analyzing hierarchy for entity <Ex4> in library <work> (architecture <behavioral>).

Analyzing hierarchy for entity <col_strobe> in library <work> (architecture <behavioral>).

Analyzing hierarchy for entity <bin2BCD3en> in library <work> (architecture <behavioral>).

Analyzing hierarchy for entity <DCM_50M> in library <work> (architecture <behavioral>) with generics.
	DIV100 = 50
	DIV1k = 500
	DIV50 = 25

Analyzing hierarchy for entity <SSD_1dig> in library <work> (architecture <behavioral>).

Analyzing hierarchy for entity <CRenc4bin> in library <work> (architecture <behavioral>).

Analyzing hierarchy for entity <mux4SSD> in library <work> (architecture <behavioral>).


=========================================================================
*                            HDL Analysis                               *
=========================================================================
Analyzing Entity <Ex4> in library <work> (Architecture <behavioral>).
WARNING:Xst:753 - "/home/nick/Documents/Physics/Lab 6/Exp4/Ex4.vhf" line 118: Unconnected output port 'RBout' of component 'bin2BCD3en'.
WARNING:Xst:753 - "/home/nick/Documents/Physics/Lab 6/Exp4/Ex4.vhf" line 128: Unconnected output port 'CLK1M' of component 'DCM_50M'.
WARNING:Xst:753 - "/home/nick/Documents/Physics/Lab 6/Exp4/Ex4.vhf" line 128: Unconnected output port 'CLK1' of component 'DCM_50M'.
Entity <Ex4> analyzed. Unit <Ex4> generated.

Analyzing Entity <col_strobe> in library <work> (Architecture <behavioral>).
Entity <col_strobe> analyzed. Unit <col_strobe> generated.

Analyzing Entity <bin2BCD3en> in library <work> (Architecture <behavioral>).
INFO:Xst:1561 - "/home/nick/Downloads/bin2BCD3en.vhd" line 62: Mux is complete : default of case is discarded
INFO:Xst:1561 - "/home/nick/Downloads/bin2BCD3en.vhd" line 62: Mux is complete : default of case is discarded
INFO:Xst:2679 - Register <Dout3> in unit <bin2BCD3en> has a constant value of 0000 during circuit operation. The register is replaced by logic.
Entity <bin2BCD3en> analyzed. Unit <bin2BCD3en> generated.

Analyzing generic Entity <DCM_50M> in library <work> (Architecture <behavioral>).
	DIV100 = 50
	DIV1k = 500
	DIV50 = 25
Entity <DCM_50M> analyzed. Unit <DCM_50M> generated.

Analyzing Entity <SSD_1dig> in library <work> (Architecture <behavioral>).
Entity <SSD_1dig> analyzed. Unit <SSD_1dig> generated.

Analyzing Entity <CRenc4bin> in library <work> (Architecture <behavioral>).
Entity <CRenc4bin> analyzed. Unit <CRenc4bin> generated.

Analyzing Entity <mux4SSD> in library <work> (Architecture <behavioral>).
Entity <mux4SSD> analyzed. Unit <mux4SSD> generated.


=========================================================================
*                           HDL Synthesis                               *
=========================================================================

Performing bidirectional port resolution...

Synthesizing Unit <col_strobe>.
    Related source file is "/home/nick/Downloads/col_strobe.vhd".
    Found 4-bit register for signal <col>.
    Found 4-bit register for signal <colx>.
    Summary:
	inferred   8 D-type flip-flop(s).
Unit <col_strobe> synthesized.


Synthesizing Unit <bin2BCD3en>.
    Related source file is "/home/nick/Downloads/bin2BCD3en.vhd".
    Found 16x4-bit ROM for signal <b9$mux0000> created at line 50.
    Found 16x4-bit ROM for signal <b8$mux0000> created at line 50.
    Found 16x4-bit ROM for signal <b7$mux0000> created at line 50.
    Found 16x4-bit ROM for signal <b6$mux0000> created at line 50.
    Found 16x4-bit ROM for signal <b4$mux0000> created at line 50.
    Found 8x4-bit ROM for signal <b$mux0000> created at line 50.
    Found 16x4-bit ROM for signal <b11$mux0000> created at line 50.
    Found 16x4-bit ROM for signal <b10$mux0000> created at line 50.
    Found 4-bit register for signal <RBout>.
    Found 4-bit register for signal <Dout0>.
    Found 4-bit register for signal <Dout1>.
    Found 4-bit register for signal <Dout2>.
    Summary:
	inferred   8 ROM(s).
	inferred  12 D-type flip-flop(s).
Unit <bin2BCD3en> synthesized.


Synthesizing Unit <DCM_50M>.
    Related source file is "/home/nick/Downloads/DCM_50M.vhd".
    Found 1-bit register for signal <clk_1>.
    Found 32-bit adder for signal <clk_1$addsub0000> created at line 121.
    Found 32-bit comparator greater for signal <clk_1$cmp_gt0000> created at line 122.
    Found 1-bit register for signal <clk_10k>.
    Found 1-bit register for signal <clk_1k>.
    Found 32-bit adder for signal <clk_1k$addsub0000> created at line 101.
    Found 32-bit comparator greater for signal <clk_1k$cmp_gt0000> created at line 102.
    Found 1-bit register for signal <clk_1m>.
    Found 32-bit adder for signal <clk_1m$addsub0000> created at line 61.
    Found 32-bit comparator greatequal for signal <clk_1m$cmp_ge0000> created at line 62.
    Found 32-bit up counter for signal <cnt1>.
    Found 32-bit up counter for signal <cnt10k>.
    Found 32-bit adder for signal <cnt10k$addsub0000> created at line 81.
    Found 32-bit comparator greater for signal <cnt10k$cmp_gt0000> created at line 82.
    Found 32-bit up counter for signal <cnt1k>.
    Found 32-bit up counter for signal <cnt1M>.
    Summary:
	inferred   4 Counter(s).
	inferred   4 D-type flip-flop(s).
	inferred   4 Adder/Subtractor(s).
	inferred   4 Comparator(s).
Unit <DCM_50M> synthesized.


Synthesizing Unit <SSD_1dig>.
    Related source file is "/home/nick/Downloads/SSD_1dig.vhd".
    Found 16x7-bit ROM for signal <hexD$rom0000>.
    Summary:
	inferred   1 ROM(s).
Unit <SSD_1dig> synthesized.


Synthesizing Unit <CRenc4bin>.
    Related source file is "/home/nick/Downloads/CRenc4bin.vhd".
    Register <colO> equivalent to <colI> has been removed
    Found 1-bit register for signal <keyO>.
    Found 4-bit register for signal <binO>.
    Found 4-bit register for signal <colI>.
    Summary:
	inferred   9 D-type flip-flop(s).
Unit <CRenc4bin> synthesized.


Synthesizing Unit <mux4SSD>.
    Related source file is "/home/nick/Downloads/mux4SSD.vhd".
Unit <mux4SSD> synthesized.


Synthesizing Unit <Ex4>.
    Related source file is "/home/nick/Documents/Physics/Lab 6/Exp4/Ex4.vhf".
WARNING:Xst:653 - Signal <XLXI_7_sel_openSignal> is used but never assigned. This sourceless signal will be automatically connected to value 00.
WARNING:Xst:653 - Signal <Bin<7:4>> is used but never assigned. This sourceless signal will be automatically connected to value 0000.
Unit <Ex4> synthesized.


=========================================================================
HDL Synthesis Report

Macro Statistics
# ROMs                                                 : 9
 16x4-bit ROM                                          : 7
 16x7-bit ROM                                          : 1
 8x4-bit ROM                                           : 1
# Adders/Subtractors                                   : 4
 32-bit adder                                          : 4
# Counters                                             : 4
 32-bit up counter                                     : 4
# Registers                                            : 19
 1-bit register                                        : 13
 4-bit register                                        : 6
# Comparators                                          : 4
 32-bit comparator greatequal                          : 1
 32-bit comparator greater                             : 3

=========================================================================

=========================================================================
*                       Advanced HDL Synthesis                          *
=========================================================================

INFO:Xst:2261 - The FF/Latch <colI_0> in Unit <XLXI_6> is equivalent to the following 3 FFs/Latches, which will be removed : <colI_1> <colI_2> <colI_3> 
WARNING:Xst:1710 - FF/Latch <Dout0_0> (without init value) has a constant value of 0 in block <XLXI_2>. This FF/Latch will be trimmed during the optimization process.
WARNING:Xst:1710 - FF/Latch <keyO> (without init value) has a constant value of 0 in block <XLXI_6>. This FF/Latch will be trimmed during the optimization process.
WARNING:Xst:1710 - FF/Latch <binO_0> (without init value) has a constant value of 0 in block <XLXI_6>. This FF/Latch will be trimmed during the optimization process.
WARNING:Xst:1710 - FF/Latch <binO_1> (without init value) has a constant value of 0 in block <XLXI_6>. This FF/Latch will be trimmed during the optimization process.
WARNING:Xst:1710 - FF/Latch <binO_2> (without init value) has a constant value of 0 in block <XLXI_6>. This FF/Latch will be trimmed during the optimization process.
WARNING:Xst:1710 - FF/Latch <binO_3> (without init value) has a constant value of 0 in block <XLXI_6>. This FF/Latch will be trimmed during the optimization process.
WARNING:Xst:1710 - FF/Latch <colI_0> (without init value) has a constant value of 0 in block <XLXI_6>. This FF/Latch will be trimmed during the optimization process.
WARNING:Xst:1898 - Due to constant pushing, FF/Latch <Dout0_3> is unconnected in block <XLXI_2>.
WARNING:Xst:1898 - Due to constant pushing, FF/Latch <Dout0_2> is unconnected in block <XLXI_2>.
WARNING:Xst:1898 - Due to constant pushing, FF/Latch <Dout0_1> is unconnected in block <XLXI_2>.
WARNING:Xst:1290 - Hierarchical block <XLXI_2> is unconnected in block <Ex4>.
   It will be removed from the design.
WARNING:Xst:2677 - Node <clk_1k> of sequential type is unconnected in block <XLXI_3>.
WARNING:Xst:2404 -  FFs/Latches <colI<3:0>> (without init value) have a constant value of 0 in block <CRenc4bin>.
WARNING:Xst:2404 -  FFs/Latches <Dout2<3:2>> (without init value) have a constant value of 0 in block <bin2BCD3en>.
WARNING:Xst:2404 -  FFs/Latches <binO<3:0>> (without init value) have a constant value of 0 in block <CRenc4bin>.

=========================================================================
Advanced HDL Synthesis Report

Macro Statistics
# ROMs                                                 : 9
 16x4-bit ROM                                          : 7
 16x7-bit ROM                                          : 1
 8x4-bit ROM                                           : 1
# Adders/Subtractors                                   : 4
 32-bit adder                                          : 4
# Counters                                             : 4
 32-bit up counter                                     : 4
# Registers                                            : 27
 Flip-Flops                                            : 27
# Comparators                                          : 4
 32-bit comparator greatequal                          : 1
 32-bit comparator greater                             : 3

=========================================================================

=========================================================================
*                         Low Level Synthesis                           *
=========================================================================
INFO:Xst:2261 - The FF/Latch <RBout_1> in Unit <bin2BCD3en> is equivalent to the following FF/Latch, which will be removed : <RBout_0> 
WARNING:Xst:1710 - FF/Latch <Dout0_0> (without init value) has a constant value of 0 in block <bin2BCD3en>. This FF/Latch will be trimmed during the optimization process.
WARNING:Xst:1895 - Due to other FF/Latch trimming, FF/Latch <RBout_3> (without init value) has a constant value of 1 in block <bin2BCD3en>. This FF/Latch will be trimmed during the optimization process.
WARNING:Xst:1895 - Due to other FF/Latch trimming, FF/Latch <RBout_1> (without init value) has a constant value of 0 in block <bin2BCD3en>. This FF/Latch will be trimmed during the optimization process.
WARNING:Xst:1710 - FF/Latch <Dout0_2> (without init value) has a constant value of 0 in block <bin2BCD3en>. This FF/Latch will be trimmed during the optimization process.
WARNING:Xst:1895 - Due to other FF/Latch trimming, FF/Latch <Dout0_3> (without init value) has a constant value of 0 in block <bin2BCD3en>. This FF/Latch will be trimmed during the optimization process.
WARNING:Xst:1895 - Due to other FF/Latch trimming, FF/Latch <Dout0_1> (without init value) has a constant value of 0 in block <bin2BCD3en>. This FF/Latch will be trimmed during the optimization process.
WARNING:Xst:1895 - Due to other FF/Latch trimming, FF/Latch <Dout1_3> (without init value) has a constant value of 0 in block <bin2BCD3en>. This FF/Latch will be trimmed during the optimization process.
WARNING:Xst:1895 - Due to other FF/Latch trimming, FF/Latch <Dout1_2> (without init value) has a constant value of 0 in block <bin2BCD3en>. This FF/Latch will be trimmed during the optimization process.
WARNING:Xst:1895 - Due to other FF/Latch trimming, FF/Latch <Dout1_1> (without init value) has a constant value of 0 in block <bin2BCD3en>. This FF/Latch will be trimmed during the optimization process.
WARNING:Xst:1895 - Due to other FF/Latch trimming, FF/Latch <Dout1_0> (without init value) has a constant value of 0 in block <bin2BCD3en>. This FF/Latch will be trimmed during the optimization process.
WARNING:Xst:1895 - Due to other FF/Latch trimming, FF/Latch <Dout2_0> (without init value) has a constant value of 0 in block <bin2BCD3en>. This FF/Latch will be trimmed during the optimization process.
WARNING:Xst:1895 - Due to other FF/Latch trimming, FF/Latch <Dout2_1> (without init value) has a constant value of 0 in block <bin2BCD3en>. This FF/Latch will be trimmed during the optimization process.
WARNING:Xst:2677 - Node <XLXI_2/RBout_2> of sequential type is unconnected in block <Ex4>.

Optimizing unit <Ex4> ...

Optimizing unit <col_strobe> ...

Optimizing unit <DCM_50M> ...
WARNING:Xst:2677 - Node <XLXI_3/cnt1_31> of sequential type is unconnected in block <Ex4>.
WARNING:Xst:2677 - Node <XLXI_3/cnt1_30> of sequential type is unconnected in block <Ex4>.
WARNING:Xst:2677 - Node <XLXI_3/cnt1_29> of sequential type is unconnected in block <Ex4>.
WARNING:Xst:2677 - Node <XLXI_3/cnt1_28> of sequential type is unconnected in block <Ex4>.
WARNING:Xst:2677 - Node <XLXI_3/cnt1_27> of sequential type is unconnected in block <Ex4>.
WARNING:Xst:2677 - Node <XLXI_3/cnt1_26> of sequential type is unconnected in block <Ex4>.
WARNING:Xst:2677 - Node <XLXI_3/cnt1_25> of sequential type is unconnected in block <Ex4>.
WARNING:Xst:2677 - Node <XLXI_3/cnt1_24> of sequential type is unconnected in block <Ex4>.
WARNING:Xst:2677 - Node <XLXI_3/cnt1_23> of sequential type is unconnected in block <Ex4>.
WARNING:Xst:2677 - Node <XLXI_3/cnt1_22> of sequential type is unconnected in block <Ex4>.
WARNING:Xst:2677 - Node <XLXI_3/cnt1_21> of sequential type is unconnected in block <Ex4>.
WARNING:Xst:2677 - Node <XLXI_3/cnt1_20> of sequential type is unconnected in block <Ex4>.
WARNING:Xst:2677 - Node <XLXI_3/cnt1_19> of sequential type is unconnected in block <Ex4>.
WARNING:Xst:2677 - Node <XLXI_3/cnt1_18> of sequential type is unconnected in block <Ex4>.
WARNING:Xst:2677 - Node <XLXI_3/cnt1_17> of sequential type is unconnected in block <Ex4>.
WARNING:Xst:2677 - Node <XLXI_3/cnt1_16> of sequential type is unconnected in block <Ex4>.
WARNING:Xst:2677 - Node <XLXI_3/cnt1_15> of sequential type is unconnected in block <Ex4>.
WARNING:Xst:2677 - Node <XLXI_3/cnt1_14> of sequential type is unconnected in block <Ex4>.
WARNING:Xst:2677 - Node <XLXI_3/cnt1_13> of sequential type is unconnected in block <Ex4>.
WARNING:Xst:2677 - Node <XLXI_3/cnt1_12> of sequential type is unconnected in block <Ex4>.
WARNING:Xst:2677 - Node <XLXI_3/cnt1_11> of sequential type is unconnected in block <Ex4>.
WARNING:Xst:2677 - Node <XLXI_3/cnt1_10> of sequential type is unconnected in block <Ex4>.
WARNING:Xst:2677 - Node <XLXI_3/cnt1_9> of sequential type is unconnected in block <Ex4>.
WARNING:Xst:2677 - Node <XLXI_3/cnt1_8> of sequential type is unconnected in block <Ex4>.
WARNING:Xst:2677 - Node <XLXI_3/cnt1_7> of sequential type is unconnected in block <Ex4>.
WARNING:Xst:2677 - Node <XLXI_3/cnt1_6> of sequential type is unconnected in block <Ex4>.
WARNING:Xst:2677 - Node <XLXI_3/cnt1_5> of sequential type is unconnected in block <Ex4>.
WARNING:Xst:2677 - Node <XLXI_3/cnt1_4> of sequential type is unconnected in block <Ex4>.
WARNING:Xst:2677 - Node <XLXI_3/cnt1_3> of sequential type is unconnected in block <Ex4>.
WARNING:Xst:2677 - Node <XLXI_3/cnt1_2> of sequential type is unconnected in block <Ex4>.
WARNING:Xst:2677 - Node <XLXI_3/cnt1_1> of sequential type is unconnected in block <Ex4>.
WARNING:Xst:2677 - Node <XLXI_3/cnt1_0> of sequential type is unconnected in block <Ex4>.
WARNING:Xst:2677 - Node <XLXI_3/clk_1> of sequential type is unconnected in block <Ex4>.

Mapping all equations...
Building and optimizing final netlist ...
Found area constraint ratio of 100 (+ 5) on block Ex4, actual ratio is 16.
FlipFlop XLXI_6/keyO has been replicated 1 time(s) to handle iob=true attribute.

Final Macro Processing ...

=========================================================================
Final Register Report

Macro Statistics
# Registers                                            : 109
 Flip-Flops                                            : 109

=========================================================================

=========================================================================
*                           Partition Report                            *
=========================================================================

Partition Implementation Status
-------------------------------

  No Partitions were found in this design.

-------------------------------

=========================================================================
*                            Final Report                               *
=========================================================================
Final Results
RTL Top Level Output File Name     : Ex4.ngr
Top Level Output File Name         : Ex4
Output Format                      : NGC
Optimization Goal                  : Speed
Keep Hierarchy                     : No

Design Statistics
# IOs                              : 27

Cell Usage :
# BELS                             : 656
#      GND                         : 1
#      INV                         : 20
#      LUT1                        : 190
#      LUT2                        : 8
#      LUT3                        : 4
#      LUT4                        : 19
#      MUXCY                       : 221
#      VCC                         : 1
#      XORCY                       : 192
# FlipFlops/Latches                : 109
#      FD                          : 4
#      FDE                         : 3
#      FDR                         : 102
# Clock Buffers                    : 2
#      BUFG                        : 1
#      BUFGP                       : 1
# IO Buffers                       : 25
#      IBUF                        : 4
#      OBUF                        : 21
=========================================================================

Device utilization summary:
---------------------------

Selected Device : 3s100ecp132-4 

 Number of Slices:                      155  out of    960    16%  
 Number of Slice Flip Flops:            108  out of   1920     5%  
 Number of 4 input LUTs:                241  out of   1920    12%  
 Number of IOs:                          27
 Number of bonded IOBs:                  26  out of     83    31%  
    IOB Flip Flops:                       1
 Number of GCLKs:                         2  out of     24     8%  

---------------------------
Partition Resource Summary:
---------------------------

  No Partitions were found in this design.

---------------------------


=========================================================================
TIMING REPORT

NOTE: THESE TIMING NUMBERS ARE ONLY A SYNTHESIS ESTIMATE.
      FOR ACCURATE TIMING INFORMATION PLEASE REFER TO THE TRACE REPORT
      GENERATED AFTER PLACE-and-ROUTE.

Clock Information:
------------------
-----------------------------------+------------------------+-------+
Clock Signal                       | Clock buffer(FF name)  | Load  |
-----------------------------------+------------------------+-------+
XLXI_3/clk_1k                      | NONE(XLXI_6/keyO)      | 2     |
XLXI_3/clk_10k                     | NONE(XLXI_1/colx_3)    | 8     |
XLXI_3/clk_1m1                     | BUFG                   | 66    |
Sys_Clock                          | BUFGP                  | 33    |
-----------------------------------+------------------------+-------+
INFO:Xst:2169 - HDL ADVISOR - Some clock signals were not automatically buffered by XST with BUFG/BUFR resources. Please use the buffer_type constraint in order to insert these buffers to the clock signals to help prevent skew problems.

Asynchronous Control Signals Information:
----------------------------------------
No asynchronous control signals found in this design

Timing Summary:
---------------
Speed Grade: -4

   Minimum period: 10.324ns (Maximum Frequency: 96.860MHz)
   Minimum input arrival time before clock: 2.825ns
   Maximum output required time after clock: 5.609ns
   Maximum combinational path delay: No path found

Timing Detail:
--------------
All values displayed in nanoseconds (ns)

=========================================================================
Timing constraint: Default period analysis for Clock 'XLXI_3/clk_10k'
  Clock period: 2.365ns (frequency: 422.833MHz)
  Total number of paths / destination ports: 20 / 12
-------------------------------------------------------------------------
Delay:               2.365ns (Levels of Logic = 1)
  Source:            XLXI_1/colx_0 (FF)
  Destination:       XLXI_1/col_3 (FF)
  Source Clock:      XLXI_3/clk_10k rising
  Destination Clock: XLXI_3/clk_10k rising

  Data Path: XLXI_1/colx_0 to XLXI_1/col_3
                                Gate     Net
    Cell:in->out      fanout   Delay   Delay  Logical Name (Net Name)
    ----------------------------------------  ------------
     FD:C->Q               4   0.591   0.762  XLXI_1/colx_0 (XLXI_1/colx_0)
     LUT3:I0->O            1   0.704   0.000  XLXI_1/col_cmp_eq00031 (XLXI_1/col_mux0001<0>_norst)
     FDR:D                     0.308          XLXI_1/col_3
    ----------------------------------------
    Total                      2.365ns (1.603ns logic, 0.762ns route)
                                       (67.8% logic, 32.2% route)

=========================================================================
Timing constraint: Default period analysis for Clock 'XLXI_3/clk_1m1'
  Clock period: 10.324ns (frequency: 96.860MHz)
  Total number of paths / destination ports: 38018 / 132
-------------------------------------------------------------------------
Delay:               10.324ns (Levels of Logic = 34)
  Source:            XLXI_3/cnt1k_1 (FF)
  Destination:       XLXI_3/cnt1k_31 (FF)
  Source Clock:      XLXI_3/clk_1m1 rising
  Destination Clock: XLXI_3/clk_1m1 rising

  Data Path: XLXI_3/cnt1k_1 to XLXI_3/cnt1k_31
                                Gate     Net
    Cell:in->out      fanout   Delay   Delay  Logical Name (Net Name)
    ----------------------------------------  ------------
     FDR:C->Q              2   0.591   0.622  XLXI_3/cnt1k_1 (XLXI_3/cnt1k_1)
     LUT1:I0->O            1   0.704   0.000  XLXI_3/Madd_clk_1k_addsub0000_cy<1>_rt (XLXI_3/Madd_clk_1k_addsub0000_cy<1>_rt)
     MUXCY:S->O            1   0.464   0.000  XLXI_3/Madd_clk_1k_addsub0000_cy<1> (XLXI_3/Madd_clk_1k_addsub0000_cy<1>)
     MUXCY:CI->O           1   0.059   0.000  XLXI_3/Madd_clk_1k_addsub0000_cy<2> (XLXI_3/Madd_clk_1k_addsub0000_cy<2>)
     MUXCY:CI->O           1   0.059   0.000  XLXI_3/Madd_clk_1k_addsub0000_cy<3> (XLXI_3/Madd_clk_1k_addsub0000_cy<3>)
     MUXCY:CI->O           1   0.059   0.000  XLXI_3/Madd_clk_1k_addsub0000_cy<4> (XLXI_3/Madd_clk_1k_addsub0000_cy<4>)
     MUXCY:CI->O           1   0.059   0.000  XLXI_3/Madd_clk_1k_addsub0000_cy<5> (XLXI_3/Madd_clk_1k_addsub0000_cy<5>)
     MUXCY:CI->O           1   0.059   0.000  XLXI_3/Madd_clk_1k_addsub0000_cy<6> (XLXI_3/Madd_clk_1k_addsub0000_cy<6>)
     MUXCY:CI->O           1   0.059   0.000  XLXI_3/Madd_clk_1k_addsub0000_cy<7> (XLXI_3/Madd_clk_1k_addsub0000_cy<7>)
     MUXCY:CI->O           1   0.059   0.000  XLXI_3/Madd_clk_1k_addsub0000_cy<8> (XLXI_3/Madd_clk_1k_addsub0000_cy<8>)
     MUXCY:CI->O           1   0.059   0.000  XLXI_3/Madd_clk_1k_addsub0000_cy<9> (XLXI_3/Madd_clk_1k_addsub0000_cy<9>)
     MUXCY:CI->O           1   0.059   0.000  XLXI_3/Madd_clk_1k_addsub0000_cy<10> (XLXI_3/Madd_clk_1k_addsub0000_cy<10>)
     MUXCY:CI->O           1   0.059   0.000  XLXI_3/Madd_clk_1k_addsub0000_cy<11> (XLXI_3/Madd_clk_1k_addsub0000_cy<11>)
     MUXCY:CI->O           1   0.059   0.000  XLXI_3/Madd_clk_1k_addsub0000_cy<12> (XLXI_3/Madd_clk_1k_addsub0000_cy<12>)
     MUXCY:CI->O           1   0.059   0.000  XLXI_3/Madd_clk_1k_addsub0000_cy<13> (XLXI_3/Madd_clk_1k_addsub0000_cy<13>)
     MUXCY:CI->O           1   0.059   0.000  XLXI_3/Madd_clk_1k_addsub0000_cy<14> (XLXI_3/Madd_clk_1k_addsub0000_cy<14>)
     MUXCY:CI->O           1   0.059   0.000  XLXI_3/Madd_clk_1k_addsub0000_cy<15> (XLXI_3/Madd_clk_1k_addsub0000_cy<15>)
     MUXCY:CI->O           1   0.059   0.000  XLXI_3/Madd_clk_1k_addsub0000_cy<16> (XLXI_3/Madd_clk_1k_addsub0000_cy<16>)
     MUXCY:CI->O           1   0.059   0.000  XLXI_3/Madd_clk_1k_addsub0000_cy<17> (XLXI_3/Madd_clk_1k_addsub0000_cy<17>)
     MUXCY:CI->O           1   0.059   0.000  XLXI_3/Madd_clk_1k_addsub0000_cy<18> (XLXI_3/Madd_clk_1k_addsub0000_cy<18>)
     MUXCY:CI->O           1   0.059   0.000  XLXI_3/Madd_clk_1k_addsub0000_cy<19> (XLXI_3/Madd_clk_1k_addsub0000_cy<19>)
     MUXCY:CI->O           1   0.059   0.000  XLXI_3/Madd_clk_1k_addsub0000_cy<20> (XLXI_3/Madd_clk_1k_addsub0000_cy<20>)
     MUXCY:CI->O           1   0.059   0.000  XLXI_3/Madd_clk_1k_addsub0000_cy<21> (XLXI_3/Madd_clk_1k_addsub0000_cy<21>)
     MUXCY:CI->O           1   0.059   0.000  XLXI_3/Madd_clk_1k_addsub0000_cy<22> (XLXI_3/Madd_clk_1k_addsub0000_cy<22>)
     MUXCY:CI->O           1   0.059   0.000  XLXI_3/Madd_clk_1k_addsub0000_cy<23> (XLXI_3/Madd_clk_1k_addsub0000_cy<23>)
     MUXCY:CI->O           1   0.059   0.000  XLXI_3/Madd_clk_1k_addsub0000_cy<24> (XLXI_3/Madd_clk_1k_addsub0000_cy<24>)
     MUXCY:CI->O           1   0.059   0.000  XLXI_3/Madd_clk_1k_addsub0000_cy<25> (XLXI_3/Madd_clk_1k_addsub0000_cy<25>)
     MUXCY:CI->O           1   0.059   0.000  XLXI_3/Madd_clk_1k_addsub0000_cy<26> (XLXI_3/Madd_clk_1k_addsub0000_cy<26>)
     MUXCY:CI->O           1   0.059   0.000  XLXI_3/Madd_clk_1k_addsub0000_cy<27> (XLXI_3/Madd_clk_1k_addsub0000_cy<27>)
     MUXCY:CI->O           1   0.059   0.000  XLXI_3/Madd_clk_1k_addsub0000_cy<28> (XLXI_3/Madd_clk_1k_addsub0000_cy<28>)
     XORCY:CI->O           1   0.804   0.595  XLXI_3/Madd_clk_1k_addsub0000_xor<29> (XLXI_3/clk_1k_addsub0000<29>)
     LUT2:I0->O            1   0.704   0.000  XLXI_3/Mcompar_clk_1k_cmp_gt0000_lut<10> (XLXI_3/Mcompar_clk_1k_cmp_gt0000_lut<10>)
     MUXCY:S->O            1   0.464   0.000  XLXI_3/Mcompar_clk_1k_cmp_gt0000_cy<10> (XLXI_3/Mcompar_clk_1k_cmp_gt0000_cy<10>)
     MUXCY:CI->O           2   0.459   0.447  XLXI_3/Mcompar_clk_1k_cmp_gt0000_cy<11> (XLXI_3/Mcompar_clk_1k_cmp_gt0000_cy<11>)
     INV:I->O             32   0.704   1.262  XLXI_3/Mcompar_clk_1k_cmp_gt0000_cy<11>_inv_INV_0 (XLXI_3/clk_1k_cmp_gt0000)
     FDR:R                     0.911          XLXI_3/cnt1k_0
    ----------------------------------------
    Total                     10.324ns (7.398ns logic, 2.926ns route)
                                       (71.7% logic, 28.3% route)

=========================================================================
Timing constraint: Default period analysis for Clock 'Sys_Clock'
  Clock period: 9.046ns (frequency: 110.552MHz)
  Total number of paths / destination ports: 17953 / 66
-------------------------------------------------------------------------
Delay:               9.046ns (Levels of Logic = 33)
  Source:            XLXI_3/cnt1M_1 (FF)
  Destination:       XLXI_3/cnt1M_31 (FF)
  Source Clock:      Sys_Clock rising
  Destination Clock: Sys_Clock rising

  Data Path: XLXI_3/cnt1M_1 to XLXI_3/cnt1M_31
                                Gate     Net
    Cell:in->out      fanout   Delay   Delay  Logical Name (Net Name)
    ----------------------------------------  ------------
     FDR:C->Q              2   0.591   0.622  XLXI_3/cnt1M_1 (XLXI_3/cnt1M_1)
     LUT1:I0->O            1   0.704   0.000  XLXI_3/Madd_clk_1m_addsub0000_cy<1>_rt (XLXI_3/Madd_clk_1m_addsub0000_cy<1>_rt)
     MUXCY:S->O            1   0.464   0.000  XLXI_3/Madd_clk_1m_addsub0000_cy<1> (XLXI_3/Madd_clk_1m_addsub0000_cy<1>)
     MUXCY:CI->O           1   0.059   0.000  XLXI_3/Madd_clk_1m_addsub0000_cy<2> (XLXI_3/Madd_clk_1m_addsub0000_cy<2>)
     MUXCY:CI->O           1   0.059   0.000  XLXI_3/Madd_clk_1m_addsub0000_cy<3> (XLXI_3/Madd_clk_1m_addsub0000_cy<3>)
     MUXCY:CI->O           1   0.059   0.000  XLXI_3/Madd_clk_1m_addsub0000_cy<4> (XLXI_3/Madd_clk_1m_addsub0000_cy<4>)
     MUXCY:CI->O           1   0.059   0.000  XLXI_3/Madd_clk_1m_addsub0000_cy<5> (XLXI_3/Madd_clk_1m_addsub0000_cy<5>)
     MUXCY:CI->O           1   0.059   0.000  XLXI_3/Madd_clk_1m_addsub0000_cy<6> (XLXI_3/Madd_clk_1m_addsub0000_cy<6>)
     MUXCY:CI->O           1   0.059   0.000  XLXI_3/Madd_clk_1m_addsub0000_cy<7> (XLXI_3/Madd_clk_1m_addsub0000_cy<7>)
     MUXCY:CI->O           1   0.059   0.000  XLXI_3/Madd_clk_1m_addsub0000_cy<8> (XLXI_3/Madd_clk_1m_addsub0000_cy<8>)
     MUXCY:CI->O           1   0.059   0.000  XLXI_3/Madd_clk_1m_addsub0000_cy<9> (XLXI_3/Madd_clk_1m_addsub0000_cy<9>)
     MUXCY:CI->O           1   0.059   0.000  XLXI_3/Madd_clk_1m_addsub0000_cy<10> (XLXI_3/Madd_clk_1m_addsub0000_cy<10>)
     MUXCY:CI->O           1   0.059   0.000  XLXI_3/Madd_clk_1m_addsub0000_cy<11> (XLXI_3/Madd_clk_1m_addsub0000_cy<11>)
     MUXCY:CI->O           1   0.059   0.000  XLXI_3/Madd_clk_1m_addsub0000_cy<12> (XLXI_3/Madd_clk_1m_addsub0000_cy<12>)
     MUXCY:CI->O           1   0.059   0.000  XLXI_3/Madd_clk_1m_addsub0000_cy<13> (XLXI_3/Madd_clk_1m_addsub0000_cy<13>)
     MUXCY:CI->O           1   0.059   0.000  XLXI_3/Madd_clk_1m_addsub0000_cy<14> (XLXI_3/Madd_clk_1m_addsub0000_cy<14>)
     MUXCY:CI->O           1   0.059   0.000  XLXI_3/Madd_clk_1m_addsub0000_cy<15> (XLXI_3/Madd_clk_1m_addsub0000_cy<15>)
     MUXCY:CI->O           1   0.059   0.000  XLXI_3/Madd_clk_1m_addsub0000_cy<16> (XLXI_3/Madd_clk_1m_addsub0000_cy<16>)
     MUXCY:CI->O           1   0.059   0.000  XLXI_3/Madd_clk_1m_addsub0000_cy<17> (XLXI_3/Madd_clk_1m_addsub0000_cy<17>)
     MUXCY:CI->O           1   0.059   0.000  XLXI_3/Madd_clk_1m_addsub0000_cy<18> (XLXI_3/Madd_clk_1m_addsub0000_cy<18>)
     MUXCY:CI->O           1   0.059   0.000  XLXI_3/Madd_clk_1m_addsub0000_cy<19> (XLXI_3/Madd_clk_1m_addsub0000_cy<19>)
     MUXCY:CI->O           1   0.059   0.000  XLXI_3/Madd_clk_1m_addsub0000_cy<20> (XLXI_3/Madd_clk_1m_addsub0000_cy<20>)
     MUXCY:CI->O           1   0.059   0.000  XLXI_3/Madd_clk_1m_addsub0000_cy<21> (XLXI_3/Madd_clk_1m_addsub0000_cy<21>)
     MUXCY:CI->O           1   0.059   0.000  XLXI_3/Madd_clk_1m_addsub0000_cy<22> (XLXI_3/Madd_clk_1m_addsub0000_cy<22>)
     MUXCY:CI->O           1   0.059   0.000  XLXI_3/Madd_clk_1m_addsub0000_cy<23> (XLXI_3/Madd_clk_1m_addsub0000_cy<23>)
     MUXCY:CI->O           1   0.059   0.000  XLXI_3/Madd_clk_1m_addsub0000_cy<24> (XLXI_3/Madd_clk_1m_addsub0000_cy<24>)
     MUXCY:CI->O           1   0.059   0.000  XLXI_3/Madd_clk_1m_addsub0000_cy<25> (XLXI_3/Madd_clk_1m_addsub0000_cy<25>)
     MUXCY:CI->O           1   0.059   0.000  XLXI_3/Madd_clk_1m_addsub0000_cy<26> (XLXI_3/Madd_clk_1m_addsub0000_cy<26>)
     MUXCY:CI->O           1   0.059   0.000  XLXI_3/Madd_clk_1m_addsub0000_cy<27> (XLXI_3/Madd_clk_1m_addsub0000_cy<27>)
     MUXCY:CI->O           1   0.059   0.000  XLXI_3/Madd_clk_1m_addsub0000_cy<28> (XLXI_3/Madd_clk_1m_addsub0000_cy<28>)
     XORCY:CI->O           1   0.804   0.595  XLXI_3/Madd_clk_1m_addsub0000_xor<29> (XLXI_3/clk_1m_addsub0000<29>)
     LUT2:I0->O            1   0.704   0.000  XLXI_3/Mcompar_clk_1m_cmp_ge0000_lut<9> (XLXI_3/Mcompar_clk_1m_cmp_ge0000_lut<9>)
     MUXCY:S->O            1   0.464   0.000  XLXI_3/Mcompar_clk_1m_cmp_ge0000_cy<9> (XLXI_3/Mcompar_clk_1m_cmp_ge0000_cy<9>)
     MUXCY:CI->O          33   0.331   1.263  XLXI_3/Mcompar_clk_1m_cmp_ge0000_cy<10> (XLXI_3/clk_1m_cmp_ge0000)
     FDR:R                     0.911          XLXI_3/cnt1M_0
    ----------------------------------------
    Total                      9.046ns (6.566ns logic, 2.480ns route)
                                       (72.6% logic, 27.4% route)

=========================================================================
Timing constraint: Default OFFSET IN BEFORE for Clock 'XLXI_3/clk_1k'
  Total number of paths / destination ports: 8 / 2
-------------------------------------------------------------------------
Offset:              2.825ns (Levels of Logic = 2)
  Source:            row<1> (PAD)
  Destination:       XLXI_6/keyO (FF)
  Destination Clock: XLXI_3/clk_1k rising

  Data Path: row<1> to XLXI_6/keyO
                                Gate     Net
    Cell:in->out      fanout   Delay   Delay  Logical Name (Net Name)
    ----------------------------------------  ------------
     IBUF:I->O             1   1.218   0.595  row_1_IBUF (row_1_IBUF)
     LUT4:I0->O            2   0.704   0.000  XLXI_6/keyO_or00001 (XLXI_6/keyO_mux0002_norst)
     FDR:D                     0.308          XLXI_6/keyO
    ----------------------------------------
    Total                      2.825ns (2.230ns logic, 0.595ns route)
                                       (78.9% logic, 21.1% route)

=========================================================================
Timing constraint: Default OFFSET OUT AFTER for Clock 'XLXI_3/clk_1k'
  Total number of paths / destination ports: 3 / 3
-------------------------------------------------------------------------
Offset:              5.609ns (Levels of Logic = 2)
  Source:            XLXI_6/keyO (FF)
  Destination:       sseg<7> (PAD)
  Source Clock:      XLXI_3/clk_1k rising

  Data Path: XLXI_6/keyO to sseg<7>
                                Gate     Net
    Cell:in->out      fanout   Delay   Delay  Logical Name (Net Name)
    ----------------------------------------  ------------
     FDR:C->Q              2   0.591   0.622  XLXI_6/keyO (XLXI_6/keyO)
     LUT2:I0->O            1   0.704   0.420  XLXI_4/sseg_7_not00001 (sseg_7_OBUF)
     OBUF:I->O                 3.272          sseg_7_OBUF (sseg<7>)
    ----------------------------------------
    Total                      5.609ns (4.567ns logic, 1.042ns route)
                                       (81.4% logic, 18.6% route)

=========================================================================
Timing constraint: Default OFFSET OUT AFTER for Clock 'XLXI_3/clk_10k'
  Total number of paths / destination ports: 5 / 5
-------------------------------------------------------------------------
Offset:              5.597ns (Levels of Logic = 2)
  Source:            XLXI_1/col_0 (FF)
  Destination:       sseg<7> (PAD)
  Source Clock:      XLXI_3/clk_10k rising

  Data Path: XLXI_1/col_0 to sseg<7>
                                Gate     Net
    Cell:in->out      fanout   Delay   Delay  Logical Name (Net Name)
    ----------------------------------------  ------------
     FDR:C->Q              3   0.591   0.610  XLXI_1/col_0 (XLXI_1/col_0)
     LUT2:I1->O            1   0.704   0.420  XLXI_4/sseg_7_not00001 (sseg_7_OBUF)
     OBUF:I->O                 3.272          sseg_7_OBUF (sseg<7>)
    ----------------------------------------
    Total                      5.597ns (4.567ns logic, 1.030ns route)
                                       (81.6% logic, 18.4% route)

=========================================================================


Total REAL time to Xst completion: 4.00 secs
Total CPU time to Xst completion: 4.01 secs
 
--> 


Total memory usage is 538648 kilobytes

Number of errors   :    0 (   0 filtered)
Number of warnings :   66 (   0 filtered)
Number of infos    :    6 (   0 filtered)

