EN dcm_50m NULL C:/Users/Vason/Documents/GitHub/Physics301-Fall2018-NL-RC/Lab6/Lab6_Ex4_V2/Lab6_Ex4_V2/DCM_50M.vhd sub00/vhpl04 1539103376
MO Lab6_Ex4_V2 NULL Lab6_Ex4_V2.vf vlg74/_lab6___ex4___v2.bin 1539103373
EN sel_strobeb NULL C:/Users/Vason/Documents/GitHub/Physics301-Fall2018-NL-RC/Lab6/Lab6_Ex4_V2/Lab6_Ex4_V2/sel_strobeB.vhd sub00/vhpl08 1539103380
EN ssd_1dig NULL C:/Users/Vason/Documents/GitHub/Physics301-Fall2018-NL-RC/Lab6/Lab6_Ex4_V2/Lab6_Ex4_V2/SSD_1dig.vhd sub00/vhpl10 1539103382
AR mux4ssd behavioral C:/Users/Vason/Documents/GitHub/Physics301-Fall2018-NL-RC/Lab6/Lab6_Ex4_V2/Lab6_Ex4_V2/mux4SSD.vhd sub00/vhpl07 1539103379
AR crenc4bin behavioral C:/Users/Vason/Documents/GitHub/Physics301-Fall2018-NL-RC/Lab6/Lab6_Ex4_V2/Lab6_Ex4_V2/CRenc4bin.vhd sub00/vhpl03 1539103375
EN bin2bcd3en NULL C:/Users/Vason/Documents/GitHub/Physics301-Fall2018-NL-RC/Lab6/Lab6_Ex4_V2/Lab6_Ex4_V2/bin2BCD3en.vhd sub00/vhpl00 1539103372
AR sel_strobeb behavioral C:/Users/Vason/Documents/GitHub/Physics301-Fall2018-NL-RC/Lab6/Lab6_Ex4_V2/Lab6_Ex4_V2/sel_strobeB.vhd sub00/vhpl09 1539103381
AR ssd_1dig behavioral C:/Users/Vason/Documents/GitHub/Physics301-Fall2018-NL-RC/Lab6/Lab6_Ex4_V2/Lab6_Ex4_V2/SSD_1dig.vhd sub00/vhpl11 1539103383
EN mux4ssd NULL C:/Users/Vason/Documents/GitHub/Physics301-Fall2018-NL-RC/Lab6/Lab6_Ex4_V2/Lab6_Ex4_V2/mux4SSD.vhd sub00/vhpl06 1539103378
EN col_strobe NULL C:/Users/Vason/Documents/GitHub/Physics301-Fall2018-NL-RC/Lab6/Lab6_Ex4_V2/Lab6_Ex4_V2/col_strobe.vhd sub00/vhpl12 1538877020
AR col_strobe behavioral C:/Users/Vason/Documents/GitHub/Physics301-Fall2018-NL-RC/Lab6/Lab6_Ex4_V2/Lab6_Ex4_V2/col_strobe.vhd sub00/vhpl13 1538877021
AR bin2bcd3en behavioral C:/Users/Vason/Documents/GitHub/Physics301-Fall2018-NL-RC/Lab6/Lab6_Ex4_V2/Lab6_Ex4_V2/bin2BCD3en.vhd sub00/vhpl01 1539103373
EN crenc4bin NULL C:/Users/Vason/Documents/GitHub/Physics301-Fall2018-NL-RC/Lab6/Lab6_Ex4_V2/Lab6_Ex4_V2/CRenc4bin.vhd sub00/vhpl02 1539103374
AR dcm_50m behavioral C:/Users/Vason/Documents/GitHub/Physics301-Fall2018-NL-RC/Lab6/Lab6_Ex4_V2/Lab6_Ex4_V2/DCM_50M.vhd sub00/vhpl05 1539103377
