V3 19
FL /home/nick/git-repos/Physics301-Fall2018-NL-RC/goodies/bin2BCD3en.vhd 2018/10/06.21:00:18 P.68d
EN work/bin2BCD3en 1539116933 \
      FL /home/nick/git-repos/Physics301-Fall2018-NL-RC/goodies/bin2BCD3en.vhd \
      PB ieee/std_logic_1164 1370735607 PB ieee/std_logic_arith 1370735608 \
      PB ieee/STD_LOGIC_UNSIGNED 1370735609 LB UNISIM PH unisim/VCOMPONENTS 1370735613
AR work/bin2BCD3en/Behavioral 1539116934 \
      FL /home/nick/git-repos/Physics301-Fall2018-NL-RC/goodies/bin2BCD3en.vhd \
      EN work/bin2BCD3en 1539116933
FL /home/nick/git-repos/Physics301-Fall2018-NL-RC/goodies/sel_strobeB.vhd 2018/10/06.21:00:18 P.68d
EN work/sel_strobeB 1539116935 \
      FL /home/nick/git-repos/Physics301-Fall2018-NL-RC/goodies/sel_strobeB.vhd \
      PB ieee/std_logic_1164 1370735607 PB ieee/std_logic_arith 1370735608 \
      PB ieee/STD_LOGIC_UNSIGNED 1370735609
AR work/sel_strobeB/Behavioral 1539116936 \
      FL /home/nick/git-repos/Physics301-Fall2018-NL-RC/goodies/sel_strobeB.vhd \
      EN work/sel_strobeB 1539116935
FL /home/nick/git-repos/Physics301-Fall2018-NL-RC/Lab6/Lab6_Ex4_V2/Lab6_Ex4_V2/CRenc4bin.vhd 2018/10/06.21:00:18 P.68d
EN work/CRenc4bin 1539116937 \
      FL /home/nick/git-repos/Physics301-Fall2018-NL-RC/Lab6/Lab6_Ex4_V2/Lab6_Ex4_V2/CRenc4bin.vhd \
      PB ieee/std_logic_1164 1370735607 PB ieee/std_logic_arith 1370735608 \
      PB ieee/STD_LOGIC_UNSIGNED 1370735609
AR work/CRenc4bin/Behavioral 1539116938 \
      FL /home/nick/git-repos/Physics301-Fall2018-NL-RC/Lab6/Lab6_Ex4_V2/Lab6_Ex4_V2/CRenc4bin.vhd \
      EN work/CRenc4bin 1539116937
FL /home/nick/git-repos/Physics301-Fall2018-NL-RC/Lab6/Lab6_Ex4_V2/Lab6_Ex4_V2/DCM_50M.vhd 2018/10/06.21:00:18 P.68d
EN work/DCM_50M 1539116939 \
      FL /home/nick/git-repos/Physics301-Fall2018-NL-RC/Lab6/Lab6_Ex4_V2/Lab6_Ex4_V2/DCM_50M.vhd \
      PB ieee/std_logic_1164 1370735607
AR work/DCM_50M/Behavioral 1539116940 \
      FL /home/nick/git-repos/Physics301-Fall2018-NL-RC/Lab6/Lab6_Ex4_V2/Lab6_Ex4_V2/DCM_50M.vhd \
      EN work/DCM_50M 1539116939
FL /home/nick/git-repos/Physics301-Fall2018-NL-RC/Lab6/Lab6_Ex4_V2/Lab6_Ex4_V2/mux4SSD.vhd 2018/10/06.21:00:18 P.68d
EN work/mux4SSD 1539116941 \
      FL /home/nick/git-repos/Physics301-Fall2018-NL-RC/Lab6/Lab6_Ex4_V2/Lab6_Ex4_V2/mux4SSD.vhd \
      PB ieee/std_logic_1164 1370735607 PB ieee/std_logic_arith 1370735608 \
      PB ieee/STD_LOGIC_UNSIGNED 1370735609
AR work/mux4SSD/Behavioral 1539116942 \
      FL /home/nick/git-repos/Physics301-Fall2018-NL-RC/Lab6/Lab6_Ex4_V2/Lab6_Ex4_V2/mux4SSD.vhd \
      EN work/mux4SSD 1539116941
FL /home/nick/git-repos/Physics301-Fall2018-NL-RC/Lab6/Lab6_Ex4_V2/Lab6_Ex4_V2/SSD_1dig.vhd 2018/10/06.21:00:18 P.68d
EN work/SSD_1dig 1539116943 \
      FL /home/nick/git-repos/Physics301-Fall2018-NL-RC/Lab6/Lab6_Ex4_V2/Lab6_Ex4_V2/SSD_1dig.vhd \
      PB ieee/std_logic_1164 1370735607 PB ieee/std_logic_arith 1370735608 \
      PB ieee/STD_LOGIC_UNSIGNED 1370735609
AR work/SSD_1dig/Behavioral 1539116944 \
      FL /home/nick/git-repos/Physics301-Fall2018-NL-RC/Lab6/Lab6_Ex4_V2/Lab6_Ex4_V2/SSD_1dig.vhd \
      EN work/SSD_1dig 1539116943
