V3 22
FL C:/Users/Vason/Documents/GitHub/Physics301-Fall2018-NL-RC/Lab6/Lab6_Ex4_V2/Lab6_Ex4_V2/bin2BCD3en.vhd 2018/10/06.18:00:12 P.20131013
EN work/bin2BCD3en 1538877202 \
      FL C:/Users/Vason/Documents/GitHub/Physics301-Fall2018-NL-RC/Lab6/Lab6_Ex4_V2/Lab6_Ex4_V2/bin2BCD3en.vhd \
      PB ieee/std_logic_1164 1381692176 PB ieee/std_logic_arith 1381692177 \
      PB ieee/STD_LOGIC_UNSIGNED 1381692179 LB UNISIM PH unisim/VCOMPONENTS 1381692182
AR work/bin2BCD3en/Behavioral 1538877203 \
      FL C:/Users/Vason/Documents/GitHub/Physics301-Fall2018-NL-RC/Lab6/Lab6_Ex4_V2/Lab6_Ex4_V2/bin2BCD3en.vhd \
      EN work/bin2BCD3en 1538877202
FL C:/Users/Vason/Documents/GitHub/Physics301-Fall2018-NL-RC/Lab6/Lab6_Ex4_V2/Lab6_Ex4_V2/col_strobe.vhd 2018/10/06.18:00:13 P.20131013
EN work/col_strobe 1538877020 \
      FL C:/Users/Vason/Documents/GitHub/Physics301-Fall2018-NL-RC/Lab6/Lab6_Ex4_V2/Lab6_Ex4_V2/col_strobe.vhd \
      PB ieee/std_logic_1164 1381692176 PB ieee/std_logic_arith 1381692177 \
      PB ieee/STD_LOGIC_UNSIGNED 1381692179
AR work/col_strobe/Behavioral 1538877021 \
      FL C:/Users/Vason/Documents/GitHub/Physics301-Fall2018-NL-RC/Lab6/Lab6_Ex4_V2/Lab6_Ex4_V2/col_strobe.vhd \
      EN work/col_strobe 1538877020
FL C:/Users/Vason/Documents/GitHub/Physics301-Fall2018-NL-RC/Lab6/Lab6_Ex4_V2/Lab6_Ex4_V2/CRenc4bin.vhd 2018/10/06.18:00:14 P.20131013
EN work/CRenc4bin 1538877204 \
      FL C:/Users/Vason/Documents/GitHub/Physics301-Fall2018-NL-RC/Lab6/Lab6_Ex4_V2/Lab6_Ex4_V2/CRenc4bin.vhd \
      PB ieee/std_logic_1164 1381692176 PB ieee/std_logic_arith 1381692177 \
      PB ieee/STD_LOGIC_UNSIGNED 1381692179
AR work/CRenc4bin/Behavioral 1538877205 \
      FL C:/Users/Vason/Documents/GitHub/Physics301-Fall2018-NL-RC/Lab6/Lab6_Ex4_V2/Lab6_Ex4_V2/CRenc4bin.vhd \
      EN work/CRenc4bin 1538877204
FL C:/Users/Vason/Documents/GitHub/Physics301-Fall2018-NL-RC/Lab6/Lab6_Ex4_V2/Lab6_Ex4_V2/DCM_50M.vhd 2018/10/06.18:00:34 P.20131013
EN work/DCM_50M 1538877206 \
      FL C:/Users/Vason/Documents/GitHub/Physics301-Fall2018-NL-RC/Lab6/Lab6_Ex4_V2/Lab6_Ex4_V2/DCM_50M.vhd \
      PB ieee/std_logic_1164 1381692176
AR work/DCM_50M/Behavioral 1538877207 \
      FL C:/Users/Vason/Documents/GitHub/Physics301-Fall2018-NL-RC/Lab6/Lab6_Ex4_V2/Lab6_Ex4_V2/DCM_50M.vhd \
      EN work/DCM_50M 1538877206
FL C:/Users/Vason/Documents/GitHub/Physics301-Fall2018-NL-RC/Lab6/Lab6_Ex4_V2/Lab6_Ex4_V2/mux4SSD.vhd 2018/10/06.18:00:50 P.20131013
EN work/mux4SSD 1538877208 \
      FL C:/Users/Vason/Documents/GitHub/Physics301-Fall2018-NL-RC/Lab6/Lab6_Ex4_V2/Lab6_Ex4_V2/mux4SSD.vhd \
      PB ieee/std_logic_1164 1381692176 PB ieee/std_logic_arith 1381692177 \
      PB ieee/STD_LOGIC_UNSIGNED 1381692179
AR work/mux4SSD/Behavioral 1538877209 \
      FL C:/Users/Vason/Documents/GitHub/Physics301-Fall2018-NL-RC/Lab6/Lab6_Ex4_V2/Lab6_Ex4_V2/mux4SSD.vhd \
      EN work/mux4SSD 1538877208
FL C:/Users/Vason/Documents/GitHub/Physics301-Fall2018-NL-RC/Lab6/Lab6_Ex4_V2/Lab6_Ex4_V2/sel_strobeB.vhd 2018/10/06.18:01:01 P.20131013
EN work/sel_strobeB 1538877210 \
      FL C:/Users/Vason/Documents/GitHub/Physics301-Fall2018-NL-RC/Lab6/Lab6_Ex4_V2/Lab6_Ex4_V2/sel_strobeB.vhd \
      PB ieee/std_logic_1164 1381692176 PB ieee/std_logic_arith 1381692177 \
      PB ieee/STD_LOGIC_UNSIGNED 1381692179
AR work/sel_strobeB/Behavioral 1538877211 \
      FL C:/Users/Vason/Documents/GitHub/Physics301-Fall2018-NL-RC/Lab6/Lab6_Ex4_V2/Lab6_Ex4_V2/sel_strobeB.vhd \
      EN work/sel_strobeB 1538877210
FL C:/Users/Vason/Documents/GitHub/Physics301-Fall2018-NL-RC/Lab6/Lab6_Ex4_V2/Lab6_Ex4_V2/SSD_1dig.vhd 2018/10/06.18:01:03 P.20131013
EN work/SSD_1dig 1538877212 \
      FL C:/Users/Vason/Documents/GitHub/Physics301-Fall2018-NL-RC/Lab6/Lab6_Ex4_V2/Lab6_Ex4_V2/SSD_1dig.vhd \
      PB ieee/std_logic_1164 1381692176 PB ieee/std_logic_arith 1381692177 \
      PB ieee/STD_LOGIC_UNSIGNED 1381692179
AR work/SSD_1dig/Behavioral 1538877213 \
      FL C:/Users/Vason/Documents/GitHub/Physics301-Fall2018-NL-RC/Lab6/Lab6_Ex4_V2/Lab6_Ex4_V2/SSD_1dig.vhd \
      EN work/SSD_1dig 1538877212
