#-----------------------------------------------------------
# PlanAhead v14.7 (64-bit)
# Build 321239 by xbuild on Fri Sep 27 19:29:51 MDT 2013
# Start of session at: Thu Oct 11 14:43:35 2018
# Process ID: 2988
# Log file: C:/Users/Robert/Desktop/phys301/ISE projects/_Ryan/Physics301-Fall2018-NL-RC-master_10_7/Physics301-Fall2018-NL-RC-master/Lab7/Lab7_Ex8/planAhead_run_1/planAhead.log
# Journal file: C:/Users/Robert/Desktop/phys301/ISE projects/_Ryan/Physics301-Fall2018-NL-RC-master_10_7/Physics301-Fall2018-NL-RC-master/Lab7/Lab7_Ex8/planAhead_run_1/planAhead.jou
#-----------------------------------------------------------
start_gui
source {C:/Users/Robert/Desktop/phys301/ISE projects/_Ryan/Physics301-Fall2018-NL-RC-master_10_7/Physics301-Fall2018-NL-RC-master/Lab7/Lab7_Ex8/pa.fromNetlist.tcl}
startgroup
set_property package_pin B8 [get_ports CLR]
endgroup
startgroup
set_property package_pin B8 [get_ports CLR]
endgroup
startgroup
set_property package_pin G12 [get_ports CLK]
endgroup
save_constraints
