Release 14.6 - xst P.68d (lin64)
Copyright (c) 1995-2013 Xilinx, Inc.  All rights reserved.
--> 
Parameter TMPDIR set to xst/projnav.tmp


Total REAL time to Xst completion: 0.00 secs
Total CPU time to Xst completion: 0.04 secs
 
--> 
Parameter xsthdpdir set to xst


Total REAL time to Xst completion: 0.00 secs
Total CPU time to Xst completion: 0.04 secs
 
--> 
Reading design: Exp7.prj

TABLE OF CONTENTS
  1) Synthesis Options Summary
  2) HDL Compilation
  3) Design Hierarchy Analysis
  4) HDL Analysis
  5) HDL Synthesis
     5.1) HDL Synthesis Report
  6) Advanced HDL Synthesis
     6.1) Advanced HDL Synthesis Report
  7) Low Level Synthesis
  8) Partition Report
  9) Final Report
	9.1) Device utilization summary
	9.2) Partition Resource Summary
	9.3) TIMING REPORT


=========================================================================
*                      Synthesis Options Summary                        *
=========================================================================
---- Source Parameters
Input File Name                    : "Exp7.prj"
Input Format                       : mixed
Ignore Synthesis Constraint File   : NO

---- Target Parameters
Output File Name                   : "Exp7"
Output Format                      : NGC
Target Device                      : xc3s100e-4-cp132

---- Source Options
Top Module Name                    : Exp7
Automatic FSM Extraction           : YES
FSM Encoding Algorithm             : Auto
Safe Implementation                : No
FSM Style                          : LUT
RAM Extraction                     : Yes
RAM Style                          : Auto
ROM Extraction                     : Yes
Mux Style                          : Auto
Decoder Extraction                 : YES
Priority Encoder Extraction        : Yes
Shift Register Extraction          : YES
Logical Shifter Extraction         : YES
XOR Collapsing                     : YES
ROM Style                          : Auto
Mux Extraction                     : Yes
Resource Sharing                   : YES
Asynchronous To Synchronous        : NO
Multiplier Style                   : Auto
Automatic Register Balancing       : No

---- Target Options
Add IO Buffers                     : YES
Global Maximum Fanout              : 100000
Add Generic Clock Buffer(BUFG)     : 24
Register Duplication               : YES
Slice Packing                      : YES
Optimize Instantiated Primitives   : NO
Use Clock Enable                   : Yes
Use Synchronous Set                : Yes
Use Synchronous Reset              : Yes
Pack IO Registers into IOBs        : Auto
Equivalent register Removal        : YES

---- General Options
Optimization Goal                  : Speed
Optimization Effort                : 1
Keep Hierarchy                     : No
Netlist Hierarchy                  : As_Optimized
RTL Output                         : Yes
Global Optimization                : AllClockNets
Read Cores                         : YES
Write Timing Constraints           : NO
Cross Clock Analysis               : NO
Hierarchy Separator                : /
Bus Delimiter                      : <>
Case Specifier                     : Maintain
Slice Utilization Ratio            : 100
BRAM Utilization Ratio             : 100
Verilog 2001                       : YES
Auto BRAM Packing                  : NO
Slice Utilization Ratio Delta      : 5

=========================================================================


=========================================================================
*                          HDL Compilation                              *
=========================================================================
Compiling vhdl file "/home/nick/git-repos/Physics301-Fall2018-NL-RC/goodies/DCM_50M.vhd" in Library work.
Architecture behavioral of Entity dcm_50m is up to date.
Compiling vhdl file "/home/nick/git-repos/Physics301-Fall2018-NL-RC/goodies/SSD_1dig.vhd" in Library work.
Architecture behavioral of Entity ssd_1dig is up to date.
Compiling vhdl file "/home/nick/git-repos/Physics301-Fall2018-NL-RC/goodies/sel_strobeB.vhd" in Library work.
Architecture behavioral of Entity sel_strobeb is up to date.
Compiling vhdl file "/home/nick/git-repos/Physics301-Fall2018-NL-RC/goodies/bin2BCD3en.vhd" in Library work.
Architecture behavioral of Entity bin2bcd3en is up to date.
Compiling vhdl file "/home/nick/git-repos/Physics301-Fall2018-NL-RC/goodies/mux4SSD.vhd" in Library work.
Architecture behavioral of Entity mux4ssd is up to date.
Compiling vhdl file "/home/nick/git-repos/Physics301-Fall2018-NL-RC/Lab8/Exp7/seven_seg.vhf" in Library work.
Architecture behavioral of Entity seven_seg is up to date.
Compiling vhdl file "/home/nick/git-repos/Physics301-Fall2018-NL-RC/Lab8/Exp7/Exp7.vhf" in Library work.
Entity <fjkc_mxilinx_exp7> compiled.
Entity <fjkc_mxilinx_exp7> (Architecture <behavioral>) compiled.
Entity <m2_1b1_mxilinx_exp7> compiled.
Entity <m2_1b1_mxilinx_exp7> (Architecture <behavioral>) compiled.
Entity <m2_1_mxilinx_exp7> compiled.
Entity <m2_1_mxilinx_exp7> (Architecture <behavioral>) compiled.
Entity <ftclex_mxilinx_exp7> compiled.
Entity <ftclex_mxilinx_exp7> (Architecture <behavioral>) compiled.
Entity <cb4cled_mxilinx_exp7> compiled.
Entity <cb4cled_mxilinx_exp7> (Architecture <behavioral>) compiled.
Entity <exp7> compiled.
Entity <exp7> (Architecture <behavioral>) compiled.

=========================================================================
*                     Design Hierarchy Analysis                         *
=========================================================================
Analyzing hierarchy for entity <Exp7> in library <work> (architecture <behavioral>).

Analyzing hierarchy for entity <CB4CLED_MXILINX_Exp7> in library <work> (architecture <behavioral>).

Analyzing hierarchy for entity <seven_seg> in library <work> (architecture <behavioral>).

Analyzing hierarchy for entity <FJKC_MXILINX_Exp7> in library <work> (architecture <behavioral>) with generics.
	INIT = '0'

Analyzing hierarchy for entity <FTCLEX_MXILINX_Exp7> in library <work> (architecture <behavioral>) with generics.
	INIT = '0'

Analyzing hierarchy for entity <M2_1_MXILINX_Exp7> in library <work> (architecture <behavioral>).

Analyzing hierarchy for entity <M2_1B1_MXILINX_Exp7> in library <work> (architecture <behavioral>).

Analyzing hierarchy for entity <DCM_50M> in library <work> (architecture <behavioral>) with generics.
	DIV100 = 50
	DIV1k = 500
	DIV50 = 25

Analyzing hierarchy for entity <SSD_1dig> in library <work> (architecture <behavioral>).

Analyzing hierarchy for entity <sel_strobeB> in library <work> (architecture <behavioral>).

Analyzing hierarchy for entity <bin2BCD3en> in library <work> (architecture <behavioral>).

Analyzing hierarchy for entity <mux4SSD> in library <work> (architecture <behavioral>).


=========================================================================
*                            HDL Analysis                               *
=========================================================================
Analyzing Entity <Exp7> in library <work> (Architecture <behavioral>).
WARNING:Xst:753 - "/home/nick/git-repos/Physics301-Fall2018-NL-RC/Lab8/Exp7/Exp7.vhf" line 655: Unconnected output port 'CEO' of component 'CB4CLED_MXILINX_Exp7'.
WARNING:Xst:753 - "/home/nick/git-repos/Physics301-Fall2018-NL-RC/Lab8/Exp7/Exp7.vhf" line 655: Unconnected output port 'TC' of component 'CB4CLED_MXILINX_Exp7'.
    Set user-defined property "HU_SET =  XLXI_1_9" for instance <XLXI_1> in unit <Exp7>.
WARNING:Xst:753 - "/home/nick/git-repos/Physics301-Fall2018-NL-RC/Lab8/Exp7/Exp7.vhf" line 682: Unconnected output port 'Q' of component 'FJKC_MXILINX_Exp7'.
    Set user-defined property "HU_SET =  XLXI_27_10" for instance <XLXI_27> in unit <Exp7>.
Entity <Exp7> analyzed. Unit <Exp7> generated.

Analyzing Entity <CB4CLED_MXILINX_Exp7> in library <work> (Architecture <behavioral>).
    Set user-defined property "HU_SET =  I_Q0_4" for instance <I_Q0> in unit <CB4CLED_MXILINX_Exp7>.
    Set user-defined property "HU_SET =  I_Q1_3" for instance <I_Q1> in unit <CB4CLED_MXILINX_Exp7>.
    Set user-defined property "HU_SET =  I_Q2_2" for instance <I_Q2> in unit <CB4CLED_MXILINX_Exp7>.
    Set user-defined property "HU_SET =  I_Q3_1" for instance <I_Q3> in unit <CB4CLED_MXILINX_Exp7>.
    Set user-defined property "HU_SET =  I_TC_7" for instance <I_TC> in unit <CB4CLED_MXILINX_Exp7>.
    Set user-defined property "HU_SET =  I_T1_8" for instance <I_T1> in unit <CB4CLED_MXILINX_Exp7>.
    Set user-defined property "HU_SET =  I_T2_5" for instance <I_T2> in unit <CB4CLED_MXILINX_Exp7>.
    Set user-defined property "HU_SET =  I_T3_6" for instance <I_T3> in unit <CB4CLED_MXILINX_Exp7>.
Entity <CB4CLED_MXILINX_Exp7> analyzed. Unit <CB4CLED_MXILINX_Exp7> generated.

Analyzing generic Entity <FTCLEX_MXILINX_Exp7> in library <work> (Architecture <behavioral>).
	INIT = '0'
    Set user-defined property "HU_SET =  I_36_30_0" for instance <I_36_30> in unit <FTCLEX_MXILINX_Exp7>.
    Set user-defined property "INIT =  0" for instance <I_36_35> in unit <FTCLEX_MXILINX_Exp7>.
    Set user-defined property "RLOC =  X0Y0" for instance <I_36_35> in unit <FTCLEX_MXILINX_Exp7>.
Entity <FTCLEX_MXILINX_Exp7> analyzed. Unit <FTCLEX_MXILINX_Exp7> generated.

Analyzing Entity <M2_1_MXILINX_Exp7> in library <work> (Architecture <behavioral>).
Entity <M2_1_MXILINX_Exp7> analyzed. Unit <M2_1_MXILINX_Exp7> generated.

Analyzing Entity <M2_1B1_MXILINX_Exp7> in library <work> (Architecture <behavioral>).
Entity <M2_1B1_MXILINX_Exp7> analyzed. Unit <M2_1B1_MXILINX_Exp7> generated.

Analyzing Entity <seven_seg> in library <work> (Architecture <behavioral>).
WARNING:Xst:753 - "/home/nick/git-repos/Physics301-Fall2018-NL-RC/Lab8/Exp7/seven_seg.vhf" line 101: Unconnected output port 'CLK1M' of component 'DCM_50M'.
WARNING:Xst:753 - "/home/nick/git-repos/Physics301-Fall2018-NL-RC/Lab8/Exp7/seven_seg.vhf" line 101: Unconnected output port 'CLK10k' of component 'DCM_50M'.
WARNING:Xst:753 - "/home/nick/git-repos/Physics301-Fall2018-NL-RC/Lab8/Exp7/seven_seg.vhf" line 101: Unconnected output port 'CLK1' of component 'DCM_50M'.
WARNING:Xst:753 - "/home/nick/git-repos/Physics301-Fall2018-NL-RC/Lab8/Exp7/seven_seg.vhf" line 118: Unconnected output port 'RBout' of component 'bin2BCD3en'.
Entity <seven_seg> analyzed. Unit <seven_seg> generated.

Analyzing generic Entity <DCM_50M> in library <work> (Architecture <behavioral>).
	DIV100 = 50
	DIV1k = 500
	DIV50 = 25
Entity <DCM_50M> analyzed. Unit <DCM_50M> generated.

Analyzing Entity <SSD_1dig> in library <work> (Architecture <behavioral>).
Entity <SSD_1dig> analyzed. Unit <SSD_1dig> generated.

Analyzing Entity <sel_strobeB> in library <work> (Architecture <behavioral>).
Entity <sel_strobeB> analyzed. Unit <sel_strobeB> generated.

Analyzing Entity <bin2BCD3en> in library <work> (Architecture <behavioral>).
INFO:Xst:1561 - "/home/nick/git-repos/Physics301-Fall2018-NL-RC/goodies/bin2BCD3en.vhd" line 62: Mux is complete : default of case is discarded
INFO:Xst:1561 - "/home/nick/git-repos/Physics301-Fall2018-NL-RC/goodies/bin2BCD3en.vhd" line 62: Mux is complete : default of case is discarded
INFO:Xst:2679 - Register <Dout3> in unit <bin2BCD3en> has a constant value of 0000 during circuit operation. The register is replaced by logic.
Entity <bin2BCD3en> analyzed. Unit <bin2BCD3en> generated.

Analyzing Entity <mux4SSD> in library <work> (Architecture <behavioral>).
Entity <mux4SSD> analyzed. Unit <mux4SSD> generated.

Analyzing generic Entity <FJKC_MXILINX_Exp7> in library <work> (Architecture <behavioral>).
	INIT = '0'
    Set user-defined property "INIT =  0" for instance <I_36_32> in unit <FJKC_MXILINX_Exp7>.
    Set user-defined property "RLOC =  X0Y0" for instance <I_36_32> in unit <FJKC_MXILINX_Exp7>.
Entity <FJKC_MXILINX_Exp7> analyzed. Unit <FJKC_MXILINX_Exp7> generated.


=========================================================================
*                           HDL Synthesis                               *
=========================================================================

Performing bidirectional port resolution...

Synthesizing Unit <DCM_50M>.
    Related source file is "/home/nick/git-repos/Physics301-Fall2018-NL-RC/goodies/DCM_50M.vhd".
    Found 1-bit register for signal <clk_1>.
    Found 32-bit adder for signal <clk_1$addsub0000> created at line 121.
    Found 32-bit comparator greater for signal <clk_1$cmp_gt0000> created at line 122.
    Found 1-bit register for signal <clk_10k>.
    Found 1-bit register for signal <clk_1k>.
    Found 32-bit adder for signal <clk_1k$addsub0000> created at line 101.
    Found 32-bit comparator greater for signal <clk_1k$cmp_gt0000> created at line 102.
    Found 1-bit register for signal <clk_1m>.
    Found 32-bit adder for signal <clk_1m$addsub0000> created at line 61.
    Found 32-bit comparator greatequal for signal <clk_1m$cmp_ge0000> created at line 62.
    Found 32-bit up counter for signal <cnt1>.
    Found 32-bit up counter for signal <cnt10k>.
    Found 32-bit adder for signal <cnt10k$addsub0000> created at line 81.
    Found 32-bit comparator greater for signal <cnt10k$cmp_gt0000> created at line 82.
    Found 32-bit up counter for signal <cnt1k>.
    Found 32-bit up counter for signal <cnt1M>.
    Summary:
	inferred   4 Counter(s).
	inferred   4 D-type flip-flop(s).
	inferred   4 Adder/Subtractor(s).
	inferred   4 Comparator(s).
Unit <DCM_50M> synthesized.


Synthesizing Unit <SSD_1dig>.
    Related source file is "/home/nick/git-repos/Physics301-Fall2018-NL-RC/goodies/SSD_1dig.vhd".
    Found 16x7-bit ROM for signal <hexD$rom0000>.
    Summary:
	inferred   1 ROM(s).
Unit <SSD_1dig> synthesized.


Synthesizing Unit <sel_strobeB>.
    Related source file is "/home/nick/git-repos/Physics301-Fall2018-NL-RC/goodies/sel_strobeB.vhd".
    Found 4x2-bit ROM for signal <sel$mux0001> created at line 44.
    Found 2-bit register for signal <sel>.
    Found 2-bit register for signal <selx>.
    Summary:
	inferred   1 ROM(s).
	inferred   4 D-type flip-flop(s).
Unit <sel_strobeB> synthesized.


Synthesizing Unit <bin2BCD3en>.
    Related source file is "/home/nick/git-repos/Physics301-Fall2018-NL-RC/goodies/bin2BCD3en.vhd".
    Found 16x4-bit ROM for signal <b9$mux0000> created at line 50.
    Found 16x4-bit ROM for signal <b8$mux0000> created at line 50.
    Found 16x4-bit ROM for signal <b7$mux0000> created at line 50.
    Found 16x4-bit ROM for signal <b6$mux0000> created at line 50.
    Found 16x4-bit ROM for signal <b4$mux0000> created at line 50.
    Found 8x4-bit ROM for signal <b$mux0000> created at line 50.
    Found 16x4-bit ROM for signal <b11$mux0000> created at line 50.
    Found 16x4-bit ROM for signal <b10$mux0000> created at line 50.
    Found 4-bit register for signal <RBout>.
    Found 4-bit register for signal <Dout0>.
    Found 4-bit register for signal <Dout1>.
    Found 4-bit register for signal <Dout2>.
    Summary:
	inferred   8 ROM(s).
	inferred  12 D-type flip-flop(s).
Unit <bin2BCD3en> synthesized.


Synthesizing Unit <mux4SSD>.
    Related source file is "/home/nick/git-repos/Physics301-Fall2018-NL-RC/goodies/mux4SSD.vhd".
Unit <mux4SSD> synthesized.


Synthesizing Unit <seven_seg>.
    Related source file is "/home/nick/git-repos/Physics301-Fall2018-NL-RC/Lab8/Exp7/seven_seg.vhf".
Unit <seven_seg> synthesized.


Synthesizing Unit <FJKC_MXILINX_Exp7>.
    Related source file is "/home/nick/git-repos/Physics301-Fall2018-NL-RC/Lab8/Exp7/Exp7.vhf".
Unit <FJKC_MXILINX_Exp7> synthesized.


Synthesizing Unit <M2_1_MXILINX_Exp7>.
    Related source file is "/home/nick/git-repos/Physics301-Fall2018-NL-RC/Lab8/Exp7/Exp7.vhf".
Unit <M2_1_MXILINX_Exp7> synthesized.


Synthesizing Unit <M2_1B1_MXILINX_Exp7>.
    Related source file is "/home/nick/git-repos/Physics301-Fall2018-NL-RC/Lab8/Exp7/Exp7.vhf".
Unit <M2_1B1_MXILINX_Exp7> synthesized.


Synthesizing Unit <FTCLEX_MXILINX_Exp7>.
    Related source file is "/home/nick/git-repos/Physics301-Fall2018-NL-RC/Lab8/Exp7/Exp7.vhf".
Unit <FTCLEX_MXILINX_Exp7> synthesized.


Synthesizing Unit <CB4CLED_MXILINX_Exp7>.
    Related source file is "/home/nick/git-repos/Physics301-Fall2018-NL-RC/Lab8/Exp7/Exp7.vhf".
Unit <CB4CLED_MXILINX_Exp7> synthesized.


Synthesizing Unit <Exp7>.
    Related source file is "/home/nick/git-repos/Physics301-Fall2018-NL-RC/Lab8/Exp7/Exp7.vhf".
WARNING:Xst:653 - Signal <data7> is used but never assigned. This sourceless signal will be automatically connected to value 0.
WARNING:Xst:653 - Signal <data12> is used but never assigned. This sourceless signal will be automatically connected to value 0.
WARNING:Xst:653 - Signal <XLXN_5> is used but never assigned. This sourceless signal will be automatically connected to value 0.
WARNING:Xst:653 - Signal <XLXI_27_CLR_openSignal> is used but never assigned. This sourceless signal will be automatically connected to value 0.
WARNING:Xst:653 - Signal <Q<7:4>> is used but never assigned. This sourceless signal will be automatically connected to value 0000.
Unit <Exp7> synthesized.


=========================================================================
HDL Synthesis Report

Macro Statistics
# ROMs                                                 : 10
 16x4-bit ROM                                          : 7
 16x7-bit ROM                                          : 1
 4x2-bit ROM                                           : 1
 8x4-bit ROM                                           : 1
# Adders/Subtractors                                   : 4
 32-bit adder                                          : 4
# Counters                                             : 4
 32-bit up counter                                     : 4
# Registers                                            : 16
 1-bit register                                        : 12
 2-bit register                                        : 2
 4-bit register                                        : 2
# Comparators                                          : 4
 32-bit comparator greatequal                          : 1
 32-bit comparator greater                             : 3

=========================================================================

=========================================================================
*                       Advanced HDL Synthesis                          *
=========================================================================

INFO:Xst:2261 - The FF/Latch <Dout2_2> in Unit <XLXI_13> is equivalent to the following FF/Latch, which will be removed : <Dout2_3> 
WARNING:Xst:1710 - FF/Latch <Dout2_2> (without init value) has a constant value of 0 in block <XLXI_13>. This FF/Latch will be trimmed during the optimization process.
WARNING:Xst:2404 -  FFs/Latches <Dout2<3:2>> (without init value) have a constant value of 0 in block <bin2BCD3en>.

Synthesizing (advanced) Unit <sel_strobeB>.
INFO:Xst:3034 - In order to maximize performance and save block RAM resources, the small ROM <Mrom_sel_mux0001> will be implemented on LUT. If you want to force its implementation on block, use option/constraint rom_style.
Unit <sel_strobeB> synthesized (advanced).

=========================================================================
Advanced HDL Synthesis Report

Macro Statistics
# ROMs                                                 : 10
 16x4-bit ROM                                          : 7
 16x7-bit ROM                                          : 1
 4x2-bit ROM                                           : 1
 8x4-bit ROM                                           : 1
# Adders/Subtractors                                   : 4
 32-bit adder                                          : 4
# Counters                                             : 4
 32-bit up counter                                     : 4
# Registers                                            : 27
 Flip-Flops                                            : 27
# Comparators                                          : 4
 32-bit comparator greatequal                          : 1
 32-bit comparator greater                             : 3

=========================================================================

=========================================================================
*                         Low Level Synthesis                           *
=========================================================================
INFO:Xst:2261 - The FF/Latch <RBout_1> in Unit <bin2BCD3en> is equivalent to the following FF/Latch, which will be removed : <RBout_0> 
WARNING:Xst:1710 - FF/Latch <RBout_3> (without init value) has a constant value of 1 in block <bin2BCD3en>. This FF/Latch will be trimmed during the optimization process.
WARNING:Xst:1895 - Due to other FF/Latch trimming, FF/Latch <RBout_1> (without init value) has a constant value of 0 in block <bin2BCD3en>. This FF/Latch will be trimmed during the optimization process.
WARNING:Xst:1710 - FF/Latch <Dout1_3> (without init value) has a constant value of 0 in block <bin2BCD3en>. This FF/Latch will be trimmed during the optimization process.
WARNING:Xst:1895 - Due to other FF/Latch trimming, FF/Latch <Dout1_2> (without init value) has a constant value of 0 in block <bin2BCD3en>. This FF/Latch will be trimmed during the optimization process.
WARNING:Xst:1895 - Due to other FF/Latch trimming, FF/Latch <Dout1_1> (without init value) has a constant value of 0 in block <bin2BCD3en>. This FF/Latch will be trimmed during the optimization process.
WARNING:Xst:1895 - Due to other FF/Latch trimming, FF/Latch <Dout2_0> (without init value) has a constant value of 0 in block <bin2BCD3en>. This FF/Latch will be trimmed during the optimization process.
WARNING:Xst:1895 - Due to other FF/Latch trimming, FF/Latch <Dout2_1> (without init value) has a constant value of 0 in block <bin2BCD3en>. This FF/Latch will be trimmed during the optimization process.
WARNING:Xst:2170 - Unit Exp7 : the following signal(s) form a combinatorial loop: QNot, UpDown.

Optimizing unit <Exp7> ...

Optimizing unit <DCM_50M> ...

Optimizing unit <FJKC_MXILINX_Exp7> ...

Optimizing unit <M2_1_MXILINX_Exp7> ...

Optimizing unit <M2_1B1_MXILINX_Exp7> ...

Optimizing unit <bin2BCD3en> ...

Optimizing unit <FTCLEX_MXILINX_Exp7> ...

Optimizing unit <CB4CLED_MXILINX_Exp7> ...
WARNING:Xst:2677 - Node <XLXI_11/XLXI_10/cnt10k_31> of sequential type is unconnected in block <Exp7>.
WARNING:Xst:2677 - Node <XLXI_11/XLXI_10/cnt10k_30> of sequential type is unconnected in block <Exp7>.
WARNING:Xst:2677 - Node <XLXI_11/XLXI_10/cnt10k_29> of sequential type is unconnected in block <Exp7>.
WARNING:Xst:2677 - Node <XLXI_11/XLXI_10/cnt10k_28> of sequential type is unconnected in block <Exp7>.
WARNING:Xst:2677 - Node <XLXI_11/XLXI_10/cnt10k_27> of sequential type is unconnected in block <Exp7>.
WARNING:Xst:2677 - Node <XLXI_11/XLXI_10/cnt10k_26> of sequential type is unconnected in block <Exp7>.
WARNING:Xst:2677 - Node <XLXI_11/XLXI_10/cnt10k_25> of sequential type is unconnected in block <Exp7>.
WARNING:Xst:2677 - Node <XLXI_11/XLXI_10/cnt10k_24> of sequential type is unconnected in block <Exp7>.
WARNING:Xst:2677 - Node <XLXI_11/XLXI_10/cnt10k_23> of sequential type is unconnected in block <Exp7>.
WARNING:Xst:2677 - Node <XLXI_11/XLXI_10/cnt10k_22> of sequential type is unconnected in block <Exp7>.
WARNING:Xst:2677 - Node <XLXI_11/XLXI_10/cnt10k_21> of sequential type is unconnected in block <Exp7>.
WARNING:Xst:2677 - Node <XLXI_11/XLXI_10/cnt10k_20> of sequential type is unconnected in block <Exp7>.
WARNING:Xst:2677 - Node <XLXI_11/XLXI_10/cnt10k_19> of sequential type is unconnected in block <Exp7>.
WARNING:Xst:2677 - Node <XLXI_11/XLXI_10/cnt10k_18> of sequential type is unconnected in block <Exp7>.
WARNING:Xst:2677 - Node <XLXI_11/XLXI_10/cnt10k_17> of sequential type is unconnected in block <Exp7>.
WARNING:Xst:2677 - Node <XLXI_11/XLXI_10/cnt10k_16> of sequential type is unconnected in block <Exp7>.
WARNING:Xst:2677 - Node <XLXI_11/XLXI_10/cnt10k_15> of sequential type is unconnected in block <Exp7>.
WARNING:Xst:2677 - Node <XLXI_11/XLXI_10/cnt10k_14> of sequential type is unconnected in block <Exp7>.
WARNING:Xst:2677 - Node <XLXI_11/XLXI_10/cnt10k_13> of sequential type is unconnected in block <Exp7>.
WARNING:Xst:2677 - Node <XLXI_11/XLXI_10/cnt10k_12> of sequential type is unconnected in block <Exp7>.
WARNING:Xst:2677 - Node <XLXI_11/XLXI_10/cnt10k_11> of sequential type is unconnected in block <Exp7>.
WARNING:Xst:2677 - Node <XLXI_11/XLXI_10/cnt10k_10> of sequential type is unconnected in block <Exp7>.
WARNING:Xst:2677 - Node <XLXI_11/XLXI_10/cnt10k_9> of sequential type is unconnected in block <Exp7>.
WARNING:Xst:2677 - Node <XLXI_11/XLXI_10/cnt10k_8> of sequential type is unconnected in block <Exp7>.
WARNING:Xst:2677 - Node <XLXI_11/XLXI_10/cnt10k_7> of sequential type is unconnected in block <Exp7>.
WARNING:Xst:2677 - Node <XLXI_11/XLXI_10/cnt10k_6> of sequential type is unconnected in block <Exp7>.
WARNING:Xst:2677 - Node <XLXI_11/XLXI_10/cnt10k_5> of sequential type is unconnected in block <Exp7>.
WARNING:Xst:2677 - Node <XLXI_11/XLXI_10/cnt10k_4> of sequential type is unconnected in block <Exp7>.
WARNING:Xst:2677 - Node <XLXI_11/XLXI_10/cnt10k_3> of sequential type is unconnected in block <Exp7>.
WARNING:Xst:2677 - Node <XLXI_11/XLXI_10/cnt10k_2> of sequential type is unconnected in block <Exp7>.
WARNING:Xst:2677 - Node <XLXI_11/XLXI_10/cnt10k_1> of sequential type is unconnected in block <Exp7>.
WARNING:Xst:2677 - Node <XLXI_11/XLXI_10/cnt10k_0> of sequential type is unconnected in block <Exp7>.
WARNING:Xst:2677 - Node <XLXI_11/XLXI_10/cnt1_31> of sequential type is unconnected in block <Exp7>.
WARNING:Xst:2677 - Node <XLXI_11/XLXI_10/cnt1_30> of sequential type is unconnected in block <Exp7>.
WARNING:Xst:2677 - Node <XLXI_11/XLXI_10/cnt1_29> of sequential type is unconnected in block <Exp7>.
WARNING:Xst:2677 - Node <XLXI_11/XLXI_10/cnt1_28> of sequential type is unconnected in block <Exp7>.
WARNING:Xst:2677 - Node <XLXI_11/XLXI_10/cnt1_27> of sequential type is unconnected in block <Exp7>.
WARNING:Xst:2677 - Node <XLXI_11/XLXI_10/cnt1_26> of sequential type is unconnected in block <Exp7>.
WARNING:Xst:2677 - Node <XLXI_11/XLXI_10/cnt1_25> of sequential type is unconnected in block <Exp7>.
WARNING:Xst:2677 - Node <XLXI_11/XLXI_10/cnt1_24> of sequential type is unconnected in block <Exp7>.
WARNING:Xst:2677 - Node <XLXI_11/XLXI_10/cnt1_23> of sequential type is unconnected in block <Exp7>.
WARNING:Xst:2677 - Node <XLXI_11/XLXI_10/cnt1_22> of sequential type is unconnected in block <Exp7>.
WARNING:Xst:2677 - Node <XLXI_11/XLXI_10/cnt1_21> of sequential type is unconnected in block <Exp7>.
WARNING:Xst:2677 - Node <XLXI_11/XLXI_10/cnt1_20> of sequential type is unconnected in block <Exp7>.
WARNING:Xst:2677 - Node <XLXI_11/XLXI_10/cnt1_19> of sequential type is unconnected in block <Exp7>.
WARNING:Xst:2677 - Node <XLXI_11/XLXI_10/cnt1_18> of sequential type is unconnected in block <Exp7>.
WARNING:Xst:2677 - Node <XLXI_11/XLXI_10/cnt1_17> of sequential type is unconnected in block <Exp7>.
WARNING:Xst:2677 - Node <XLXI_11/XLXI_10/cnt1_16> of sequential type is unconnected in block <Exp7>.
WARNING:Xst:2677 - Node <XLXI_11/XLXI_10/cnt1_15> of sequential type is unconnected in block <Exp7>.
WARNING:Xst:2677 - Node <XLXI_11/XLXI_10/cnt1_14> of sequential type is unconnected in block <Exp7>.
WARNING:Xst:2677 - Node <XLXI_11/XLXI_10/cnt1_13> of sequential type is unconnected in block <Exp7>.
WARNING:Xst:2677 - Node <XLXI_11/XLXI_10/cnt1_12> of sequential type is unconnected in block <Exp7>.
WARNING:Xst:2677 - Node <XLXI_11/XLXI_10/cnt1_11> of sequential type is unconnected in block <Exp7>.
WARNING:Xst:2677 - Node <XLXI_11/XLXI_10/cnt1_10> of sequential type is unconnected in block <Exp7>.
WARNING:Xst:2677 - Node <XLXI_11/XLXI_10/cnt1_9> of sequential type is unconnected in block <Exp7>.
WARNING:Xst:2677 - Node <XLXI_11/XLXI_10/cnt1_8> of sequential type is unconnected in block <Exp7>.
WARNING:Xst:2677 - Node <XLXI_11/XLXI_10/cnt1_7> of sequential type is unconnected in block <Exp7>.
WARNING:Xst:2677 - Node <XLXI_11/XLXI_10/cnt1_6> of sequential type is unconnected in block <Exp7>.
WARNING:Xst:2677 - Node <XLXI_11/XLXI_10/cnt1_5> of sequential type is unconnected in block <Exp7>.
WARNING:Xst:2677 - Node <XLXI_11/XLXI_10/cnt1_4> of sequential type is unconnected in block <Exp7>.
WARNING:Xst:2677 - Node <XLXI_11/XLXI_10/cnt1_3> of sequential type is unconnected in block <Exp7>.
WARNING:Xst:2677 - Node <XLXI_11/XLXI_10/cnt1_2> of sequential type is unconnected in block <Exp7>.
WARNING:Xst:2677 - Node <XLXI_11/XLXI_10/cnt1_1> of sequential type is unconnected in block <Exp7>.
WARNING:Xst:2677 - Node <XLXI_11/XLXI_10/cnt1_0> of sequential type is unconnected in block <Exp7>.
WARNING:Xst:2677 - Node <XLXI_11/XLXI_10/clk_1> of sequential type is unconnected in block <Exp7>.
WARNING:Xst:2677 - Node <XLXI_11/XLXI_10/clk_10k> of sequential type is unconnected in block <Exp7>.
WARNING:Xst:2677 - Node <XLXI_11/XLXI_13/RBout_2> of sequential type is unconnected in block <Exp7>.

Mapping all equations...
Building and optimizing final netlist ...
Found area constraint ratio of 100 (+ 5) on block Exp7, actual ratio is 11.

Final Macro Processing ...

=========================================================================
Final Register Report

Macro Statistics
# Registers                                            : 80
 Flip-Flops                                            : 80

=========================================================================

=========================================================================
*                           Partition Report                            *
=========================================================================

Partition Implementation Status
-------------------------------

  No Partitions were found in this design.

-------------------------------

=========================================================================
*                            Final Report                               *
=========================================================================
Final Results
RTL Top Level Output File Name     : Exp7.ngr
Top Level Output File Name         : Exp7
Output Format                      : NGC
Optimization Goal                  : Speed
Keep Hierarchy                     : No

Design Statistics
# IOs                              : 18

Cell Usage :
# BELS                             : 503
#      AND2                        : 10
#      AND2B1                      : 8
#      AND2B2                      : 2
#      AND3                        : 1
#      AND3B1                      : 1
#      AND3B2                      : 1
#      AND3B3                      : 1
#      AND4                        : 1
#      AND4B4                      : 1
#      GND                         : 1
#      INV                         : 11
#      LUT1                        : 127
#      LUT2                        : 14
#      LUT3                        : 8
#      LUT4                        : 24
#      MUXCY                       : 147
#      MUXF5                       : 1
#      OR2                         : 9
#      OR3                         : 1
#      VCC                         : 2
#      XOR2                        : 4
#      XORCY                       : 128
# FlipFlops/Latches                : 80
#      FD                          : 3
#      FDC                         : 1
#      FDCE                        : 4
#      FDCP                        : 5
#      FDE                         : 2
#      FDR                         : 65
# Clock Buffers                    : 3
#      BUFG                        : 1
#      BUFGP                       : 2
# IO Buffers                       : 15
#      IBUF                        : 2
#      OBUF                        : 13
# Logical                          : 3
#      NAND2                       : 3
# Others                           : 3
#      PULLDOWN                    : 1
#      PULLUP                      : 2
=========================================================================

Device utilization summary:
---------------------------

Selected Device : 3s100ecp132-4 

 Number of Slices:                      111  out of    960    11%  
 Number of Slice Flip Flops:             80  out of   1920     4%  
 Number of 4 input LUTs:                184  out of   1920     9%  
 Number of IOs:                          18
 Number of bonded IOBs:                  17  out of     83    20%  
 Number of GCLKs:                         3  out of     24    12%  

---------------------------
Partition Resource Summary:
---------------------------

  No Partitions were found in this design.

---------------------------


=========================================================================
TIMING REPORT

NOTE: THESE TIMING NUMBERS ARE ONLY A SYNTHESIS ESTIMATE.
      FOR ACCURATE TIMING INFORMATION PLEASE REFER TO THE TRACE REPORT
      GENERATED AFTER PLACE-and-ROUTE.

Clock Information:
------------------
-----------------------------------+-----------------------------+-------+
Clock Signal                       | Clock buffer(FF name)       | Load  |
-----------------------------------+-----------------------------+-------+
XLXI_11/XLXI_10/clk_1k             | NONE(XLXI_11/XLXI_12/selx_1)| 9     |
XLXI_11/XLXI_10/clk_1m1            | BUFG                        | 33    |
SYS_CLK                            | BUFGP                       | 33    |
CLK                                | BUFGP                       | 5     |
-----------------------------------+-----------------------------+-------+
INFO:Xst:2169 - HDL ADVISOR - Some clock signals were not automatically buffered by XST with BUFG/BUFR resources. Please use the buffer_type constraint in order to insert these buffers to the clock signals to help prevent skew problems.

Asynchronous Control Signals Information:
----------------------------------------
-------------------------------------------------------------------+------------------------------+-------+
Control Signal                                                     | Buffer(FF name)              | Load  |
-------------------------------------------------------------------+------------------------------+-------+
N0(XST_GND:G)                                                      | NONE(XLXI_1/I_Q0/I_36_35)    | 6     |
En                                                                 | IBUF                         | 1     |
XLXI_11/XLXI_13/Dout0_0_and0000(XLXI_11/XLXI_13/Dout0_0_and00001:O)| NONE(XLXI_11/XLXI_13/Dout0_0)| 1     |
XLXI_11/XLXI_13/Dout0_0_and0001(XLXI_11/XLXI_13/Dout0_0_and00011:O)| NONE(XLXI_11/XLXI_13/Dout0_0)| 1     |
XLXI_11/XLXI_13/Dout0_1_and0000(XLXI_11/XLXI_13/Dout0_1_and00001:O)| NONE(XLXI_11/XLXI_13/Dout0_1)| 1     |
XLXI_11/XLXI_13/Dout0_1_and0001(XLXI_11/XLXI_13/Dout0_1_and00011:O)| NONE(XLXI_11/XLXI_13/Dout0_1)| 1     |
XLXI_11/XLXI_13/Dout0_2_and0000(XLXI_11/XLXI_13/Dout0_2_and00001:O)| NONE(XLXI_11/XLXI_13/Dout0_2)| 1     |
XLXI_11/XLXI_13/Dout0_2_and0001(XLXI_11/XLXI_13/Dout0_2_and00011:O)| NONE(XLXI_11/XLXI_13/Dout0_2)| 1     |
XLXI_11/XLXI_13/Dout0_3_and0000(XLXI_11/XLXI_13/Dout0_3_and00001:O)| NONE(XLXI_11/XLXI_13/Dout0_3)| 1     |
XLXI_11/XLXI_13/Dout0_3_and0001(XLXI_11/XLXI_13/Dout0_3_and00011:O)| NONE(XLXI_11/XLXI_13/Dout0_3)| 1     |
-------------------------------------------------------------------+------------------------------+-------+

Timing Summary:
---------------
Speed Grade: -4

   Minimum period: 10.324ns (Maximum Frequency: 96.860MHz)
   Minimum input arrival time before clock: 4.594ns
   Maximum output required time after clock: 7.856ns
   Maximum combinational path delay: No path found

Timing Detail:
--------------
All values displayed in nanoseconds (ns)

=========================================================================
Timing constraint: Default period analysis for Clock 'XLXI_11/XLXI_10/clk_1k'
  Clock period: 2.225ns (frequency: 449.438MHz)
  Total number of paths / destination ports: 5 / 4
-------------------------------------------------------------------------
Delay:               2.225ns (Levels of Logic = 1)
  Source:            XLXI_11/XLXI_12/selx_1 (FF)
  Destination:       XLXI_11/XLXI_12/sel_0 (FF)
  Source Clock:      XLXI_11/XLXI_10/clk_1k rising
  Destination Clock: XLXI_11/XLXI_10/clk_1k rising

  Data Path: XLXI_11/XLXI_12/selx_1 to XLXI_11/XLXI_12/sel_0
                                Gate     Net
    Cell:in->out      fanout   Delay   Delay  Logical Name (Net Name)
    ----------------------------------------  ------------
     FD:C->Q               2   0.591   0.622  XLXI_11/XLXI_12/selx_1 (XLXI_11/XLXI_12/selx_1)
     LUT2:I0->O            1   0.704   0.000  XLXI_11/XLXI_12/Mrom_sel_mux0001111 (XLXI_11/XLXI_12/Mrom_sel_mux00011)
     FD:D                      0.308          XLXI_11/XLXI_12/sel_0
    ----------------------------------------
    Total                      2.225ns (1.603ns logic, 0.622ns route)
                                       (72.0% logic, 28.0% route)

=========================================================================
Timing constraint: Default period analysis for Clock 'XLXI_11/XLXI_10/clk_1m1'
  Clock period: 10.324ns (frequency: 96.860MHz)
  Total number of paths / destination ports: 19009 / 66
-------------------------------------------------------------------------
Delay:               10.324ns (Levels of Logic = 34)
  Source:            XLXI_11/XLXI_10/cnt1k_1 (FF)
  Destination:       XLXI_11/XLXI_10/cnt1k_31 (FF)
  Source Clock:      XLXI_11/XLXI_10/clk_1m1 rising
  Destination Clock: XLXI_11/XLXI_10/clk_1m1 rising

  Data Path: XLXI_11/XLXI_10/cnt1k_1 to XLXI_11/XLXI_10/cnt1k_31
                                Gate     Net
    Cell:in->out      fanout   Delay   Delay  Logical Name (Net Name)
    ----------------------------------------  ------------
     FDR:C->Q              2   0.591   0.622  XLXI_11/XLXI_10/cnt1k_1 (XLXI_11/XLXI_10/cnt1k_1)
     LUT1:I0->O            1   0.704   0.000  XLXI_11/XLXI_10/Madd_clk_1k_addsub0000_cy<1>_rt (XLXI_11/XLXI_10/Madd_clk_1k_addsub0000_cy<1>_rt)
     MUXCY:S->O            1   0.464   0.000  XLXI_11/XLXI_10/Madd_clk_1k_addsub0000_cy<1> (XLXI_11/XLXI_10/Madd_clk_1k_addsub0000_cy<1>)
     MUXCY:CI->O           1   0.059   0.000  XLXI_11/XLXI_10/Madd_clk_1k_addsub0000_cy<2> (XLXI_11/XLXI_10/Madd_clk_1k_addsub0000_cy<2>)
     MUXCY:CI->O           1   0.059   0.000  XLXI_11/XLXI_10/Madd_clk_1k_addsub0000_cy<3> (XLXI_11/XLXI_10/Madd_clk_1k_addsub0000_cy<3>)
     MUXCY:CI->O           1   0.059   0.000  XLXI_11/XLXI_10/Madd_clk_1k_addsub0000_cy<4> (XLXI_11/XLXI_10/Madd_clk_1k_addsub0000_cy<4>)
     MUXCY:CI->O           1   0.059   0.000  XLXI_11/XLXI_10/Madd_clk_1k_addsub0000_cy<5> (XLXI_11/XLXI_10/Madd_clk_1k_addsub0000_cy<5>)
     MUXCY:CI->O           1   0.059   0.000  XLXI_11/XLXI_10/Madd_clk_1k_addsub0000_cy<6> (XLXI_11/XLXI_10/Madd_clk_1k_addsub0000_cy<6>)
     MUXCY:CI->O           1   0.059   0.000  XLXI_11/XLXI_10/Madd_clk_1k_addsub0000_cy<7> (XLXI_11/XLXI_10/Madd_clk_1k_addsub0000_cy<7>)
     MUXCY:CI->O           1   0.059   0.000  XLXI_11/XLXI_10/Madd_clk_1k_addsub0000_cy<8> (XLXI_11/XLXI_10/Madd_clk_1k_addsub0000_cy<8>)
     MUXCY:CI->O           1   0.059   0.000  XLXI_11/XLXI_10/Madd_clk_1k_addsub0000_cy<9> (XLXI_11/XLXI_10/Madd_clk_1k_addsub0000_cy<9>)
     MUXCY:CI->O           1   0.059   0.000  XLXI_11/XLXI_10/Madd_clk_1k_addsub0000_cy<10> (XLXI_11/XLXI_10/Madd_clk_1k_addsub0000_cy<10>)
     MUXCY:CI->O           1   0.059   0.000  XLXI_11/XLXI_10/Madd_clk_1k_addsub0000_cy<11> (XLXI_11/XLXI_10/Madd_clk_1k_addsub0000_cy<11>)
     MUXCY:CI->O           1   0.059   0.000  XLXI_11/XLXI_10/Madd_clk_1k_addsub0000_cy<12> (XLXI_11/XLXI_10/Madd_clk_1k_addsub0000_cy<12>)
     MUXCY:CI->O           1   0.059   0.000  XLXI_11/XLXI_10/Madd_clk_1k_addsub0000_cy<13> (XLXI_11/XLXI_10/Madd_clk_1k_addsub0000_cy<13>)
     MUXCY:CI->O           1   0.059   0.000  XLXI_11/XLXI_10/Madd_clk_1k_addsub0000_cy<14> (XLXI_11/XLXI_10/Madd_clk_1k_addsub0000_cy<14>)
     MUXCY:CI->O           1   0.059   0.000  XLXI_11/XLXI_10/Madd_clk_1k_addsub0000_cy<15> (XLXI_11/XLXI_10/Madd_clk_1k_addsub0000_cy<15>)
     MUXCY:CI->O           1   0.059   0.000  XLXI_11/XLXI_10/Madd_clk_1k_addsub0000_cy<16> (XLXI_11/XLXI_10/Madd_clk_1k_addsub0000_cy<16>)
     MUXCY:CI->O           1   0.059   0.000  XLXI_11/XLXI_10/Madd_clk_1k_addsub0000_cy<17> (XLXI_11/XLXI_10/Madd_clk_1k_addsub0000_cy<17>)
     MUXCY:CI->O           1   0.059   0.000  XLXI_11/XLXI_10/Madd_clk_1k_addsub0000_cy<18> (XLXI_11/XLXI_10/Madd_clk_1k_addsub0000_cy<18>)
     MUXCY:CI->O           1   0.059   0.000  XLXI_11/XLXI_10/Madd_clk_1k_addsub0000_cy<19> (XLXI_11/XLXI_10/Madd_clk_1k_addsub0000_cy<19>)
     MUXCY:CI->O           1   0.059   0.000  XLXI_11/XLXI_10/Madd_clk_1k_addsub0000_cy<20> (XLXI_11/XLXI_10/Madd_clk_1k_addsub0000_cy<20>)
     MUXCY:CI->O           1   0.059   0.000  XLXI_11/XLXI_10/Madd_clk_1k_addsub0000_cy<21> (XLXI_11/XLXI_10/Madd_clk_1k_addsub0000_cy<21>)
     MUXCY:CI->O           1   0.059   0.000  XLXI_11/XLXI_10/Madd_clk_1k_addsub0000_cy<22> (XLXI_11/XLXI_10/Madd_clk_1k_addsub0000_cy<22>)
     MUXCY:CI->O           1   0.059   0.000  XLXI_11/XLXI_10/Madd_clk_1k_addsub0000_cy<23> (XLXI_11/XLXI_10/Madd_clk_1k_addsub0000_cy<23>)
     MUXCY:CI->O           1   0.059   0.000  XLXI_11/XLXI_10/Madd_clk_1k_addsub0000_cy<24> (XLXI_11/XLXI_10/Madd_clk_1k_addsub0000_cy<24>)
     MUXCY:CI->O           1   0.059   0.000  XLXI_11/XLXI_10/Madd_clk_1k_addsub0000_cy<25> (XLXI_11/XLXI_10/Madd_clk_1k_addsub0000_cy<25>)
     MUXCY:CI->O           1   0.059   0.000  XLXI_11/XLXI_10/Madd_clk_1k_addsub0000_cy<26> (XLXI_11/XLXI_10/Madd_clk_1k_addsub0000_cy<26>)
     MUXCY:CI->O           1   0.059   0.000  XLXI_11/XLXI_10/Madd_clk_1k_addsub0000_cy<27> (XLXI_11/XLXI_10/Madd_clk_1k_addsub0000_cy<27>)
     MUXCY:CI->O           1   0.059   0.000  XLXI_11/XLXI_10/Madd_clk_1k_addsub0000_cy<28> (XLXI_11/XLXI_10/Madd_clk_1k_addsub0000_cy<28>)
     XORCY:CI->O           1   0.804   0.595  XLXI_11/XLXI_10/Madd_clk_1k_addsub0000_xor<29> (XLXI_11/XLXI_10/clk_1k_addsub0000<29>)
     LUT2:I0->O            1   0.704   0.000  XLXI_11/XLXI_10/Mcompar_clk_1k_cmp_gt0000_lut<10> (XLXI_11/XLXI_10/Mcompar_clk_1k_cmp_gt0000_lut<10>)
     MUXCY:S->O            1   0.464   0.000  XLXI_11/XLXI_10/Mcompar_clk_1k_cmp_gt0000_cy<10> (XLXI_11/XLXI_10/Mcompar_clk_1k_cmp_gt0000_cy<10>)
     MUXCY:CI->O           2   0.459   0.447  XLXI_11/XLXI_10/Mcompar_clk_1k_cmp_gt0000_cy<11> (XLXI_11/XLXI_10/Mcompar_clk_1k_cmp_gt0000_cy<11>)
     INV:I->O             32   0.704   1.262  XLXI_11/XLXI_10/Mcompar_clk_1k_cmp_gt0000_cy<11>_inv_INV_0 (XLXI_11/XLXI_10/clk_1k_cmp_gt0000)
     FDR:R                     0.911          XLXI_11/XLXI_10/cnt1k_0
    ----------------------------------------
    Total                     10.324ns (7.398ns logic, 2.926ns route)
                                       (71.7% logic, 28.3% route)

=========================================================================
Timing constraint: Default period analysis for Clock 'SYS_CLK'
  Clock period: 9.046ns (frequency: 110.552MHz)
  Total number of paths / destination ports: 17953 / 66
-------------------------------------------------------------------------
Delay:               9.046ns (Levels of Logic = 33)
  Source:            XLXI_11/XLXI_10/cnt1M_1 (FF)
  Destination:       XLXI_11/XLXI_10/cnt1M_31 (FF)
  Source Clock:      SYS_CLK rising
  Destination Clock: SYS_CLK rising

  Data Path: XLXI_11/XLXI_10/cnt1M_1 to XLXI_11/XLXI_10/cnt1M_31
                                Gate     Net
    Cell:in->out      fanout   Delay   Delay  Logical Name (Net Name)
    ----------------------------------------  ------------
     FDR:C->Q              2   0.591   0.622  XLXI_11/XLXI_10/cnt1M_1 (XLXI_11/XLXI_10/cnt1M_1)
     LUT1:I0->O            1   0.704   0.000  XLXI_11/XLXI_10/Madd_clk_1m_addsub0000_cy<1>_rt (XLXI_11/XLXI_10/Madd_clk_1m_addsub0000_cy<1>_rt)
     MUXCY:S->O            1   0.464   0.000  XLXI_11/XLXI_10/Madd_clk_1m_addsub0000_cy<1> (XLXI_11/XLXI_10/Madd_clk_1m_addsub0000_cy<1>)
     MUXCY:CI->O           1   0.059   0.000  XLXI_11/XLXI_10/Madd_clk_1m_addsub0000_cy<2> (XLXI_11/XLXI_10/Madd_clk_1m_addsub0000_cy<2>)
     MUXCY:CI->O           1   0.059   0.000  XLXI_11/XLXI_10/Madd_clk_1m_addsub0000_cy<3> (XLXI_11/XLXI_10/Madd_clk_1m_addsub0000_cy<3>)
     MUXCY:CI->O           1   0.059   0.000  XLXI_11/XLXI_10/Madd_clk_1m_addsub0000_cy<4> (XLXI_11/XLXI_10/Madd_clk_1m_addsub0000_cy<4>)
     MUXCY:CI->O           1   0.059   0.000  XLXI_11/XLXI_10/Madd_clk_1m_addsub0000_cy<5> (XLXI_11/XLXI_10/Madd_clk_1m_addsub0000_cy<5>)
     MUXCY:CI->O           1   0.059   0.000  XLXI_11/XLXI_10/Madd_clk_1m_addsub0000_cy<6> (XLXI_11/XLXI_10/Madd_clk_1m_addsub0000_cy<6>)
     MUXCY:CI->O           1   0.059   0.000  XLXI_11/XLXI_10/Madd_clk_1m_addsub0000_cy<7> (XLXI_11/XLXI_10/Madd_clk_1m_addsub0000_cy<7>)
     MUXCY:CI->O           1   0.059   0.000  XLXI_11/XLXI_10/Madd_clk_1m_addsub0000_cy<8> (XLXI_11/XLXI_10/Madd_clk_1m_addsub0000_cy<8>)
     MUXCY:CI->O           1   0.059   0.000  XLXI_11/XLXI_10/Madd_clk_1m_addsub0000_cy<9> (XLXI_11/XLXI_10/Madd_clk_1m_addsub0000_cy<9>)
     MUXCY:CI->O           1   0.059   0.000  XLXI_11/XLXI_10/Madd_clk_1m_addsub0000_cy<10> (XLXI_11/XLXI_10/Madd_clk_1m_addsub0000_cy<10>)
     MUXCY:CI->O           1   0.059   0.000  XLXI_11/XLXI_10/Madd_clk_1m_addsub0000_cy<11> (XLXI_11/XLXI_10/Madd_clk_1m_addsub0000_cy<11>)
     MUXCY:CI->O           1   0.059   0.000  XLXI_11/XLXI_10/Madd_clk_1m_addsub0000_cy<12> (XLXI_11/XLXI_10/Madd_clk_1m_addsub0000_cy<12>)
     MUXCY:CI->O           1   0.059   0.000  XLXI_11/XLXI_10/Madd_clk_1m_addsub0000_cy<13> (XLXI_11/XLXI_10/Madd_clk_1m_addsub0000_cy<13>)
     MUXCY:CI->O           1   0.059   0.000  XLXI_11/XLXI_10/Madd_clk_1m_addsub0000_cy<14> (XLXI_11/XLXI_10/Madd_clk_1m_addsub0000_cy<14>)
     MUXCY:CI->O           1   0.059   0.000  XLXI_11/XLXI_10/Madd_clk_1m_addsub0000_cy<15> (XLXI_11/XLXI_10/Madd_clk_1m_addsub0000_cy<15>)
     MUXCY:CI->O           1   0.059   0.000  XLXI_11/XLXI_10/Madd_clk_1m_addsub0000_cy<16> (XLXI_11/XLXI_10/Madd_clk_1m_addsub0000_cy<16>)
     MUXCY:CI->O           1   0.059   0.000  XLXI_11/XLXI_10/Madd_clk_1m_addsub0000_cy<17> (XLXI_11/XLXI_10/Madd_clk_1m_addsub0000_cy<17>)
     MUXCY:CI->O           1   0.059   0.000  XLXI_11/XLXI_10/Madd_clk_1m_addsub0000_cy<18> (XLXI_11/XLXI_10/Madd_clk_1m_addsub0000_cy<18>)
     MUXCY:CI->O           1   0.059   0.000  XLXI_11/XLXI_10/Madd_clk_1m_addsub0000_cy<19> (XLXI_11/XLXI_10/Madd_clk_1m_addsub0000_cy<19>)
     MUXCY:CI->O           1   0.059   0.000  XLXI_11/XLXI_10/Madd_clk_1m_addsub0000_cy<20> (XLXI_11/XLXI_10/Madd_clk_1m_addsub0000_cy<20>)
     MUXCY:CI->O           1   0.059   0.000  XLXI_11/XLXI_10/Madd_clk_1m_addsub0000_cy<21> (XLXI_11/XLXI_10/Madd_clk_1m_addsub0000_cy<21>)
     MUXCY:CI->O           1   0.059   0.000  XLXI_11/XLXI_10/Madd_clk_1m_addsub0000_cy<22> (XLXI_11/XLXI_10/Madd_clk_1m_addsub0000_cy<22>)
     MUXCY:CI->O           1   0.059   0.000  XLXI_11/XLXI_10/Madd_clk_1m_addsub0000_cy<23> (XLXI_11/XLXI_10/Madd_clk_1m_addsub0000_cy<23>)
     MUXCY:CI->O           1   0.059   0.000  XLXI_11/XLXI_10/Madd_clk_1m_addsub0000_cy<24> (XLXI_11/XLXI_10/Madd_clk_1m_addsub0000_cy<24>)
     MUXCY:CI->O           1   0.059   0.000  XLXI_11/XLXI_10/Madd_clk_1m_addsub0000_cy<25> (XLXI_11/XLXI_10/Madd_clk_1m_addsub0000_cy<25>)
     MUXCY:CI->O           1   0.059   0.000  XLXI_11/XLXI_10/Madd_clk_1m_addsub0000_cy<26> (XLXI_11/XLXI_10/Madd_clk_1m_addsub0000_cy<26>)
     MUXCY:CI->O           1   0.059   0.000  XLXI_11/XLXI_10/Madd_clk_1m_addsub0000_cy<27> (XLXI_11/XLXI_10/Madd_clk_1m_addsub0000_cy<27>)
     MUXCY:CI->O           1   0.059   0.000  XLXI_11/XLXI_10/Madd_clk_1m_addsub0000_cy<28> (XLXI_11/XLXI_10/Madd_clk_1m_addsub0000_cy<28>)
     XORCY:CI->O           1   0.804   0.595  XLXI_11/XLXI_10/Madd_clk_1m_addsub0000_xor<29> (XLXI_11/XLXI_10/clk_1m_addsub0000<29>)
     LUT2:I0->O            1   0.704   0.000  XLXI_11/XLXI_10/Mcompar_clk_1m_cmp_ge0000_lut<9> (XLXI_11/XLXI_10/Mcompar_clk_1m_cmp_ge0000_lut<9>)
     MUXCY:S->O            1   0.464   0.000  XLXI_11/XLXI_10/Mcompar_clk_1m_cmp_ge0000_cy<9> (XLXI_11/XLXI_10/Mcompar_clk_1m_cmp_ge0000_cy<9>)
     MUXCY:CI->O          33   0.331   1.263  XLXI_11/XLXI_10/Mcompar_clk_1m_cmp_ge0000_cy<10> (XLXI_11/XLXI_10/clk_1m_cmp_ge0000)
     FDR:R                     0.911          XLXI_11/XLXI_10/cnt1M_0
    ----------------------------------------
    Total                      9.046ns (6.566ns logic, 2.480ns route)
                                       (72.6% logic, 27.4% route)

=========================================================================
Timing constraint: Default period analysis for Clock 'CLK'
  Clock period: 8.987ns (frequency: 111.272MHz)
  Total number of paths / destination ports: 24 / 5
-------------------------------------------------------------------------
Delay:               8.987ns (Levels of Logic = 10)
  Source:            XLXI_1/I_Q3/I_36_35 (FF)
  Destination:       XLXI_1/I_Q3/I_36_35 (FF)
  Source Clock:      CLK rising
  Destination Clock: CLK rising

  Data Path: XLXI_1/I_Q3/I_36_35 to XLXI_1/I_Q3/I_36_35
                                Gate     Net
    Cell:in->out      fanout   Delay   Delay  Logical Name (Net Name)
    ----------------------------------------  ------------
     FDCE:C->Q            10   0.591   0.882  I_36_35 (Q)
     end scope: 'I_Q3'
     end scope: 'XLXI_1'
     NAND2:I1->O          10   0.704   0.882  XLXI_44 (UpDown_OBUF)
     begin scope: 'XLXI_1'
     begin scope: 'I_T3'
     AND2B1:I0->O          1   0.704   0.420  I_36_7 (M0)
     OR2:I1->O             1   0.704   0.420  I_36_8 (O)
     end scope: 'I_T3'
     begin scope: 'I_Q3'
     XOR2:I0->O            1   0.704   0.420  I_36_32 (TQ)
     begin scope: 'I_36_30'
     AND2B1:I1->O          1   0.704   0.420  I_36_7 (M0)
     OR2:I1->O             1   0.704   0.420  I_36_8 (O)
     end scope: 'I_36_30'
     FDCE:D                    0.308          I_36_35
    ----------------------------------------
    Total                      8.987ns (5.123ns logic, 3.864ns route)
                                       (57.0% logic, 43.0% route)

=========================================================================
Timing constraint: Default OFFSET IN BEFORE for Clock 'CLK'
  Total number of paths / destination ports: 12 / 8
-------------------------------------------------------------------------
Offset:              4.594ns (Levels of Logic = 5)
  Source:            start (PAD)
  Destination:       XLXI_1/I_Q3/I_36_35 (FF)
  Destination Clock: CLK rising

  Data Path: start to XLXI_1/I_Q3/I_36_35
                                Gate     Net
    Cell:in->out      fanout   Delay   Delay  Logical Name (Net Name)
    ----------------------------------------  ------------
     IBUF:I->O             9   1.218   0.820  start_IBUF (start_IBUF)
     begin scope: 'XLXI_1'
     begin scope: 'I_Q3'
     begin scope: 'I_36_30'
     AND2B1:I0->O          1   0.704   0.420  I_36_7 (M0)
     OR2:I1->O             1   0.704   0.420  I_36_8 (O)
     end scope: 'I_36_30'
     FDCE:D                    0.308          I_36_35
    ----------------------------------------
    Total                      4.594ns (2.934ns logic, 1.660ns route)
                                       (63.9% logic, 36.1% route)

=========================================================================
Timing constraint: Default OFFSET OUT AFTER for Clock 'CLK'
  Total number of paths / destination ports: 4 / 2
-------------------------------------------------------------------------
Offset:              7.482ns (Levels of Logic = 4)
  Source:            XLXI_1/I_Q3/I_36_35 (FF)
  Destination:       QNot (PAD)
  Source Clock:      CLK rising

  Data Path: XLXI_1/I_Q3/I_36_35 to QNot
                                Gate     Net
    Cell:in->out      fanout   Delay   Delay  Logical Name (Net Name)
    ----------------------------------------  ------------
     FDCE:C->Q            10   0.591   0.882  I_36_35 (Q)
     end scope: 'I_Q3'
     end scope: 'XLXI_1'
     NAND2:I1->O          10   0.704   0.882  XLXI_44 (UpDown_OBUF)
     NAND2:I1->O           2   0.704   0.447  XLXI_45 (QNot_OBUF)
     OBUF:I->O                 3.272          QNot_OBUF (QNot)
    ----------------------------------------
    Total                      7.482ns (5.271ns logic, 2.211ns route)
                                       (70.4% logic, 29.6% route)

=========================================================================
Timing constraint: Default OFFSET OUT AFTER for Clock 'XLXI_11/XLXI_10/clk_1k'
  Total number of paths / destination ports: 120 / 11
-------------------------------------------------------------------------
Offset:              7.856ns (Levels of Logic = 4)
  Source:            XLXI_11/XLXI_12/sel_1 (FF)
  Destination:       sseg<6> (PAD)
  Source Clock:      XLXI_11/XLXI_10/clk_1k rising

  Data Path: XLXI_11/XLXI_12/sel_1 to sseg<6>
                                Gate     Net
    Cell:in->out      fanout   Delay   Delay  Logical Name (Net Name)
    ----------------------------------------  ------------
     FDR:C->Q             10   0.591   0.961  XLXI_11/XLXI_12/sel_1 (XLXI_11/XLXI_12/sel_1)
     LUT4:I1->O            1   0.704   0.000  XLXI_11/XLXI_14/hexO<0>2 (XLXI_11/XLXI_14/hexO<0>1)
     MUXF5:I0->O           7   0.321   0.883  XLXI_11/XLXI_14/hexO<0>_f5 (XLXI_11/XLXN_36<0>)
     LUT4:I0->O            1   0.704   0.420  XLXI_11/XLXI_11/Mrom_hexD_rom000031 (sseg_3_OBUF)
     OBUF:I->O                 3.272          sseg_3_OBUF (sseg<3>)
    ----------------------------------------
    Total                      7.856ns (5.592ns logic, 2.264ns route)
                                       (71.2% logic, 28.8% route)

=========================================================================


Total REAL time to Xst completion: 4.00 secs
Total CPU time to Xst completion: 4.69 secs
 
--> 


Total memory usage is 544584 kilobytes

Number of errors   :    0 (   0 filtered)
Number of warnings :   89 (   0 filtered)
Number of infos    :    7 (   0 filtered)

