EN dcm_50m NULL /home/nick/git-repos/Physics301-Fall2018-NL-RC/goodies/DCM_50M.vhd sub00/vhpl00 1540505954
AR seven_seg behavioral /home/nick/git-repos/Physics301-Fall2018-NL-RC/Lab8/Exp8/seven_seg.vhf sub00/vhpl11 1540505965
AR exp behavioral /home/nick/git-repos/Physics301-Fall2018-NL-RC/Lab8/Exp8/Exp.vhf sub00/vhpl21 1540505975
EN ssd_1dig NULL /home/nick/git-repos/Physics301-Fall2018-NL-RC/goodies/SSD_1dig.vhd sub00/vhpl02 1540505956
EN sel_strobeb NULL /home/nick/git-repos/Physics301-Fall2018-NL-RC/goodies/sel_strobeB.vhd sub00/vhpl04 1540505958
AR ftclex_mxilinx_exp behavioral /home/nick/git-repos/Physics301-Fall2018-NL-RC/Lab8/Exp8/Exp.vhf sub00/vhpl17 1540505971
EN seven_seg NULL /home/nick/git-repos/Physics301-Fall2018-NL-RC/Lab8/Exp8/seven_seg.vhf sub00/vhpl10 1540505964
AR mux4ssd behavioral /home/nick/git-repos/Physics301-Fall2018-NL-RC/goodies/mux4SSD.vhd sub00/vhpl09 1540505963
AR m2_1b1_mxilinx_exp behavioral /home/nick/git-repos/Physics301-Fall2018-NL-RC/Lab8/Exp8/Exp.vhf sub00/vhpl13 1540505967
EN ftclex_mxilinx_exp NULL /home/nick/git-repos/Physics301-Fall2018-NL-RC/Lab8/Exp8/Exp.vhf sub00/vhpl16 1540505970
EN bin2bcd3en NULL /home/nick/git-repos/Physics301-Fall2018-NL-RC/goodies/bin2BCD3en.vhd sub00/vhpl06 1540505960
EN m2_1_mxilinx_exp NULL /home/nick/git-repos/Physics301-Fall2018-NL-RC/Lab8/Exp8/Exp.vhf sub00/vhpl14 1540505968
AR m2_1_mxilinx_exp behavioral /home/nick/git-repos/Physics301-Fall2018-NL-RC/Lab8/Exp8/Exp.vhf sub00/vhpl15 1540505969
AR ssd_1dig behavioral /home/nick/git-repos/Physics301-Fall2018-NL-RC/goodies/SSD_1dig.vhd sub00/vhpl03 1540505957
AR sel_strobeb behavioral /home/nick/git-repos/Physics301-Fall2018-NL-RC/goodies/sel_strobeB.vhd sub00/vhpl05 1540505959
EN mux4ssd NULL /home/nick/git-repos/Physics301-Fall2018-NL-RC/goodies/mux4SSD.vhd sub00/vhpl08 1540505962
EN cb4cled_mxilinx_exp NULL /home/nick/git-repos/Physics301-Fall2018-NL-RC/Lab8/Exp8/Exp.vhf sub00/vhpl18 1540505972
EN exp NULL /home/nick/git-repos/Physics301-Fall2018-NL-RC/Lab8/Exp8/Exp.vhf sub00/vhpl20 1540505974
AR bin2bcd3en behavioral /home/nick/git-repos/Physics301-Fall2018-NL-RC/goodies/bin2BCD3en.vhd sub00/vhpl07 1540505961
AR dcm_50m behavioral /home/nick/git-repos/Physics301-Fall2018-NL-RC/goodies/DCM_50M.vhd sub00/vhpl01 1540505955
EN m2_1b1_mxilinx_exp NULL /home/nick/git-repos/Physics301-Fall2018-NL-RC/Lab8/Exp8/Exp.vhf sub00/vhpl12 1540505966
AR cb4cled_mxilinx_exp behavioral /home/nick/git-repos/Physics301-Fall2018-NL-RC/Lab8/Exp8/Exp.vhf sub00/vhpl19 1540505973
