AR cb4cled_mxilinx_exp7 behavioral /home/nick/git-repos/Physics301-Fall2018-NL-RC/Lab9/Lab9/Exp7/Exp7.vhf sub00/vhpl25 1542325829
EN dcm_50m NULL /home/nick/git-repos/Physics301-Fall2018-NL-RC/goodies/DCM_50M.vhd sub00/vhpl38 1542325800
AR m4_1e_mxilinx_bytex4mux behavioral /home/nick/git-repos/Physics301-Fall2018-NL-RC/Lab9/Lab9/Exp7/Bytex4MUX.vhf sub00/vhpl03 1542325807
EN muxc_muser_exp7 NULL /home/nick/git-repos/Physics301-Fall2018-NL-RC/Lab9/Lab9/Exp7/Exp7.vhf sub00/vhpl12 1542325816
EN m2_1_mxilinx_exp7 NULL /home/nick/git-repos/Physics301-Fall2018-NL-RC/Lab9/Lab9/Exp7/Exp7.vhf sub00/vhpl20 1542325824
EN displaymodule NULL /home/nick/git-repos/Physics301-Fall2018-NL-RC/Lab9/Lab9/Exp7/DisplayModule.vhf sub00/vhpl10 1542325814
EN d4_16e_mxilinx_exp7 NULL /home/nick/git-repos/Physics301-Fall2018-NL-RC/Lab9/Lab9/Exp7/Exp7.vhf sub00/vhpl26 1542325830
AR ftclex_mxilinx_exp7 behavioral /home/nick/git-repos/Physics301-Fall2018-NL-RC/Lab9/Lab9/Exp7/Exp7.vhf sub00/vhpl23 1542325827
EN exp7 NULL /home/nick/git-repos/Physics301-Fall2018-NL-RC/Lab9/Lab9/Exp7/Exp7.vhf sub00/vhpl28 1542325832
AR muxc behavioral /home/nick/git-repos/Physics301-Fall2018-NL-RC/Lab9/Lab9/Exp7/muxC.vhf sub00/vhpl31 1542325835
EN ssd_1dig NULL /home/nick/git-repos/Physics301-Fall2018-NL-RC/goodies/SSD_1dig.vhd sub00/vhpl36 1542325798
EN sel_strobeb NULL /home/nick/git-repos/Physics301-Fall2018-NL-RC/goodies/sel_strobeB.vhd sub00/vhpl40 1542325802
EN adsu8_mxilinx_exp7 NULL /home/nick/git-repos/Physics301-Fall2018-NL-RC/Lab9/Lab9/Exp7/Exp7.vhf sub00/vhpl16 1542325820
AR fd8ce_mxilinx_exp7 behavioral /home/nick/git-repos/Physics301-Fall2018-NL-RC/Lab9/Lab9/Exp7/Exp7.vhf sub00/vhpl15 1542325819
AR muxa behavioral /home/nick/git-repos/Physics301-Fall2018-NL-RC/Lab9/Lab9/Exp7/muxA.vhf sub00/vhpl09 1542325813
EN m2_1b1_mxilinx_exp7 NULL /home/nick/git-repos/Physics301-Fall2018-NL-RC/Lab9/Lab9/Exp7/Exp7.vhf sub00/vhpl18 1542325822
AR bytex4mux behavioral /home/nick/git-repos/Physics301-Fall2018-NL-RC/Lab9/Lab9/Exp7/Bytex4MUX.vhf sub00/vhpl05 1542325809
AR mux4ssd behavioral /home/nick/git-repos/Physics301-Fall2018-NL-RC/goodies/mux4SSD.vhd sub00/vhpl35 1542325797
EN m2_1_mxilinx_muxa NULL /home/nick/git-repos/Physics301-Fall2018-NL-RC/Lab9/Lab9/Exp7/muxA.vhf sub00/vhpl06 1542325810
EN fd8ce_mxilinx_exp7 NULL /home/nick/git-repos/Physics301-Fall2018-NL-RC/Lab9/Lab9/Exp7/Exp7.vhf sub00/vhpl14 1542325818
EN muxa NULL /home/nick/git-repos/Physics301-Fall2018-NL-RC/Lab9/Lab9/Exp7/muxA.vhf sub00/vhpl08 1542325812
EN muxc NULL /home/nick/git-repos/Physics301-Fall2018-NL-RC/Lab9/Lab9/Exp7/muxC.vhf sub00/vhpl30 1542325834
AR m2_1_mxilinx_exp7 behavioral /home/nick/git-repos/Physics301-Fall2018-NL-RC/Lab9/Lab9/Exp7/Exp7.vhf sub00/vhpl21 1542325825
AR displaymodule behavioral /home/nick/git-repos/Physics301-Fall2018-NL-RC/Lab9/Lab9/Exp7/DisplayModule.vhf sub00/vhpl11 1542325815
AR d4_16e_mxilinx_exp7 behavioral /home/nick/git-repos/Physics301-Fall2018-NL-RC/Lab9/Lab9/Exp7/Exp7.vhf sub00/vhpl27 1542325831
EN bin2bcd3en NULL /home/nick/git-repos/Physics301-Fall2018-NL-RC/goodies/bin2BCD3en.vhd sub00/vhpl32 1542325794
AR ssd_1dig behavioral /home/nick/git-repos/Physics301-Fall2018-NL-RC/goodies/SSD_1dig.vhd sub00/vhpl37 1542325799
AR sel_strobeb behavioral /home/nick/git-repos/Physics301-Fall2018-NL-RC/goodies/sel_strobeB.vhd sub00/vhpl41 1542325803
EN mux4ssd NULL /home/nick/git-repos/Physics301-Fall2018-NL-RC/goodies/mux4SSD.vhd sub00/vhpl34 1542325796
EN m4_1e_mxilinx_bytex4mux NULL /home/nick/git-repos/Physics301-Fall2018-NL-RC/Lab9/Lab9/Exp7/Bytex4MUX.vhf sub00/vhpl02 1542325806
AR exp7 behavioral /home/nick/git-repos/Physics301-Fall2018-NL-RC/Lab9/Lab9/Exp7/Exp7.vhf sub00/vhpl29 1542325833
AR m2_1e_mxilinx_bytex4mux behavioral /home/nick/git-repos/Physics301-Fall2018-NL-RC/Lab9/Lab9/Exp7/Bytex4MUX.vhf sub00/vhpl01 1542325805
AR m2_1b1_mxilinx_exp7 behavioral /home/nick/git-repos/Physics301-Fall2018-NL-RC/Lab9/Lab9/Exp7/Exp7.vhf sub00/vhpl19 1542325823
EN ftclex_mxilinx_exp7 NULL /home/nick/git-repos/Physics301-Fall2018-NL-RC/Lab9/Lab9/Exp7/Exp7.vhf sub00/vhpl22 1542325826
AR adsu8_mxilinx_exp7 behavioral /home/nick/git-repos/Physics301-Fall2018-NL-RC/Lab9/Lab9/Exp7/Exp7.vhf sub00/vhpl17 1542325821
EN cb4cled_mxilinx_exp7 NULL /home/nick/git-repos/Physics301-Fall2018-NL-RC/Lab9/Lab9/Exp7/Exp7.vhf sub00/vhpl24 1542325828
EN m2_1e_mxilinx_bytex4mux NULL /home/nick/git-repos/Physics301-Fall2018-NL-RC/Lab9/Lab9/Exp7/Bytex4MUX.vhf sub00/vhpl00 1542325804
AR bin2bcd3en behavioral /home/nick/git-repos/Physics301-Fall2018-NL-RC/goodies/bin2BCD3en.vhd sub00/vhpl33 1542325795
AR muxc_muser_exp7 behavioral /home/nick/git-repos/Physics301-Fall2018-NL-RC/Lab9/Lab9/Exp7/Exp7.vhf sub00/vhpl13 1542325817
AR m2_1_mxilinx_muxa behavioral /home/nick/git-repos/Physics301-Fall2018-NL-RC/Lab9/Lab9/Exp7/muxA.vhf sub00/vhpl07 1542325811
EN bytex4mux NULL /home/nick/git-repos/Physics301-Fall2018-NL-RC/Lab9/Lab9/Exp7/Bytex4MUX.vhf sub00/vhpl04 1542325808
AR dcm_50m behavioral /home/nick/git-repos/Physics301-Fall2018-NL-RC/goodies/DCM_50M.vhd sub00/vhpl39 1542325801
